Command line invocation:
    /Applications/Xcode.app/Contents/Developer/usr/bin/xcodebuild build -project AulaCRM.xcodeproj -scheme AulaCRM -destination "generic/platform=iOS Simulator"

2026-05-05 20:54:03.954 xcodebuild[42598:24108850] [MT] IDERunDestination: Supported platforms for the buildables in the current scheme is empty.
ComputePackagePrebuildTargetDependencyGraph

Prepare packages

CreateBuildRequest

SendProjectDescription

CreateBuildOperation

ComputeTargetDependencyGraph
note: Building targets in dependency order
note: Target dependency graph (1 target)
    Target 'AulaCRM' in project 'AulaCRM' (no dependencies)

GatherProvisioningInputs

CreateBuildDescription

ExecuteExternalTool /Applications/Xcode.app/Contents/Developer/Toolchains/XcodeDefault.xctoolchain/usr/bin/clang -v -E -dM -isysroot /Applications/Xcode.app/Contents/Developer/Platforms/iPhoneSimulator.platform/Developer/SDKs/iPhoneSimulator26.1.sdk -x c -c /dev/null

ExecuteExternalTool /Applications/Xcode.app/Contents/Developer/usr/bin/ibtool --version --output-format xml1

ExecuteExternalTool /Applications/Xcode.app/Contents/Developer/usr/bin/momc --dry-run --action generate --swift-version 5.0 --sdkroot /Applications/Xcode.app/Contents/Developer/Platforms/iPhoneSimulator.platform/Developer/SDKs/iPhoneSimulator26.1.sdk --iphonesimulator-deployment-target 26.1 --module AulaCRM /Users/arturo/Desktop/Aula_CRM/AulaCRM/AulaCRM/AulaCRM.xcdatamodeld /Users/arturo/Library/Developer/Xcode/DerivedData/AulaCRM-bupnftqbynphepejtxbugmlyzijp/Build/Intermediates.noindex/AulaCRM.build/Debug-iphonesimulator/AulaCRM.build/DerivedSources/CoreDataGenerated/AulaCRM

ExecuteExternalTool /Applications/Xcode.app/Contents/Developer/usr/bin/actool --print-asset-tag-combinations --output-format xml1 /Users/arturo/Desktop/Aula_CRM/AulaCRM/AulaCRM/Assets.xcassets

ExecuteExternalTool /Applications/Xcode.app/Contents/Developer/usr/bin/actool --version --output-format xml1

ExecuteExternalTool /Applications/Xcode.app/Contents/Developer/Toolchains/XcodeDefault.xctoolchain/usr/bin/swiftc --version

ExecuteExternalTool /Applications/Xcode.app/Contents/Developer/Toolchains/XcodeDefault.xctoolchain/usr/bin/ld -version_details

Build description signature: a9f27eb5c74ff9165a454e42f5ee986b
Build description path: /Users/arturo/Library/Developer/Xcode/DerivedData/AulaCRM-bupnftqbynphepejtxbugmlyzijp/Build/Intermediates.noindex/XCBuildData/a9f27eb5c74ff9165a454e42f5ee986b.xcbuilddata
ClangStatCache /Applications/Xcode.app/Contents/Developer/Toolchains/XcodeDefault.xctoolchain/usr/bin/clang-stat-cache /Applications/Xcode.app/Contents/Developer/Platforms/iPhoneSimulator.platform/Developer/SDKs/iPhoneSimulator26.1.sdk /Users/arturo/Library/Developer/Xcode/DerivedData/SDKStatCaches.noindex/iphonesimulator26.1-23B77-90cf18a4295e390e64c810bc6bd7acbc.sdkstatcache
    cd /Users/arturo/Desktop/Aula_CRM/AulaCRM/AulaCRM.xcodeproj
    /Applications/Xcode.app/Contents/Developer/Toolchains/XcodeDefault.xctoolchain/usr/bin/clang-stat-cache /Applications/Xcode.app/Contents/Developer/Platforms/iPhoneSimulator.platform/Developer/SDKs/iPhoneSimulator26.1.sdk -o /Users/arturo/Library/Developer/Xcode/DerivedData/SDKStatCaches.noindex/iphonesimulator26.1-23B77-90cf18a4295e390e64c810bc6bd7acbc.sdkstatcache
Base directory status changed. Regenerating...

CreateBuildDirectory /Users/arturo/Library/Developer/Xcode/DerivedData/AulaCRM-bupnftqbynphepejtxbugmlyzijp/Build/Intermediates.noindex/EagerLinkingTBDs/Debug-iphonesimulator
    cd /Users/arturo/Desktop/Aula_CRM/AulaCRM/AulaCRM.xcodeproj
    builtin-create-build-directory /Users/arturo/Library/Developer/Xcode/DerivedData/AulaCRM-bupnftqbynphepejtxbugmlyzijp/Build/Intermediates.noindex/EagerLinkingTBDs/Debug-iphonesimulator

CreateBuildDirectory /Users/arturo/Library/Developer/Xcode/DerivedData/AulaCRM-bupnftqbynphepejtxbugmlyzijp/Build/Products/Debug-iphonesimulator
    cd /Users/arturo/Desktop/Aula_CRM/AulaCRM/AulaCRM.xcodeproj
    builtin-create-build-directory /Users/arturo/Library/Developer/Xcode/DerivedData/AulaCRM-bupnftqbynphepejtxbugmlyzijp/Build/Products/Debug-iphonesimulator

WriteAuxiliaryFile /Users/arturo/Library/Developer/Xcode/DerivedData/AulaCRM-bupnftqbynphepejtxbugmlyzijp/Build/Intermediates.noindex/AulaCRM.build/Debug-iphonesimulator/AulaCRM-7aa779fac6ffd40977a18cc444f72a39-VFS-iphonesimulator/all-product-headers.yaml
    cd /Users/arturo/Desktop/Aula_CRM/AulaCRM/AulaCRM.xcodeproj
    write-file /Users/arturo/Library/Developer/Xcode/DerivedData/AulaCRM-bupnftqbynphepejtxbugmlyzijp/Build/Intermediates.noindex/AulaCRM.build/Debug-iphonesimulator/AulaCRM-7aa779fac6ffd40977a18cc444f72a39-VFS-iphonesimulator/all-product-headers.yaml

WriteAuxiliaryFile /Users/arturo/Library/Developer/Xcode/DerivedData/AulaCRM-bupnftqbynphepejtxbugmlyzijp/Build/Intermediates.noindex/AulaCRM.build/Debug-iphonesimulator/AulaCRM.build/Objects-normal/x86_64/AulaCRM.LinkFileList (in target 'AulaCRM' from project 'AulaCRM')
    cd /Users/arturo/Desktop/Aula_CRM/AulaCRM
    write-file /Users/arturo/Library/Developer/Xcode/DerivedData/AulaCRM-bupnftqbynphepejtxbugmlyzijp/Build/Intermediates.noindex/AulaCRM.build/Debug-iphonesimulator/AulaCRM.build/Objects-normal/x86_64/AulaCRM.LinkFileList

WriteAuxiliaryFile /Users/arturo/Library/Developer/Xcode/DerivedData/AulaCRM-bupnftqbynphepejtxbugmlyzijp/Build/Intermediates.noindex/AulaCRM.build/Debug-iphonesimulator/AulaCRM.build/Objects-normal/arm64/AulaCRM.SwiftConstValuesFileList (in target 'AulaCRM' from project 'AulaCRM')
    cd /Users/arturo/Desktop/Aula_CRM/AulaCRM
    write-file /Users/arturo/Library/Developer/Xcode/DerivedData/AulaCRM-bupnftqbynphepejtxbugmlyzijp/Build/Intermediates.noindex/AulaCRM.build/Debug-iphonesimulator/AulaCRM.build/Objects-normal/arm64/AulaCRM.SwiftConstValuesFileList

WriteAuxiliaryFile /Users/arturo/Library/Developer/Xcode/DerivedData/AulaCRM-bupnftqbynphepejtxbugmlyzijp/Build/Intermediates.noindex/AulaCRM.build/Debug-iphonesimulator/AulaCRM.build/Objects-normal/x86_64/AulaCRM.SwiftConstValuesFileList (in target 'AulaCRM' from project 'AulaCRM')
    cd /Users/arturo/Desktop/Aula_CRM/AulaCRM
    write-file /Users/arturo/Library/Developer/Xcode/DerivedData/AulaCRM-bupnftqbynphepejtxbugmlyzijp/Build/Intermediates.noindex/AulaCRM.build/Debug-iphonesimulator/AulaCRM.build/Objects-normal/x86_64/AulaCRM.SwiftConstValuesFileList

WriteAuxiliaryFile /Users/arturo/Library/Developer/Xcode/DerivedData/AulaCRM-bupnftqbynphepejtxbugmlyzijp/Build/Intermediates.noindex/AulaCRM.build/Debug-iphonesimulator/AulaCRM.build/Objects-normal/arm64/AulaCRM_const_extract_protocols.json (in target 'AulaCRM' from project 'AulaCRM')
    cd /Users/arturo/Desktop/Aula_CRM/AulaCRM
    write-file /Users/arturo/Library/Developer/Xcode/DerivedData/AulaCRM-bupnftqbynphepejtxbugmlyzijp/Build/Intermediates.noindex/AulaCRM.build/Debug-iphonesimulator/AulaCRM.build/Objects-normal/arm64/AulaCRM_const_extract_protocols.json

WriteAuxiliaryFile /Users/arturo/Library/Developer/Xcode/DerivedData/AulaCRM-bupnftqbynphepejtxbugmlyzijp/Build/Intermediates.noindex/AulaCRM.build/Debug-iphonesimulator/AulaCRM.build/Objects-normal/arm64/AulaCRM.LinkFileList (in target 'AulaCRM' from project 'AulaCRM')
    cd /Users/arturo/Desktop/Aula_CRM/AulaCRM
    write-file /Users/arturo/Library/Developer/Xcode/DerivedData/AulaCRM-bupnftqbynphepejtxbugmlyzijp/Build/Intermediates.noindex/AulaCRM.build/Debug-iphonesimulator/AulaCRM.build/Objects-normal/arm64/AulaCRM.LinkFileList

WriteAuxiliaryFile /Users/arturo/Library/Developer/Xcode/DerivedData/AulaCRM-bupnftqbynphepejtxbugmlyzijp/Build/Intermediates.noindex/AulaCRM.build/Debug-iphonesimulator/AulaCRM.build/Objects-normal/arm64/AulaCRM.SwiftFileList (in target 'AulaCRM' from project 'AulaCRM')
    cd /Users/arturo/Desktop/Aula_CRM/AulaCRM
    write-file /Users/arturo/Library/Developer/Xcode/DerivedData/AulaCRM-bupnftqbynphepejtxbugmlyzijp/Build/Intermediates.noindex/AulaCRM.build/Debug-iphonesimulator/AulaCRM.build/Objects-normal/arm64/AulaCRM.SwiftFileList

WriteAuxiliaryFile /Users/arturo/Library/Developer/Xcode/DerivedData/AulaCRM-bupnftqbynphepejtxbugmlyzijp/Build/Intermediates.noindex/AulaCRM.build/Debug-iphonesimulator/AulaCRM.build/Objects-normal/x86_64/AulaCRM-OutputFileMap.json (in target 'AulaCRM' from project 'AulaCRM')
    cd /Users/arturo/Desktop/Aula_CRM/AulaCRM
    write-file /Users/arturo/Library/Developer/Xcode/DerivedData/AulaCRM-bupnftqbynphepejtxbugmlyzijp/Build/Intermediates.noindex/AulaCRM.build/Debug-iphonesimulator/AulaCRM.build/Objects-normal/x86_64/AulaCRM-OutputFileMap.json

WriteAuxiliaryFile /Users/arturo/Library/Developer/Xcode/DerivedData/AulaCRM-bupnftqbynphepejtxbugmlyzijp/Build/Intermediates.noindex/AulaCRM.build/Debug-iphonesimulator/AulaCRM.build/Objects-normal/x86_64/AulaCRM_const_extract_protocols.json (in target 'AulaCRM' from project 'AulaCRM')
    cd /Users/arturo/Desktop/Aula_CRM/AulaCRM
    write-file /Users/arturo/Library/Developer/Xcode/DerivedData/AulaCRM-bupnftqbynphepejtxbugmlyzijp/Build/Intermediates.noindex/AulaCRM.build/Debug-iphonesimulator/AulaCRM.build/Objects-normal/x86_64/AulaCRM_const_extract_protocols.json

WriteAuxiliaryFile /Users/arturo/Library/Developer/Xcode/DerivedData/AulaCRM-bupnftqbynphepejtxbugmlyzijp/Build/Intermediates.noindex/AulaCRM.build/Debug-iphonesimulator/AulaCRM.build/Objects-normal/x86_64/AulaCRM.SwiftFileList (in target 'AulaCRM' from project 'AulaCRM')
    cd /Users/arturo/Desktop/Aula_CRM/AulaCRM
    write-file /Users/arturo/Library/Developer/Xcode/DerivedData/AulaCRM-bupnftqbynphepejtxbugmlyzijp/Build/Intermediates.noindex/AulaCRM.build/Debug-iphonesimulator/AulaCRM.build/Objects-normal/x86_64/AulaCRM.SwiftFileList

WriteAuxiliaryFile /Users/arturo/Library/Developer/Xcode/DerivedData/AulaCRM-bupnftqbynphepejtxbugmlyzijp/Build/Intermediates.noindex/AulaCRM.build/Debug-iphonesimulator/AulaCRM.build/Objects-normal/arm64/AulaCRM-OutputFileMap.json (in target 'AulaCRM' from project 'AulaCRM')
    cd /Users/arturo/Desktop/Aula_CRM/AulaCRM
    write-file /Users/arturo/Library/Developer/Xcode/DerivedData/AulaCRM-bupnftqbynphepejtxbugmlyzijp/Build/Intermediates.noindex/AulaCRM.build/Debug-iphonesimulator/AulaCRM.build/Objects-normal/arm64/AulaCRM-OutputFileMap.json

WriteAuxiliaryFile /Users/arturo/Library/Developer/Xcode/DerivedData/AulaCRM-bupnftqbynphepejtxbugmlyzijp/Build/Intermediates.noindex/AulaCRM.build/Debug-iphonesimulator/AulaCRM.build/AulaCRM.hmap (in target 'AulaCRM' from project 'AulaCRM')
    cd /Users/arturo/Desktop/Aula_CRM/AulaCRM
    write-file /Users/arturo/Library/Developer/Xcode/DerivedData/AulaCRM-bupnftqbynphepejtxbugmlyzijp/Build/Intermediates.noindex/AulaCRM.build/Debug-iphonesimulator/AulaCRM.build/AulaCRM.hmap

WriteAuxiliaryFile /Users/arturo/Library/Developer/Xcode/DerivedData/AulaCRM-bupnftqbynphepejtxbugmlyzijp/Build/Intermediates.noindex/AulaCRM.build/Debug-iphonesimulator/AulaCRM.build/DerivedSources/Entitlements-Simulated.plist (in target 'AulaCRM' from project 'AulaCRM')
    cd /Users/arturo/Desktop/Aula_CRM/AulaCRM
    write-file /Users/arturo/Library/Developer/Xcode/DerivedData/AulaCRM-bupnftqbynphepejtxbugmlyzijp/Build/Intermediates.noindex/AulaCRM.build/Debug-iphonesimulator/AulaCRM.build/DerivedSources/Entitlements-Simulated.plist

WriteAuxiliaryFile /Users/arturo/Library/Developer/Xcode/DerivedData/AulaCRM-bupnftqbynphepejtxbugmlyzijp/Build/Intermediates.noindex/AulaCRM.build/Debug-iphonesimulator/AulaCRM.build/AulaCRM.DependencyStaticMetadataFileList (in target 'AulaCRM' from project 'AulaCRM')
    cd /Users/arturo/Desktop/Aula_CRM/AulaCRM
    write-file /Users/arturo/Library/Developer/Xcode/DerivedData/AulaCRM-bupnftqbynphepejtxbugmlyzijp/Build/Intermediates.noindex/AulaCRM.build/Debug-iphonesimulator/AulaCRM.build/AulaCRM.DependencyStaticMetadataFileList

WriteAuxiliaryFile /Users/arturo/Library/Developer/Xcode/DerivedData/AulaCRM-bupnftqbynphepejtxbugmlyzijp/Build/Intermediates.noindex/AulaCRM.build/Debug-iphonesimulator/AulaCRM.build/AulaCRM.DependencyMetadataFileList (in target 'AulaCRM' from project 'AulaCRM')
    cd /Users/arturo/Desktop/Aula_CRM/AulaCRM
    write-file /Users/arturo/Library/Developer/Xcode/DerivedData/AulaCRM-bupnftqbynphepejtxbugmlyzijp/Build/Intermediates.noindex/AulaCRM.build/Debug-iphonesimulator/AulaCRM.build/AulaCRM.DependencyMetadataFileList

WriteAuxiliaryFile /Users/arturo/Library/Developer/Xcode/DerivedData/AulaCRM-bupnftqbynphepejtxbugmlyzijp/Build/Intermediates.noindex/AulaCRM.build/Debug-iphonesimulator/AulaCRM.build/AulaCRM-project-headers.hmap (in target 'AulaCRM' from project 'AulaCRM')
    cd /Users/arturo/Desktop/Aula_CRM/AulaCRM
    write-file /Users/arturo/Library/Developer/Xcode/DerivedData/AulaCRM-bupnftqbynphepejtxbugmlyzijp/Build/Intermediates.noindex/AulaCRM.build/Debug-iphonesimulator/AulaCRM.build/AulaCRM-project-headers.hmap

WriteAuxiliaryFile /Users/arturo/Library/Developer/Xcode/DerivedData/AulaCRM-bupnftqbynphepejtxbugmlyzijp/Build/Intermediates.noindex/AulaCRM.build/Debug-iphonesimulator/AulaCRM.build/AulaCRM-own-target-headers.hmap (in target 'AulaCRM' from project 'AulaCRM')
    cd /Users/arturo/Desktop/Aula_CRM/AulaCRM
    write-file /Users/arturo/Library/Developer/Xcode/DerivedData/AulaCRM-bupnftqbynphepejtxbugmlyzijp/Build/Intermediates.noindex/AulaCRM.build/Debug-iphonesimulator/AulaCRM.build/AulaCRM-own-target-headers.hmap

WriteAuxiliaryFile /Users/arturo/Library/Developer/Xcode/DerivedData/AulaCRM-bupnftqbynphepejtxbugmlyzijp/Build/Intermediates.noindex/AulaCRM.build/Debug-iphonesimulator/AulaCRM.build/AulaCRM-generated-files.hmap (in target 'AulaCRM' from project 'AulaCRM')
    cd /Users/arturo/Desktop/Aula_CRM/AulaCRM
    write-file /Users/arturo/Library/Developer/Xcode/DerivedData/AulaCRM-bupnftqbynphepejtxbugmlyzijp/Build/Intermediates.noindex/AulaCRM.build/Debug-iphonesimulator/AulaCRM.build/AulaCRM-generated-files.hmap

WriteAuxiliaryFile /Users/arturo/Library/Developer/Xcode/DerivedData/AulaCRM-bupnftqbynphepejtxbugmlyzijp/Build/Intermediates.noindex/AulaCRM.build/Debug-iphonesimulator/AulaCRM.build/AulaCRM-all-target-headers.hmap (in target 'AulaCRM' from project 'AulaCRM')
    cd /Users/arturo/Desktop/Aula_CRM/AulaCRM
    write-file /Users/arturo/Library/Developer/Xcode/DerivedData/AulaCRM-bupnftqbynphepejtxbugmlyzijp/Build/Intermediates.noindex/AulaCRM.build/Debug-iphonesimulator/AulaCRM.build/AulaCRM-all-target-headers.hmap

WriteAuxiliaryFile /Users/arturo/Library/Developer/Xcode/DerivedData/AulaCRM-bupnftqbynphepejtxbugmlyzijp/Build/Intermediates.noindex/AulaCRM.build/Debug-iphonesimulator/AulaCRM.build/AulaCRM-all-non-framework-target-headers.hmap (in target 'AulaCRM' from project 'AulaCRM')
    cd /Users/arturo/Desktop/Aula_CRM/AulaCRM
    write-file /Users/arturo/Library/Developer/Xcode/DerivedData/AulaCRM-bupnftqbynphepejtxbugmlyzijp/Build/Intermediates.noindex/AulaCRM.build/Debug-iphonesimulator/AulaCRM.build/AulaCRM-all-non-framework-target-headers.hmap

WriteAuxiliaryFile /Users/arturo/Library/Developer/Xcode/DerivedData/AulaCRM-bupnftqbynphepejtxbugmlyzijp/Build/Intermediates.noindex/AulaCRM.build/Debug-iphonesimulator/AulaCRM.build/AulaCRM-DebugDylibPath-normal-x86_64.txt (in target 'AulaCRM' from project 'AulaCRM')
    cd /Users/arturo/Desktop/Aula_CRM/AulaCRM
    write-file /Users/arturo/Library/Developer/Xcode/DerivedData/AulaCRM-bupnftqbynphepejtxbugmlyzijp/Build/Intermediates.noindex/AulaCRM.build/Debug-iphonesimulator/AulaCRM.build/AulaCRM-DebugDylibPath-normal-x86_64.txt

WriteAuxiliaryFile /Users/arturo/Library/Developer/Xcode/DerivedData/AulaCRM-bupnftqbynphepejtxbugmlyzijp/Build/Intermediates.noindex/AulaCRM.build/Debug-iphonesimulator/AulaCRM.build/AulaCRM-DebugDylibPath-normal-arm64.txt (in target 'AulaCRM' from project 'AulaCRM')
    cd /Users/arturo/Desktop/Aula_CRM/AulaCRM
    write-file /Users/arturo/Library/Developer/Xcode/DerivedData/AulaCRM-bupnftqbynphepejtxbugmlyzijp/Build/Intermediates.noindex/AulaCRM.build/Debug-iphonesimulator/AulaCRM.build/AulaCRM-DebugDylibPath-normal-arm64.txt

WriteAuxiliaryFile /Users/arturo/Library/Developer/Xcode/DerivedData/AulaCRM-bupnftqbynphepejtxbugmlyzijp/Build/Intermediates.noindex/AulaCRM.build/Debug-iphonesimulator/AulaCRM.build/AulaCRM-DebugDylibInstallName-normal-x86_64.txt (in target 'AulaCRM' from project 'AulaCRM')
    cd /Users/arturo/Desktop/Aula_CRM/AulaCRM
    write-file /Users/arturo/Library/Developer/Xcode/DerivedData/AulaCRM-bupnftqbynphepejtxbugmlyzijp/Build/Intermediates.noindex/AulaCRM.build/Debug-iphonesimulator/AulaCRM.build/AulaCRM-DebugDylibInstallName-normal-x86_64.txt

WriteAuxiliaryFile /Users/arturo/Library/Developer/Xcode/DerivedData/AulaCRM-bupnftqbynphepejtxbugmlyzijp/Build/Intermediates.noindex/AulaCRM.build/Debug-iphonesimulator/AulaCRM.build/AulaCRM-DebugDylibInstallName-normal-arm64.txt (in target 'AulaCRM' from project 'AulaCRM')
    cd /Users/arturo/Desktop/Aula_CRM/AulaCRM
    write-file /Users/arturo/Library/Developer/Xcode/DerivedData/AulaCRM-bupnftqbynphepejtxbugmlyzijp/Build/Intermediates.noindex/AulaCRM.build/Debug-iphonesimulator/AulaCRM.build/AulaCRM-DebugDylibInstallName-normal-arm64.txt

MkDir /Users/arturo/Library/Developer/Xcode/DerivedData/AulaCRM-bupnftqbynphepejtxbugmlyzijp/Build/Products/Debug-iphonesimulator/AulaCRM.app (in target 'AulaCRM' from project 'AulaCRM')
    cd /Users/arturo/Desktop/Aula_CRM/AulaCRM
    /bin/mkdir -p /Users/arturo/Library/Developer/Xcode/DerivedData/AulaCRM-bupnftqbynphepejtxbugmlyzijp/Build/Products/Debug-iphonesimulator/AulaCRM.app

ProcessProductPackaging /Users/arturo/Desktop/Aula_CRM/AulaCRM/AulaCRM/AulaCRM.entitlements /Users/arturo/Library/Developer/Xcode/DerivedData/AulaCRM-bupnftqbynphepejtxbugmlyzijp/Build/Intermediates.noindex/AulaCRM.build/Debug-iphonesimulator/AulaCRM.build/AulaCRM.app-Simulated.xcent (in target 'AulaCRM' from project 'AulaCRM')
    cd /Users/arturo/Desktop/Aula_CRM/AulaCRM
    
    Entitlements:
    
    {
    "application-identifier" = "JFSEWX2XP6.itbook.AulaCRM.pro";
    "aps-environment" = development;
    "com.apple.developer.aps-environment" = development;
    "com.apple.developer.icloud-container-identifiers" =     (
        "iCloud.itbook.AulaCRM.pro"
    );
    "com.apple.developer.icloud-extended-share-access" =     (
    );
    "com.apple.developer.icloud-services" =     (
        CloudKit
    );
}
    
    builtin-productPackagingUtility /Users/arturo/Desktop/Aula_CRM/AulaCRM/AulaCRM/AulaCRM.entitlements -entitlements -format xml -o /Users/arturo/Library/Developer/Xcode/DerivedData/AulaCRM-bupnftqbynphepejtxbugmlyzijp/Build/Intermediates.noindex/AulaCRM.build/Debug-iphonesimulator/AulaCRM.build/AulaCRM.app-Simulated.xcent

ProcessProductPackaging /Users/arturo/Desktop/Aula_CRM/AulaCRM/AulaCRM/AulaCRM.entitlements /Users/arturo/Library/Developer/Xcode/DerivedData/AulaCRM-bupnftqbynphepejtxbugmlyzijp/Build/Intermediates.noindex/AulaCRM.build/Debug-iphonesimulator/AulaCRM.build/AulaCRM.app.xcent (in target 'AulaCRM' from project 'AulaCRM')
    cd /Users/arturo/Desktop/Aula_CRM/AulaCRM
    
    Entitlements:
    
    {
}
    
    builtin-productPackagingUtility /Users/arturo/Desktop/Aula_CRM/AulaCRM/AulaCRM/AulaCRM.entitlements -entitlements -format xml -o /Users/arturo/Library/Developer/Xcode/DerivedData/AulaCRM-bupnftqbynphepejtxbugmlyzijp/Build/Intermediates.noindex/AulaCRM.build/Debug-iphonesimulator/AulaCRM.build/AulaCRM.app.xcent

ProcessProductPackagingDER /Users/arturo/Library/Developer/Xcode/DerivedData/AulaCRM-bupnftqbynphepejtxbugmlyzijp/Build/Intermediates.noindex/AulaCRM.build/Debug-iphonesimulator/AulaCRM.build/AulaCRM.app.xcent /Users/arturo/Library/Developer/Xcode/DerivedData/AulaCRM-bupnftqbynphepejtxbugmlyzijp/Build/Intermediates.noindex/AulaCRM.build/Debug-iphonesimulator/AulaCRM.build/AulaCRM.app.xcent.der (in target 'AulaCRM' from project 'AulaCRM')
    cd /Users/arturo/Desktop/Aula_CRM/AulaCRM
    /usr/bin/derq query -f xml -i /Users/arturo/Library/Developer/Xcode/DerivedData/AulaCRM-bupnftqbynphepejtxbugmlyzijp/Build/Intermediates.noindex/AulaCRM.build/Debug-iphonesimulator/AulaCRM.build/AulaCRM.app.xcent -o /Users/arturo/Library/Developer/Xcode/DerivedData/AulaCRM-bupnftqbynphepejtxbugmlyzijp/Build/Intermediates.noindex/AulaCRM.build/Debug-iphonesimulator/AulaCRM.build/AulaCRM.app.xcent.der --raw

ProcessProductPackagingDER /Users/arturo/Library/Developer/Xcode/DerivedData/AulaCRM-bupnftqbynphepejtxbugmlyzijp/Build/Intermediates.noindex/AulaCRM.build/Debug-iphonesimulator/AulaCRM.build/AulaCRM.app-Simulated.xcent /Users/arturo/Library/Developer/Xcode/DerivedData/AulaCRM-bupnftqbynphepejtxbugmlyzijp/Build/Intermediates.noindex/AulaCRM.build/Debug-iphonesimulator/AulaCRM.build/AulaCRM.app-Simulated.xcent.der (in target 'AulaCRM' from project 'AulaCRM')
    cd /Users/arturo/Desktop/Aula_CRM/AulaCRM
    /usr/bin/derq query -f xml -i /Users/arturo/Library/Developer/Xcode/DerivedData/AulaCRM-bupnftqbynphepejtxbugmlyzijp/Build/Intermediates.noindex/AulaCRM.build/Debug-iphonesimulator/AulaCRM.build/AulaCRM.app-Simulated.xcent -o /Users/arturo/Library/Developer/Xcode/DerivedData/AulaCRM-bupnftqbynphepejtxbugmlyzijp/Build/Intermediates.noindex/AulaCRM.build/Debug-iphonesimulator/AulaCRM.build/AulaCRM.app-Simulated.xcent.der --raw

MkDir /Users/arturo/Library/Developer/Xcode/DerivedData/AulaCRM-bupnftqbynphepejtxbugmlyzijp/Build/Intermediates.noindex/AulaCRM.build/Debug-iphonesimulator/AulaCRM.build/assetcatalog_output/unthinned (in target 'AulaCRM' from project 'AulaCRM')
    cd /Users/arturo/Desktop/Aula_CRM/AulaCRM
    /bin/mkdir -p /Users/arturo/Library/Developer/Xcode/DerivedData/AulaCRM-bupnftqbynphepejtxbugmlyzijp/Build/Intermediates.noindex/AulaCRM.build/Debug-iphonesimulator/AulaCRM.build/assetcatalog_output/unthinned

MkDir /Users/arturo/Library/Developer/Xcode/DerivedData/AulaCRM-bupnftqbynphepejtxbugmlyzijp/Build/Intermediates.noindex/AulaCRM.build/Debug-iphonesimulator/AulaCRM.build/assetcatalog_output/thinned (in target 'AulaCRM' from project 'AulaCRM')
    cd /Users/arturo/Desktop/Aula_CRM/AulaCRM
    /bin/mkdir -p /Users/arturo/Library/Developer/Xcode/DerivedData/AulaCRM-bupnftqbynphepejtxbugmlyzijp/Build/Intermediates.noindex/AulaCRM.build/Debug-iphonesimulator/AulaCRM.build/assetcatalog_output/thinned

DataModelCompile /Users/arturo/Library/Developer/Xcode/DerivedData/AulaCRM-bupnftqbynphepejtxbugmlyzijp/Build/Products/Debug-iphonesimulator/AulaCRM.app/ /Users/arturo/Desktop/Aula_CRM/AulaCRM/AulaCRM/AulaCRM.xcdatamodeld (in target 'AulaCRM' from project 'AulaCRM')
    cd /Users/arturo/Desktop/Aula_CRM/AulaCRM
    /Applications/Xcode.app/Contents/Developer/usr/bin/momc --sdkroot /Applications/Xcode.app/Contents/Developer/Platforms/iPhoneSimulator.platform/Developer/SDKs/iPhoneSimulator26.1.sdk --iphonesimulator-deployment-target 26.1 --module AulaCRM /Users/arturo/Desktop/Aula_CRM/AulaCRM/AulaCRM/AulaCRM.xcdatamodeld /Users/arturo/Library/Developer/Xcode/DerivedData/AulaCRM-bupnftqbynphepejtxbugmlyzijp/Build/Products/Debug-iphonesimulator/AulaCRM.app/
AulaCRM.xcdatamodel: note: Model AulaCRM version checksum: Bw4Ezmvtw2Mgm6yfHGQJFD+DMY3qlCl8LwSRXwqvcxw=

Ld /Users/arturo/Library/Developer/Xcode/DerivedData/AulaCRM-bupnftqbynphepejtxbugmlyzijp/Build/Intermediates.noindex/AulaCRM.build/Debug-iphonesimulator/AulaCRM.build/Objects-normal/x86_64/Binary/__preview.dylib normal x86_64 (in target 'AulaCRM' from project 'AulaCRM')
    cd /Users/arturo/Desktop/Aula_CRM/AulaCRM
    /Applications/Xcode.app/Contents/Developer/Toolchains/XcodeDefault.xctoolchain/usr/bin/clang -Xlinker -reproducible -target x86_64-apple-ios26.1-simulator -dynamiclib -isysroot /Applications/Xcode.app/Contents/Developer/Platforms/iPhoneSimulator.platform/Developer/SDKs/iPhoneSimulator26.1.sdk -O0 -L/Users/arturo/Library/Developer/Xcode/DerivedData/AulaCRM-bupnftqbynphepejtxbugmlyzijp/Build/Products/Debug-iphonesimulator -L/Users/arturo/Desktop/Aula_CRM/AulaCRM/AulaCRM/.venv/lib/python3.11/site-packages/google/_upb -L/Users/arturo/Desktop/Aula_CRM/AulaCRM/AulaCRM/.venv/lib/python3.11/site-packages/pydantic_core -L/Users/arturo/Desktop/Aula_CRM/AulaCRM/AulaCRM/.venv/lib/python3.11/site-packages/cryptography/hazmat/bindings -L/Users/arturo/Desktop/Aula_CRM/AulaCRM/AulaRAG/.venv/lib/python3.11/site-packages/cryptography/hazmat/bindings -L/Users/arturo/Desktop/Aula_CRM/AulaCRM/AulaRAG/.venv/lib/python3.11/site-packages/google/_upb -L/Users/arturo/Desktop/Aula_CRM/AulaCRM/AulaRAG/.venv/lib/python3.11/site-packages/pydantic_core -F/Users/arturo/Library/Developer/Xcode/DerivedData/AulaCRM-bupnftqbynphepejtxbugmlyzijp/Build/Products/Debug-iphonesimulator -install_name @rpath/AulaCRM.debug.dylib -dead_strip -rdynamic -Xlinker -no_deduplicate -Xlinker -objc_abi_version -Xlinker 2 -Xlinker -dependency_info -Xlinker /Users/arturo/Library/Developer/Xcode/DerivedData/AulaCRM-bupnftqbynphepejtxbugmlyzijp/Build/Intermediates.noindex/AulaCRM.build/Debug-iphonesimulator/AulaCRM.build/Objects-normal/x86_64/AulaCRM_dependency_info.dat -Xlinker -sectcreate -Xlinker __TEXT -Xlinker __entitlements -Xlinker /Users/arturo/Library/Developer/Xcode/DerivedData/AulaCRM-bupnftqbynphepejtxbugmlyzijp/Build/Intermediates.noindex/AulaCRM.build/Debug-iphonesimulator/AulaCRM.build/AulaCRM.app-Simulated.xcent -Xlinker -sectcreate -Xlinker __TEXT -Xlinker __ents_der -Xlinker /Users/arturo/Library/Developer/Xcode/DerivedData/AulaCRM-bupnftqbynphepejtxbugmlyzijp/Build/Intermediates.noindex/AulaCRM.build/Debug-iphonesimulator/AulaCRM.build/AulaCRM.app-Simulated.xcent.der -Xlinker -no_adhoc_codesign -o /Users/arturo/Library/Developer/Xcode/DerivedData/AulaCRM-bupnftqbynphepejtxbugmlyzijp/Build/Intermediates.noindex/AulaCRM.build/Debug-iphonesimulator/AulaCRM.build/Objects-normal/x86_64/Binary/__preview.dylib
ld: warning: search path '/Users/arturo/Desktop/Aula_CRM/AulaCRM/AulaCRM/.venv/lib/python3.11/site-packages/google/_upb' not found
ld: warning: search path '/Users/arturo/Desktop/Aula_CRM/AulaCRM/AulaCRM/.venv/lib/python3.11/site-packages/pydantic_core' not found
ld: warning: search path '/Users/arturo/Desktop/Aula_CRM/AulaCRM/AulaCRM/.venv/lib/python3.11/site-packages/cryptography/hazmat/bindings' not found
ld: warning: search path '/Users/arturo/Desktop/Aula_CRM/AulaCRM/AulaRAG/.venv/lib/python3.11/site-packages/cryptography/hazmat/bindings' not found
ld: warning: search path '/Users/arturo/Desktop/Aula_CRM/AulaCRM/AulaRAG/.venv/lib/python3.11/site-packages/google/_upb' not found
ld: warning: search path '/Users/arturo/Desktop/Aula_CRM/AulaCRM/AulaRAG/.venv/lib/python3.11/site-packages/pydantic_core' not found

GenerateAssetSymbols /Users/arturo/Desktop/Aula_CRM/AulaCRM/AulaCRM/Assets.xcassets (in target 'AulaCRM' from project 'AulaCRM')
    cd /Users/arturo/Desktop/Aula_CRM/AulaCRM
    /Applications/Xcode.app/Contents/Developer/usr/bin/actool /Users/arturo/Desktop/Aula_CRM/AulaCRM/AulaCRM/Assets.xcassets --compile /Users/arturo/Library/Developer/Xcode/DerivedData/AulaCRM-bupnftqbynphepejtxbugmlyzijp/Build/Products/Debug-iphonesimulator/AulaCRM.app --output-format human-readable-text --notices --warnings --export-dependency-info /Users/arturo/Library/Developer/Xcode/DerivedData/AulaCRM-bupnftqbynphepejtxbugmlyzijp/Build/Intermediates.noindex/AulaCRM.build/Debug-iphonesimulator/AulaCRM.build/assetcatalog_dependencies --output-partial-info-plist /Users/arturo/Library/Developer/Xcode/DerivedData/AulaCRM-bupnftqbynphepejtxbugmlyzijp/Build/Intermediates.noindex/AulaCRM.build/Debug-iphonesimulator/AulaCRM.build/assetcatalog_generated_info.plist --app-icon AppIcon --accent-color AccentColor --compress-pngs --enable-on-demand-resources YES --development-region en --target-device iphone --minimum-deployment-target 26.1 --platform iphonesimulator --bundle-identifier itbook.AulaCRM.pro --generate-swift-asset-symbols /Users/arturo/Library/Developer/Xcode/DerivedData/AulaCRM-bupnftqbynphepejtxbugmlyzijp/Build/Intermediates.noindex/AulaCRM.build/Debug-iphonesimulator/AulaCRM.build/DerivedSources/GeneratedAssetSymbols.swift --generate-objc-asset-symbols /Users/arturo/Library/Developer/Xcode/DerivedData/AulaCRM-bupnftqbynphepejtxbugmlyzijp/Build/Intermediates.noindex/AulaCRM.build/Debug-iphonesimulator/AulaCRM.build/DerivedSources/GeneratedAssetSymbols.h --generate-asset-symbol-index /Users/arturo/Library/Developer/Xcode/DerivedData/AulaCRM-bupnftqbynphepejtxbugmlyzijp/Build/Intermediates.noindex/AulaCRM.build/Debug-iphonesimulator/AulaCRM.build/DerivedSources/GeneratedAssetSymbols-Index.plist
/* com.apple.actool.document.warnings */
/Users/arturo/Desktop/Aula_CRM/AulaCRM/AulaCRM/Assets.xcassets:./logo_aula.imageset/[universal][][][1x][][][][][][][][][][]: warning: The file "logo_aula.png" for the image set "logo_aula" does not exist.
/Users/arturo/Desktop/Aula_CRM/AulaCRM/AulaCRM/Assets.xcassets:./logo_aula.imageset/[universal][][][1x][][][][][][][][][][]: warning: The file "logo_aula.png" for the image set "logo_aula" does not exist.
/* com.apple.actool.compilation-results */
/Users/arturo/Library/Developer/Xcode/DerivedData/AulaCRM-bupnftqbynphepejtxbugmlyzijp/Build/Intermediates.noindex/AulaCRM.build/Debug-iphonesimulator/AulaCRM.build/DerivedSources/GeneratedAssetSymbols-Index.plist
/Users/arturo/Library/Developer/Xcode/DerivedData/AulaCRM-bupnftqbynphepejtxbugmlyzijp/Build/Intermediates.noindex/AulaCRM.build/Debug-iphonesimulator/AulaCRM.build/DerivedSources/GeneratedAssetSymbols.h
/Users/arturo/Library/Developer/Xcode/DerivedData/AulaCRM-bupnftqbynphepejtxbugmlyzijp/Build/Intermediates.noindex/AulaCRM.build/Debug-iphonesimulator/AulaCRM.build/DerivedSources/GeneratedAssetSymbols.swift


CpResource /Users/arturo/Library/Developer/Xcode/DerivedData/AulaCRM-bupnftqbynphepejtxbugmlyzijp/Build/Products/Debug-iphonesimulator/AulaCRM.app/producto.csv /Users/arturo/Desktop/Aula_CRM/AulaCRM/AulaCRM/producto.csv (in target 'AulaCRM' from project 'AulaCRM')
    cd /Users/arturo/Desktop/Aula_CRM/AulaCRM
    builtin-copy -exclude .DS_Store -exclude CVS -exclude .svn -exclude .git -exclude .hg -resolve-src-symlinks /Users/arturo/Desktop/Aula_CRM/AulaCRM/AulaCRM/producto.csv /Users/arturo/Library/Developer/Xcode/DerivedData/AulaCRM-bupnftqbynphepejtxbugmlyzijp/Build/Products/Debug-iphonesimulator/AulaCRM.app

Ld /Users/arturo/Library/Developer/Xcode/DerivedData/AulaCRM-bupnftqbynphepejtxbugmlyzijp/Build/Intermediates.noindex/AulaCRM.build/Debug-iphonesimulator/AulaCRM.build/Objects-normal/arm64/Binary/__preview.dylib normal arm64 (in target 'AulaCRM' from project 'AulaCRM')
    cd /Users/arturo/Desktop/Aula_CRM/AulaCRM
    /Applications/Xcode.app/Contents/Developer/Toolchains/XcodeDefault.xctoolchain/usr/bin/clang -Xlinker -reproducible -target arm64-apple-ios26.1-simulator -dynamiclib -isysroot /Applications/Xcode.app/Contents/Developer/Platforms/iPhoneSimulator.platform/Developer/SDKs/iPhoneSimulator26.1.sdk -O0 -L/Users/arturo/Library/Developer/Xcode/DerivedData/AulaCRM-bupnftqbynphepejtxbugmlyzijp/Build/Products/Debug-iphonesimulator -L/Users/arturo/Desktop/Aula_CRM/AulaCRM/AulaCRM/.venv/lib/python3.11/site-packages/google/_upb -L/Users/arturo/Desktop/Aula_CRM/AulaCRM/AulaCRM/.venv/lib/python3.11/site-packages/pydantic_core -L/Users/arturo/Desktop/Aula_CRM/AulaCRM/AulaCRM/.venv/lib/python3.11/site-packages/cryptography/hazmat/bindings -L/Users/arturo/Desktop/Aula_CRM/AulaCRM/AulaRAG/.venv/lib/python3.11/site-packages/cryptography/hazmat/bindings -L/Users/arturo/Desktop/Aula_CRM/AulaCRM/AulaRAG/.venv/lib/python3.11/site-packages/google/_upb -L/Users/arturo/Desktop/Aula_CRM/AulaCRM/AulaRAG/.venv/lib/python3.11/site-packages/pydantic_core -F/Users/arturo/Library/Developer/Xcode/DerivedData/AulaCRM-bupnftqbynphepejtxbugmlyzijp/Build/Products/Debug-iphonesimulator -install_name @rpath/AulaCRM.debug.dylib -dead_strip -rdynamic -Xlinker -no_deduplicate -Xlinker -objc_abi_version -Xlinker 2 -Xlinker -dependency_info -Xlinker /Users/arturo/Library/Developer/Xcode/DerivedData/AulaCRM-bupnftqbynphepejtxbugmlyzijp/Build/Intermediates.noindex/AulaCRM.build/Debug-iphonesimulator/AulaCRM.build/Objects-normal/arm64/AulaCRM_dependency_info.dat -Xlinker -sectcreate -Xlinker __TEXT -Xlinker __entitlements -Xlinker /Users/arturo/Library/Developer/Xcode/DerivedData/AulaCRM-bupnftqbynphepejtxbugmlyzijp/Build/Intermediates.noindex/AulaCRM.build/Debug-iphonesimulator/AulaCRM.build/AulaCRM.app-Simulated.xcent -Xlinker -sectcreate -Xlinker __TEXT -Xlinker __ents_der -Xlinker /Users/arturo/Library/Developer/Xcode/DerivedData/AulaCRM-bupnftqbynphepejtxbugmlyzijp/Build/Intermediates.noindex/AulaCRM.build/Debug-iphonesimulator/AulaCRM.build/AulaCRM.app-Simulated.xcent.der -Xlinker -no_adhoc_codesign -o /Users/arturo/Library/Developer/Xcode/DerivedData/AulaCRM-bupnftqbynphepejtxbugmlyzijp/Build/Intermediates.noindex/AulaCRM.build/Debug-iphonesimulator/AulaCRM.build/Objects-normal/arm64/Binary/__preview.dylib
ld: warning: search path '/Users/arturo/Desktop/Aula_CRM/AulaCRM/AulaCRM/.venv/lib/python3.11/site-packages/google/_upb' not found
ld: warning: search path '/Users/arturo/Desktop/Aula_CRM/AulaCRM/AulaCRM/.venv/lib/python3.11/site-packages/pydantic_core' not found
ld: warning: search path '/Users/arturo/Desktop/Aula_CRM/AulaCRM/AulaCRM/.venv/lib/python3.11/site-packages/cryptography/hazmat/bindings' not found
ld: warning: search path '/Users/arturo/Desktop/Aula_CRM/AulaCRM/AulaRAG/.venv/lib/python3.11/site-packages/cryptography/hazmat/bindings' not found
ld: warning: search path '/Users/arturo/Desktop/Aula_CRM/AulaCRM/AulaRAG/.venv/lib/python3.11/site-packages/google/_upb' not found
ld: warning: search path '/Users/arturo/Desktop/Aula_CRM/AulaCRM/AulaRAG/.venv/lib/python3.11/site-packages/pydantic_core' not found

CpResource /Users/arturo/Library/Developer/Xcode/DerivedData/AulaCRM-bupnftqbynphepejtxbugmlyzijp/Build/Products/Debug-iphonesimulator/AulaCRM.app/contacto_borrar.csv /Users/arturo/Desktop/Aula_CRM/AulaCRM/AulaCRM/contacto_borrar.csv (in target 'AulaCRM' from project 'AulaCRM')
    cd /Users/arturo/Desktop/Aula_CRM/AulaCRM
    builtin-copy -exclude .DS_Store -exclude CVS -exclude .svn -exclude .git -exclude .hg -resolve-src-symlinks /Users/arturo/Desktop/Aula_CRM/AulaCRM/AulaCRM/contacto_borrar.csv /Users/arturo/Library/Developer/Xcode/DerivedData/AulaCRM-bupnftqbynphepejtxbugmlyzijp/Build/Products/Debug-iphonesimulator/AulaCRM.app

DataModelCodegen /Users/arturo/Desktop/Aula_CRM/AulaCRM/AulaCRM/AulaCRM.xcdatamodeld (in target 'AulaCRM' from project 'AulaCRM')
    cd /Users/arturo/Desktop/Aula_CRM/AulaCRM
    /Applications/Xcode.app/Contents/Developer/usr/bin/momc --action generate --swift-version 5.0 --sdkroot /Applications/Xcode.app/Contents/Developer/Platforms/iPhoneSimulator.platform/Developer/SDKs/iPhoneSimulator26.1.sdk --iphonesimulator-deployment-target 26.1 --module AulaCRM /Users/arturo/Desktop/Aula_CRM/AulaCRM/AulaCRM/AulaCRM.xcdatamodeld /Users/arturo/Library/Developer/Xcode/DerivedData/AulaCRM-bupnftqbynphepejtxbugmlyzijp/Build/Intermediates.noindex/AulaCRM.build/Debug-iphonesimulator/AulaCRM.build/DerivedSources/CoreDataGenerated/AulaCRM

CpResource /Users/arturo/Library/Developer/Xcode/DerivedData/AulaCRM-bupnftqbynphepejtxbugmlyzijp/Build/Products/Debug-iphonesimulator/AulaCRM.app/contacto.csv /Users/arturo/Desktop/Aula_CRM/AulaCRM/AulaCRM/contacto.csv (in target 'AulaCRM' from project 'AulaCRM')
    cd /Users/arturo/Desktop/Aula_CRM/AulaCRM
    builtin-copy -exclude .DS_Store -exclude CVS -exclude .svn -exclude .git -exclude .hg -resolve-src-symlinks /Users/arturo/Desktop/Aula_CRM/AulaCRM/AulaCRM/contacto.csv /Users/arturo/Library/Developer/Xcode/DerivedData/AulaCRM-bupnftqbynphepejtxbugmlyzijp/Build/Products/Debug-iphonesimulator/AulaCRM.app

CpResource /Users/arturo/Library/Developer/Xcode/DerivedData/AulaCRM-bupnftqbynphepejtxbugmlyzijp/Build/Products/Debug-iphonesimulator/AulaCRM.app/build_output.log /Users/arturo/Desktop/Aula_CRM/AulaCRM/AulaCRM/build_output.log (in target 'AulaCRM' from project 'AulaCRM')
    cd /Users/arturo/Desktop/Aula_CRM/AulaCRM
    builtin-copy -exclude .DS_Store -exclude CVS -exclude .svn -exclude .git -exclude .hg -resolve-src-symlinks /Users/arturo/Desktop/Aula_CRM/AulaCRM/AulaCRM/build_output.log /Users/arturo/Library/Developer/Xcode/DerivedData/AulaCRM-bupnftqbynphepejtxbugmlyzijp/Build/Products/Debug-iphonesimulator/AulaCRM.app

CompileStoryboard /Users/arturo/Desktop/Aula_CRM/AulaCRM/AulaCRM/LaunchScreen.storyboard (in target 'AulaCRM' from project 'AulaCRM')
    cd /Users/arturo/Desktop/Aula_CRM/AulaCRM
    /Applications/Xcode.app/Contents/Developer/usr/bin/ibtool --errors --warnings --notices --module AulaCRM --output-partial-info-plist /Users/arturo/Library/Developer/Xcode/DerivedData/AulaCRM-bupnftqbynphepejtxbugmlyzijp/Build/Intermediates.noindex/AulaCRM.build/Debug-iphonesimulator/AulaCRM.build/LaunchScreen-SBPartialInfo.plist --auto-activate-custom-fonts --target-device iphone --minimum-deployment-target 26.1 --output-format human-readable-text /Users/arturo/Desktop/Aula_CRM/AulaCRM/AulaCRM/LaunchScreen.storyboard --compilation-directory /Users/arturo/Library/Developer/Xcode/DerivedData/AulaCRM-bupnftqbynphepejtxbugmlyzijp/Build/Intermediates.noindex/AulaCRM.build/Debug-iphonesimulator/AulaCRM.build

CompileAssetCatalogVariant thinned /Users/arturo/Library/Developer/Xcode/DerivedData/AulaCRM-bupnftqbynphepejtxbugmlyzijp/Build/Products/Debug-iphonesimulator/AulaCRM.app /Users/arturo/Desktop/Aula_CRM/AulaCRM/AulaCRM/Assets.xcassets (in target 'AulaCRM' from project 'AulaCRM')
    cd /Users/arturo/Desktop/Aula_CRM/AulaCRM
    /Applications/Xcode.app/Contents/Developer/usr/bin/actool /Users/arturo/Desktop/Aula_CRM/AulaCRM/AulaCRM/Assets.xcassets --compile /Users/arturo/Library/Developer/Xcode/DerivedData/AulaCRM-bupnftqbynphepejtxbugmlyzijp/Build/Intermediates.noindex/AulaCRM.build/Debug-iphonesimulator/AulaCRM.build/assetcatalog_output/thinned --output-format human-readable-text --notices --warnings --export-dependency-info /Users/arturo/Library/Developer/Xcode/DerivedData/AulaCRM-bupnftqbynphepejtxbugmlyzijp/Build/Intermediates.noindex/AulaCRM.build/Debug-iphonesimulator/AulaCRM.build/assetcatalog_dependencies_thinned --output-partial-info-plist /Users/arturo/Library/Developer/Xcode/DerivedData/AulaCRM-bupnftqbynphepejtxbugmlyzijp/Build/Intermediates.noindex/AulaCRM.build/Debug-iphonesimulator/AulaCRM.build/assetcatalog_generated_info.plist_thinned --app-icon AppIcon --accent-color AccentColor --compress-pngs --enable-on-demand-resources YES --development-region en --target-device iphone --minimum-deployment-target 26.1 --platform iphonesimulator
/* com.apple.actool.document.warnings */
/Users/arturo/Desktop/Aula_CRM/AulaCRM/AulaCRM/Assets.xcassets:./logo_aula.imageset/[universal][][][1x][][][][][][][][][][]: warning: The file "logo_aula.png" for the image set "logo_aula" does not exist.
/Users/arturo/Desktop/Aula_CRM/AulaCRM/AulaCRM/Assets.xcassets:./logo_aula.imageset/[universal][][][1x][][][][][][][][][][]: warning: The file "logo_aula.png" for the image set "logo_aula" does not exist.
/* com.apple.actool.compilation-results */
/Users/arturo/Library/Developer/Xcode/DerivedData/AulaCRM-bupnftqbynphepejtxbugmlyzijp/Build/Intermediates.noindex/AulaCRM.build/Debug-iphonesimulator/AulaCRM.build/assetcatalog_generated_info.plist_thinned
/Users/arturo/Library/Developer/Xcode/DerivedData/AulaCRM-bupnftqbynphepejtxbugmlyzijp/Build/Intermediates.noindex/AulaCRM.build/Debug-iphonesimulator/AulaCRM.build/assetcatalog_output/thinned/AppIcon60x60@2x.png
/Users/arturo/Library/Developer/Xcode/DerivedData/AulaCRM-bupnftqbynphepejtxbugmlyzijp/Build/Intermediates.noindex/AulaCRM.build/Debug-iphonesimulator/AulaCRM.build/assetcatalog_output/thinned/AppIcon76x76@2x~ipad.png
/Users/arturo/Library/Developer/Xcode/DerivedData/AulaCRM-bupnftqbynphepejtxbugmlyzijp/Build/Intermediates.noindex/AulaCRM.build/Debug-iphonesimulator/AulaCRM.build/assetcatalog_output/thinned/Assets.car


CreateUniversalBinary /Users/arturo/Library/Developer/Xcode/DerivedData/AulaCRM-bupnftqbynphepejtxbugmlyzijp/Build/Products/Debug-iphonesimulator/AulaCRM.app/__preview.dylib normal arm64\ x86_64 (in target 'AulaCRM' from project 'AulaCRM')
    cd /Users/arturo/Desktop/Aula_CRM/AulaCRM
    /Applications/Xcode.app/Contents/Developer/Toolchains/XcodeDefault.xctoolchain/usr/bin/lipo -create /Users/arturo/Library/Developer/Xcode/DerivedData/AulaCRM-bupnftqbynphepejtxbugmlyzijp/Build/Intermediates.noindex/AulaCRM.build/Debug-iphonesimulator/AulaCRM.build/Objects-normal/arm64/Binary/__preview.dylib /Users/arturo/Library/Developer/Xcode/DerivedData/AulaCRM-bupnftqbynphepejtxbugmlyzijp/Build/Intermediates.noindex/AulaCRM.build/Debug-iphonesimulator/AulaCRM.build/Objects-normal/x86_64/Binary/__preview.dylib -output /Users/arturo/Library/Developer/Xcode/DerivedData/AulaCRM-bupnftqbynphepejtxbugmlyzijp/Build/Products/Debug-iphonesimulator/AulaCRM.app/__preview.dylib

SwiftDriver AulaCRM normal arm64 com.apple.xcode.tools.swift.compiler (in target 'AulaCRM' from project 'AulaCRM')
    cd /Users/arturo/Desktop/Aula_CRM/AulaCRM
    builtin-SwiftDriver -- /Applications/Xcode.app/Contents/Developer/Toolchains/XcodeDefault.xctoolchain/usr/bin/swiftc -module-name AulaCRM -Onone -enforce-exclusivity\=checked @/Users/arturo/Library/Developer/Xcode/DerivedData/AulaCRM-bupnftqbynphepejtxbugmlyzijp/Build/Intermediates.noindex/AulaCRM.build/Debug-iphonesimulator/AulaCRM.build/Objects-normal/arm64/AulaCRM.SwiftFileList -DDEBUG -default-isolation\=MainActor -enable-bare-slash-regex -enable-upcoming-feature DisableOutwardActorInference -enable-upcoming-feature InferSendableFromCaptures -enable-upcoming-feature GlobalActorIsolatedTypesUsability -enable-upcoming-feature MemberImportVisibility -enable-upcoming-feature InferIsolatedConformances -enable-upcoming-feature NonisolatedNonsendingByDefault -enable-experimental-feature DebugDescriptionMacro -sdk /Applications/Xcode.app/Contents/Developer/Platforms/iPhoneSimulator.platform/Developer/SDKs/iPhoneSimulator26.1.sdk -target arm64-apple-ios26.1-simulator -g -module-cache-path /Users/arturo/Library/Developer/Xcode/DerivedData/ModuleCache.noindex -Xfrontend -serialize-debugging-options -enable-testing -index-store-path /Users/arturo/Library/Developer/Xcode/DerivedData/AulaCRM-bupnftqbynphepejtxbugmlyzijp/Index.noindex/DataStore -Xcc -D_LIBCPP_HARDENING_MODE\=_LIBCPP_HARDENING_MODE_DEBUG -swift-version 5 -I /Users/arturo/Library/Developer/Xcode/DerivedData/AulaCRM-bupnftqbynphepejtxbugmlyzijp/Build/Products/Debug-iphonesimulator -F /Users/arturo/Library/Developer/Xcode/DerivedData/AulaCRM-bupnftqbynphepejtxbugmlyzijp/Build/Products/Debug-iphonesimulator -emit-localized-strings -emit-localized-strings-path /Users/arturo/Library/Developer/Xcode/DerivedData/AulaCRM-bupnftqbynphepejtxbugmlyzijp/Build/Intermediates.noindex/AulaCRM.build/Debug-iphonesimulator/AulaCRM.build/Objects-normal/arm64 -c -j10 -enable-batch-mode -incremental -Xcc -ivfsstatcache -Xcc /Users/arturo/Library/Developer/Xcode/DerivedData/SDKStatCaches.noindex/iphonesimulator26.1-23B77-90cf18a4295e390e64c810bc6bd7acbc.sdkstatcache -output-file-map /Users/arturo/Library/Developer/Xcode/DerivedData/AulaCRM-bupnftqbynphepejtxbugmlyzijp/Build/Intermediates.noindex/AulaCRM.build/Debug-iphonesimulator/AulaCRM.build/Objects-normal/arm64/AulaCRM-OutputFileMap.json -use-frontend-parseable-output -save-temps -no-color-diagnostics -explicit-module-build -module-cache-path /Users/arturo/Library/Developer/Xcode/DerivedData/AulaCRM-bupnftqbynphepejtxbugmlyzijp/Build/Intermediates.noindex/SwiftExplicitPrecompiledModules -clang-scanner-module-cache-path /Users/arturo/Library/Developer/Xcode/DerivedData/ModuleCache.noindex -sdk-module-cache-path /Users/arturo/Library/Developer/Xcode/DerivedData/ModuleCache.noindex -serialize-diagnostics -emit-dependencies -emit-module -emit-module-path /Users/arturo/Library/Developer/Xcode/DerivedData/AulaCRM-bupnftqbynphepejtxbugmlyzijp/Build/Intermediates.noindex/AulaCRM.build/Debug-iphonesimulator/AulaCRM.build/Objects-normal/arm64/AulaCRM.swiftmodule -validate-clang-modules-once -clang-build-session-file /Users/arturo/Library/Developer/Xcode/DerivedData/ModuleCache.noindex/Session.modulevalidation -Xcc -I/Users/arturo/Library/Developer/Xcode/DerivedData/AulaCRM-bupnftqbynphepejtxbugmlyzijp/Build/Intermediates.noindex/AulaCRM.build/Debug-iphonesimulator/AulaCRM.build/swift-overrides.hmap -emit-const-values -Xfrontend -const-gather-protocols-file -Xfrontend /Users/arturo/Library/Developer/Xcode/DerivedData/AulaCRM-bupnftqbynphepejtxbugmlyzijp/Build/Intermediates.noindex/AulaCRM.build/Debug-iphonesimulator/AulaCRM.build/Objects-normal/arm64/AulaCRM_const_extract_protocols.json -Xcc -iquote -Xcc /Users/arturo/Library/Developer/Xcode/DerivedData/AulaCRM-bupnftqbynphepejtxbugmlyzijp/Build/Intermediates.noindex/AulaCRM.build/Debug-iphonesimulator/AulaCRM.build/AulaCRM-generated-files.hmap -Xcc -I/Users/arturo/Library/Developer/Xcode/DerivedData/AulaCRM-bupnftqbynphepejtxbugmlyzijp/Build/Intermediates.noindex/AulaCRM.build/Debug-iphonesimulator/AulaCRM.build/AulaCRM-own-target-headers.hmap -Xcc -I/Users/arturo/Library/Developer/Xcode/DerivedData/AulaCRM-bupnftqbynphepejtxbugmlyzijp/Build/Intermediates.noindex/AulaCRM.build/Debug-iphonesimulator/AulaCRM.build/AulaCRM-all-target-headers.hmap -Xcc -iquote -Xcc /Users/arturo/Library/Developer/Xcode/DerivedData/AulaCRM-bupnftqbynphepejtxbugmlyzijp/Build/Intermediates.noindex/AulaCRM.build/Debug-iphonesimulator/AulaCRM.build/AulaCRM-project-headers.hmap -Xcc -I/Users/arturo/Library/Developer/Xcode/DerivedData/AulaCRM-bupnftqbynphepejtxbugmlyzijp/Build/Products/Debug-iphonesimulator/include -Xcc -I/Users/arturo/Library/Developer/Xcode/DerivedData/AulaCRM-bupnftqbynphepejtxbugmlyzijp/Build/Intermediates.noindex/AulaCRM.build/Debug-iphonesimulator/AulaCRM.build/DerivedSources-normal/arm64 -Xcc -I/Users/arturo/Library/Developer/Xcode/DerivedData/AulaCRM-bupnftqbynphepejtxbugmlyzijp/Build/Intermediates.noindex/AulaCRM.build/Debug-iphonesimulator/AulaCRM.build/DerivedSources/arm64 -Xcc -I/Users/arturo/Library/Developer/Xcode/DerivedData/AulaCRM-bupnftqbynphepejtxbugmlyzijp/Build/Intermediates.noindex/AulaCRM.build/Debug-iphonesimulator/AulaCRM.build/DerivedSources -Xcc -DDEBUG\=1 -emit-objc-header -emit-objc-header-path /Users/arturo/Library/Developer/Xcode/DerivedData/AulaCRM-bupnftqbynphepejtxbugmlyzijp/Build/Intermediates.noindex/AulaCRM.build/Debug-iphonesimulator/AulaCRM.build/Objects-normal/arm64/AulaCRM-Swift.h -working-directory /Users/arturo/Desktop/Aula_CRM/AulaCRM -experimental-emit-module-separately -disable-cmo

SwiftDriver AulaCRM normal x86_64 com.apple.xcode.tools.swift.compiler (in target 'AulaCRM' from project 'AulaCRM')
    cd /Users/arturo/Desktop/Aula_CRM/AulaCRM
    builtin-SwiftDriver -- /Applications/Xcode.app/Contents/Developer/Toolchains/XcodeDefault.xctoolchain/usr/bin/swiftc -module-name AulaCRM -Onone -enforce-exclusivity\=checked @/Users/arturo/Library/Developer/Xcode/DerivedData/AulaCRM-bupnftqbynphepejtxbugmlyzijp/Build/Intermediates.noindex/AulaCRM.build/Debug-iphonesimulator/AulaCRM.build/Objects-normal/x86_64/AulaCRM.SwiftFileList -DDEBUG -default-isolation\=MainActor -enable-bare-slash-regex -enable-upcoming-feature DisableOutwardActorInference -enable-upcoming-feature InferSendableFromCaptures -enable-upcoming-feature GlobalActorIsolatedTypesUsability -enable-upcoming-feature MemberImportVisibility -enable-upcoming-feature InferIsolatedConformances -enable-upcoming-feature NonisolatedNonsendingByDefault -enable-experimental-feature DebugDescriptionMacro -sdk /Applications/Xcode.app/Contents/Developer/Platforms/iPhoneSimulator.platform/Developer/SDKs/iPhoneSimulator26.1.sdk -target x86_64-apple-ios26.1-simulator -g -module-cache-path /Users/arturo/Library/Developer/Xcode/DerivedData/ModuleCache.noindex -Xfrontend -serialize-debugging-options -enable-testing -index-store-path /Users/arturo/Library/Developer/Xcode/DerivedData/AulaCRM-bupnftqbynphepejtxbugmlyzijp/Index.noindex/DataStore -Xcc -D_LIBCPP_HARDENING_MODE\=_LIBCPP_HARDENING_MODE_DEBUG -swift-version 5 -I /Users/arturo/Library/Developer/Xcode/DerivedData/AulaCRM-bupnftqbynphepejtxbugmlyzijp/Build/Products/Debug-iphonesimulator -F /Users/arturo/Library/Developer/Xcode/DerivedData/AulaCRM-bupnftqbynphepejtxbugmlyzijp/Build/Products/Debug-iphonesimulator -emit-localized-strings -emit-localized-strings-path /Users/arturo/Library/Developer/Xcode/DerivedData/AulaCRM-bupnftqbynphepejtxbugmlyzijp/Build/Intermediates.noindex/AulaCRM.build/Debug-iphonesimulator/AulaCRM.build/Objects-normal/x86_64 -c -j10 -enable-batch-mode -incremental -Xcc -ivfsstatcache -Xcc /Users/arturo/Library/Developer/Xcode/DerivedData/SDKStatCaches.noindex/iphonesimulator26.1-23B77-90cf18a4295e390e64c810bc6bd7acbc.sdkstatcache -output-file-map /Users/arturo/Library/Developer/Xcode/DerivedData/AulaCRM-bupnftqbynphepejtxbugmlyzijp/Build/Intermediates.noindex/AulaCRM.build/Debug-iphonesimulator/AulaCRM.build/Objects-normal/x86_64/AulaCRM-OutputFileMap.json -use-frontend-parseable-output -save-temps -no-color-diagnostics -explicit-module-build -module-cache-path /Users/arturo/Library/Developer/Xcode/DerivedData/AulaCRM-bupnftqbynphepejtxbugmlyzijp/Build/Intermediates.noindex/SwiftExplicitPrecompiledModules -clang-scanner-module-cache-path /Users/arturo/Library/Developer/Xcode/DerivedData/ModuleCache.noindex -sdk-module-cache-path /Users/arturo/Library/Developer/Xcode/DerivedData/ModuleCache.noindex -serialize-diagnostics -emit-dependencies -emit-module -emit-module-path /Users/arturo/Library/Developer/Xcode/DerivedData/AulaCRM-bupnftqbynphepejtxbugmlyzijp/Build/Intermediates.noindex/AulaCRM.build/Debug-iphonesimulator/AulaCRM.build/Objects-normal/x86_64/AulaCRM.swiftmodule -validate-clang-modules-once -clang-build-session-file /Users/arturo/Library/Developer/Xcode/DerivedData/ModuleCache.noindex/Session.modulevalidation -Xcc -I/Users/arturo/Library/Developer/Xcode/DerivedData/AulaCRM-bupnftqbynphepejtxbugmlyzijp/Build/Intermediates.noindex/AulaCRM.build/Debug-iphonesimulator/AulaCRM.build/swift-overrides.hmap -emit-const-values -Xfrontend -const-gather-protocols-file -Xfrontend /Users/arturo/Library/Developer/Xcode/DerivedData/AulaCRM-bupnftqbynphepejtxbugmlyzijp/Build/Intermediates.noindex/AulaCRM.build/Debug-iphonesimulator/AulaCRM.build/Objects-normal/x86_64/AulaCRM_const_extract_protocols.json -Xcc -iquote -Xcc /Users/arturo/Library/Developer/Xcode/DerivedData/AulaCRM-bupnftqbynphepejtxbugmlyzijp/Build/Intermediates.noindex/AulaCRM.build/Debug-iphonesimulator/AulaCRM.build/AulaCRM-generated-files.hmap -Xcc -I/Users/arturo/Library/Developer/Xcode/DerivedData/AulaCRM-bupnftqbynphepejtxbugmlyzijp/Build/Intermediates.noindex/AulaCRM.build/Debug-iphonesimulator/AulaCRM.build/AulaCRM-own-target-headers.hmap -Xcc -I/Users/arturo/Library/Developer/Xcode/DerivedData/AulaCRM-bupnftqbynphepejtxbugmlyzijp/Build/Intermediates.noindex/AulaCRM.build/Debug-iphonesimulator/AulaCRM.build/AulaCRM-all-target-headers.hmap -Xcc -iquote -Xcc /Users/arturo/Library/Developer/Xcode/DerivedData/AulaCRM-bupnftqbynphepejtxbugmlyzijp/Build/Intermediates.noindex/AulaCRM.build/Debug-iphonesimulator/AulaCRM.build/AulaCRM-project-headers.hmap -Xcc -I/Users/arturo/Library/Developer/Xcode/DerivedData/AulaCRM-bupnftqbynphepejtxbugmlyzijp/Build/Products/Debug-iphonesimulator/include -Xcc -I/Users/arturo/Library/Developer/Xcode/DerivedData/AulaCRM-bupnftqbynphepejtxbugmlyzijp/Build/Intermediates.noindex/AulaCRM.build/Debug-iphonesimulator/AulaCRM.build/DerivedSources-normal/x86_64 -Xcc -I/Users/arturo/Library/Developer/Xcode/DerivedData/AulaCRM-bupnftqbynphepejtxbugmlyzijp/Build/Intermediates.noindex/AulaCRM.build/Debug-iphonesimulator/AulaCRM.build/DerivedSources/x86_64 -Xcc -I/Users/arturo/Library/Developer/Xcode/DerivedData/AulaCRM-bupnftqbynphepejtxbugmlyzijp/Build/Intermediates.noindex/AulaCRM.build/Debug-iphonesimulator/AulaCRM.build/DerivedSources -Xcc -DDEBUG\=1 -emit-objc-header -emit-objc-header-path /Users/arturo/Library/Developer/Xcode/DerivedData/AulaCRM-bupnftqbynphepejtxbugmlyzijp/Build/Intermediates.noindex/AulaCRM.build/Debug-iphonesimulator/AulaCRM.build/Objects-normal/x86_64/AulaCRM-Swift.h -working-directory /Users/arturo/Desktop/Aula_CRM/AulaCRM -experimental-emit-module-separately -disable-cmo

SwiftExplicitDependencyGeneratePcm x86_64 /Users/arturo/Library/Developer/Xcode/DerivedData/ModuleCache.noindex/_SwiftConcurrencyShims-ANS1942EJ34AA201R8R8YK58U.pcm

SwiftExplicitDependencyGeneratePcm x86_64 /Users/arturo/Library/Developer/Xcode/DerivedData/ModuleCache.noindex/SwiftShims-H8UMO9KIZD3EUC44JZ73BU7K.pcm

SwiftExplicitDependencyGeneratePcm x86_64 /Users/arturo/Library/Developer/Xcode/DerivedData/ModuleCache.noindex/_Builtin_stdarg-7RQCGNBH4T4NRKHSEUOI1RZ5H.pcm

SwiftExplicitDependencyGeneratePcm x86_64 /Users/arturo/Library/Developer/Xcode/DerivedData/ModuleCache.noindex/DeveloperToolsSupport-CJQB2KZKFKUB2V8MGIK1Y4LLM.pcm

SwiftExplicitDependencyGeneratePcm x86_64 /Users/arturo/Library/Developer/Xcode/DerivedData/ModuleCache.noindex/_Builtin_stdbool-6LKSL009XIIFY52WCAUTTADX1.pcm

SwiftExplicitDependencyGeneratePcm x86_64 /Users/arturo/Library/Developer/Xcode/DerivedData/ModuleCache.noindex/ptrauth-18ATFE0BQ661JBSJTELT1RYG.pcm

SwiftExplicitDependencyGeneratePcm x86_64 /Users/arturo/Library/Developer/Xcode/DerivedData/ModuleCache.noindex/_AvailabilityInternal-CMPAML9UV3SZGM55UFVEMOVSR.pcm

SwiftExplicitDependencyGeneratePcm x86_64 /Users/arturo/Library/Developer/Xcode/DerivedData/ModuleCache.noindex/_Builtin_stddef-9CAE0YFC24PJMC7DROYY12YEN.pcm

SwiftExplicitDependencyGeneratePcm arm64 /Users/arturo/Library/Developer/Xcode/DerivedData/ModuleCache.noindex/PDFKit-3JDQYXGP0BF15P9O3TUPAGE7L.pcm

SwiftExplicitDependencyGeneratePcm x86_64 /Users/arturo/Library/Developer/Xcode/DerivedData/ModuleCache.noindex/_Builtin_float-9CR0O4KPGHTL8HVBQGUAJS9UR.pcm

SwiftExplicitDependencyGeneratePcm x86_64 /Users/arturo/Library/Developer/Xcode/DerivedData/ModuleCache.noindex/ptrcheck-AY3U12TX4CO17KRMP3G6CENG4.pcm

LinkStoryboards (in target 'AulaCRM' from project 'AulaCRM')
    cd /Users/arturo/Desktop/Aula_CRM/AulaCRM
    /Applications/Xcode.app/Contents/Developer/usr/bin/ibtool --errors --warnings --notices --module AulaCRM --target-device iphone --minimum-deployment-target 26.1 --output-format human-readable-text --link /Users/arturo/Library/Developer/Xcode/DerivedData/AulaCRM-bupnftqbynphepejtxbugmlyzijp/Build/Products/Debug-iphonesimulator/AulaCRM.app /Users/arturo/Library/Developer/Xcode/DerivedData/AulaCRM-bupnftqbynphepejtxbugmlyzijp/Build/Intermediates.noindex/AulaCRM.build/Debug-iphonesimulator/AulaCRM.build/LaunchScreen.storyboardc

SwiftExplicitDependencyGeneratePcm x86_64 /Users/arturo/Library/Developer/Xcode/DerivedData/ModuleCache.noindex/_DarwinFoundation1-2ASMJB4UUV7333BH9K45CRNTL.pcm

SwiftExplicitDependencyGeneratePcm x86_64 /Users/arturo/Library/Developer/Xcode/DerivedData/ModuleCache.noindex/_Builtin_limits-DWJ3RHMNH8307Y687XZXNWST3.pcm

SwiftExplicitDependencyGeneratePcm x86_64 /Users/arturo/Library/Developer/Xcode/DerivedData/ModuleCache.noindex/_DarwinFoundation2-4XF8A69SU10D8TO2MREEZON8J.pcm

SwiftExplicitDependencyGeneratePcm x86_64 /Users/arturo/Library/Developer/Xcode/DerivedData/ModuleCache.noindex/_Builtin_tgmath-81PPRD5VBZLJMV9CNG8RKGHWY.pcm

SwiftExplicitDependencyGeneratePcm x86_64 /Users/arturo/Library/Developer/Xcode/DerivedData/ModuleCache.noindex/_Builtin_stdint-1JFQH6FSQ7LKIQDMVR0U77T1B.pcm

SwiftExplicitDependencyGeneratePcm x86_64 /Users/arturo/Library/Developer/Xcode/DerivedData/ModuleCache.noindex/sys_types-4A5KBHISYF07FU7F2CDXOYXK9.pcm

SwiftEmitModule normal arm64 Emitting\ module\ for\ AulaCRM (in target 'AulaCRM' from project 'AulaCRM')

EmitSwiftModule normal arm64 (in target 'AulaCRM' from project 'AulaCRM')
    cd /Users/arturo/Desktop/Aula_CRM/AulaCRM
    

SwiftCompile normal arm64 Compiling\ SelectableText.swift,\ test_pdf.swift,\ Compra+CoreDataClass.swift,\ Compra+CoreDataProperties.swift /Users/arturo/Desktop/Aula_CRM/AulaCRM/AulaCRM/SelectableText.swift /Users/arturo/Desktop/Aula_CRM/AulaCRM/AulaCRM/test_pdf.swift /Users/arturo/Library/Developer/Xcode/DerivedData/AulaCRM-bupnftqbynphepejtxbugmlyzijp/Build/Intermediates.noindex/AulaCRM.build/Debug-iphonesimulator/AulaCRM.build/DerivedSources/CoreDataGenerated/AulaCRM/Compra+CoreDataClass.swift /Users/arturo/Library/Developer/Xcode/DerivedData/AulaCRM-bupnftqbynphepejtxbugmlyzijp/Build/Intermediates.noindex/AulaCRM.build/Debug-iphonesimulator/AulaCRM.build/DerivedSources/CoreDataGenerated/AulaCRM/Compra+CoreDataProperties.swift (in target 'AulaCRM' from project 'AulaCRM')

SwiftCompile normal arm64 /Users/arturo/Desktop/Aula_CRM/AulaCRM/AulaCRM/SelectableText.swift (in target 'AulaCRM' from project 'AulaCRM')
    cd /Users/arturo/Desktop/Aula_CRM/AulaCRM
    

SwiftCompile normal arm64 /Users/arturo/Desktop/Aula_CRM/AulaCRM/AulaCRM/test_pdf.swift (in target 'AulaCRM' from project 'AulaCRM')
    cd /Users/arturo/Desktop/Aula_CRM/AulaCRM
    

SwiftCompile normal arm64 /Users/arturo/Library/Developer/Xcode/DerivedData/AulaCRM-bupnftqbynphepejtxbugmlyzijp/Build/Intermediates.noindex/AulaCRM.build/Debug-iphonesimulator/AulaCRM.build/DerivedSources/CoreDataGenerated/AulaCRM/Compra+CoreDataClass.swift (in target 'AulaCRM' from project 'AulaCRM')
    cd /Users/arturo/Desktop/Aula_CRM/AulaCRM
    

SwiftCompile normal arm64 /Users/arturo/Library/Developer/Xcode/DerivedData/AulaCRM-bupnftqbynphepejtxbugmlyzijp/Build/Intermediates.noindex/AulaCRM.build/Debug-iphonesimulator/AulaCRM.build/DerivedSources/CoreDataGenerated/AulaCRM/Compra+CoreDataProperties.swift (in target 'AulaCRM' from project 'AulaCRM')
    cd /Users/arturo/Desktop/Aula_CRM/AulaCRM
    

SwiftCompile normal arm64 Compiling\ Factura+CoreDataClass.swift,\ Factura+CoreDataProperties.swift,\ LineaFactura+CoreDataClass.swift /Users/arturo/Library/Developer/Xcode/DerivedData/AulaCRM-bupnftqbynphepejtxbugmlyzijp/Build/Intermediates.noindex/AulaCRM.build/Debug-iphonesimulator/AulaCRM.build/DerivedSources/CoreDataGenerated/AulaCRM/Factura+CoreDataClass.swift /Users/arturo/Library/Developer/Xcode/DerivedData/AulaCRM-bupnftqbynphepejtxbugmlyzijp/Build/Intermediates.noindex/AulaCRM.build/Debug-iphonesimulator/AulaCRM.build/DerivedSources/CoreDataGenerated/AulaCRM/Factura+CoreDataProperties.swift /Users/arturo/Library/Developer/Xcode/DerivedData/AulaCRM-bupnftqbynphepejtxbugmlyzijp/Build/Intermediates.noindex/AulaCRM.build/Debug-iphonesimulator/AulaCRM.build/DerivedSources/CoreDataGenerated/AulaCRM/LineaFactura+CoreDataClass.swift (in target 'AulaCRM' from project 'AulaCRM')

SwiftCompile normal arm64 /Users/arturo/Library/Developer/Xcode/DerivedData/AulaCRM-bupnftqbynphepejtxbugmlyzijp/Build/Intermediates.noindex/AulaCRM.build/Debug-iphonesimulator/AulaCRM.build/DerivedSources/CoreDataGenerated/AulaCRM/Factura+CoreDataClass.swift (in target 'AulaCRM' from project 'AulaCRM')
    cd /Users/arturo/Desktop/Aula_CRM/AulaCRM
    

SwiftCompile normal arm64 /Users/arturo/Library/Developer/Xcode/DerivedData/AulaCRM-bupnftqbynphepejtxbugmlyzijp/Build/Intermediates.noindex/AulaCRM.build/Debug-iphonesimulator/AulaCRM.build/DerivedSources/CoreDataGenerated/AulaCRM/Factura+CoreDataProperties.swift (in target 'AulaCRM' from project 'AulaCRM')
    cd /Users/arturo/Desktop/Aula_CRM/AulaCRM
    

SwiftCompile normal arm64 /Users/arturo/Library/Developer/Xcode/DerivedData/AulaCRM-bupnftqbynphepejtxbugmlyzijp/Build/Intermediates.noindex/AulaCRM.build/Debug-iphonesimulator/AulaCRM.build/DerivedSources/CoreDataGenerated/AulaCRM/LineaFactura+CoreDataClass.swift (in target 'AulaCRM' from project 'AulaCRM')
    cd /Users/arturo/Desktop/Aula_CRM/AulaCRM
    

SwiftCompile normal arm64 Compiling\ MovimientoAlmacen+CoreDataClass.swift,\ MovimientoAlmacen+CoreDataProperties.swift,\ Tipo+CoreDataClass.swift,\ Tipo+CoreDataProperties.swift /Users/arturo/Library/Developer/Xcode/DerivedData/AulaCRM-bupnftqbynphepejtxbugmlyzijp/Build/Intermediates.noindex/AulaCRM.build/Debug-iphonesimulator/AulaCRM.build/DerivedSources/CoreDataGenerated/AulaCRM/MovimientoAlmacen+CoreDataClass.swift /Users/arturo/Library/Developer/Xcode/DerivedData/AulaCRM-bupnftqbynphepejtxbugmlyzijp/Build/Intermediates.noindex/AulaCRM.build/Debug-iphonesimulator/AulaCRM.build/DerivedSources/CoreDataGenerated/AulaCRM/MovimientoAlmacen+CoreDataProperties.swift /Users/arturo/Library/Developer/Xcode/DerivedData/AulaCRM-bupnftqbynphepejtxbugmlyzijp/Build/Intermediates.noindex/AulaCRM.build/Debug-iphonesimulator/AulaCRM.build/DerivedSources/CoreDataGenerated/AulaCRM/Tipo+CoreDataClass.swift /Users/arturo/Library/Developer/Xcode/DerivedData/AulaCRM-bupnftqbynphepejtxbugmlyzijp/Build/Intermediates.noindex/AulaCRM.build/Debug-iphonesimulator/AulaCRM.build/DerivedSources/CoreDataGenerated/AulaCRM/Tipo+CoreDataProperties.swift (in target 'AulaCRM' from project 'AulaCRM')

SwiftCompile normal arm64 /Users/arturo/Library/Developer/Xcode/DerivedData/AulaCRM-bupnftqbynphepejtxbugmlyzijp/Build/Intermediates.noindex/AulaCRM.build/Debug-iphonesimulator/AulaCRM.build/DerivedSources/CoreDataGenerated/AulaCRM/MovimientoAlmacen+CoreDataClass.swift (in target 'AulaCRM' from project 'AulaCRM')
    cd /Users/arturo/Desktop/Aula_CRM/AulaCRM
    

SwiftCompile normal arm64 /Users/arturo/Library/Developer/Xcode/DerivedData/AulaCRM-bupnftqbynphepejtxbugmlyzijp/Build/Intermediates.noindex/AulaCRM.build/Debug-iphonesimulator/AulaCRM.build/DerivedSources/CoreDataGenerated/AulaCRM/MovimientoAlmacen+CoreDataProperties.swift (in target 'AulaCRM' from project 'AulaCRM')
    cd /Users/arturo/Desktop/Aula_CRM/AulaCRM
    

SwiftCompile normal arm64 /Users/arturo/Library/Developer/Xcode/DerivedData/AulaCRM-bupnftqbynphepejtxbugmlyzijp/Build/Intermediates.noindex/AulaCRM.build/Debug-iphonesimulator/AulaCRM.build/DerivedSources/CoreDataGenerated/AulaCRM/Tipo+CoreDataClass.swift (in target 'AulaCRM' from project 'AulaCRM')
    cd /Users/arturo/Desktop/Aula_CRM/AulaCRM
    

SwiftCompile normal arm64 /Users/arturo/Library/Developer/Xcode/DerivedData/AulaCRM-bupnftqbynphepejtxbugmlyzijp/Build/Intermediates.noindex/AulaCRM.build/Debug-iphonesimulator/AulaCRM.build/DerivedSources/CoreDataGenerated/AulaCRM/Tipo+CoreDataProperties.swift (in target 'AulaCRM' from project 'AulaCRM')
    cd /Users/arturo/Desktop/Aula_CRM/AulaCRM
    

SwiftCompile normal arm64 Compiling\ FilterView.swift,\ MapTabView.swift,\ NuevaFacturaView.swift,\ ShareSheet.swift /Users/arturo/Desktop/Aula_CRM/AulaCRM/AulaCRM/Views/FilterView.swift /Users/arturo/Desktop/Aula_CRM/AulaCRM/AulaCRM/Views/MapTabView.swift /Users/arturo/Desktop/Aula_CRM/AulaCRM/AulaCRM/Views/NuevaFacturaView.swift /Users/arturo/Desktop/Aula_CRM/AulaCRM/AulaCRM/Views/ShareSheet.swift (in target 'AulaCRM' from project 'AulaCRM')
SwiftCompile normal arm64 /Users/arturo/Desktop/Aula_CRM/AulaCRM/AulaCRM/Views/FilterView.swift (in target 'AulaCRM' from project 'AulaCRM')
    cd /Users/arturo/Desktop/Aula_CRM/AulaCRM
    

SwiftCompile normal arm64 /Users/arturo/Desktop/Aula_CRM/AulaCRM/AulaCRM/Views/MapTabView.swift (in target 'AulaCRM' from project 'AulaCRM')
    cd /Users/arturo/Desktop/Aula_CRM/AulaCRM
    

SwiftCompile normal arm64 /Users/arturo/Desktop/Aula_CRM/AulaCRM/AulaCRM/Views/NuevaFacturaView.swift (in target 'AulaCRM' from project 'AulaCRM')
    cd /Users/arturo/Desktop/Aula_CRM/AulaCRM
    

SwiftCompile normal arm64 /Users/arturo/Desktop/Aula_CRM/AulaCRM/AulaCRM/Views/ShareSheet.swift (in target 'AulaCRM' from project 'AulaCRM')
    cd /Users/arturo/Desktop/Aula_CRM/AulaCRM
    

SwiftCompile normal arm64 Compiling\ CSVImporter.swift,\ FacturaPDFGenerator.swift,\ Persistence.swift,\ Producto+Extensions.swift /Users/arturo/Desktop/Aula_CRM/AulaCRM/AulaCRM/CSVImporter.swift /Users/arturo/Desktop/Aula_CRM/AulaCRM/AulaCRM/FacturaPDFGenerator.swift /Users/arturo/Desktop/Aula_CRM/AulaCRM/AulaCRM/Persistence.swift /Users/arturo/Desktop/Aula_CRM/AulaCRM/AulaCRM/Producto+Extensions.swift (in target 'AulaCRM' from project 'AulaCRM')

SwiftCompile normal arm64 /Users/arturo/Desktop/Aula_CRM/AulaCRM/AulaCRM/CSVImporter.swift (in target 'AulaCRM' from project 'AulaCRM')
    cd /Users/arturo/Desktop/Aula_CRM/AulaCRM
    
/Users/arturo/Desktop/Aula_CRM/AulaCRM/AulaCRM/CSVImporter.swift:337:24: warning: value 'existente' was defined but never used; consider replacing with boolean test
                if let existente = vistosISBN[isbn] {
                   ~~~~^~~~~~~~~~~~
                                                    != nil

SwiftCompile normal arm64 /Users/arturo/Desktop/Aula_CRM/AulaCRM/AulaCRM/FacturaPDFGenerator.swift (in target 'AulaCRM' from project 'AulaCRM')
    cd /Users/arturo/Desktop/Aula_CRM/AulaCRM
    

SwiftCompile normal arm64 /Users/arturo/Desktop/Aula_CRM/AulaCRM/AulaCRM/Persistence.swift (in target 'AulaCRM' from project 'AulaCRM')
    cd /Users/arturo/Desktop/Aula_CRM/AulaCRM
    

SwiftCompile normal arm64 /Users/arturo/Desktop/Aula_CRM/AulaCRM/AulaCRM/Producto+Extensions.swift (in target 'AulaCRM' from project 'AulaCRM')
    cd /Users/arturo/Desktop/Aula_CRM/AulaCRM
    

SwiftCompile normal arm64 Compiling\ Contacto+CoreDataClass.swift,\ Contacto+CoreDataProperties.swift,\ Conversacion+CoreDataClass.swift,\ Conversacion+CoreDataProperties.swift /Users/arturo/Library/Developer/Xcode/DerivedData/AulaCRM-bupnftqbynphepejtxbugmlyzijp/Build/Intermediates.noindex/AulaCRM.build/Debug-iphonesimulator/AulaCRM.build/DerivedSources/CoreDataGenerated/AulaCRM/Contacto+CoreDataClass.swift /Users/arturo/Library/Developer/Xcode/DerivedData/AulaCRM-bupnftqbynphepejtxbugmlyzijp/Build/Intermediates.noindex/AulaCRM.build/Debug-iphonesimulator/AulaCRM.build/DerivedSources/CoreDataGenerated/AulaCRM/Contacto+CoreDataProperties.swift /Users/arturo/Library/Developer/Xcode/DerivedData/AulaCRM-bupnftqbynphepejtxbugmlyzijp/Build/Intermediates.noindex/AulaCRM.build/Debug-iphonesimulator/AulaCRM.build/DerivedSources/CoreDataGenerated/AulaCRM/Conversacion+CoreDataClass.swift /Users/arturo/Library/Developer/Xcode/DerivedData/AulaCRM-bupnftqbynphepejtxbugmlyzijp/Build/Intermediates.noindex/AulaCRM.build/Debug-iphonesimulator/AulaCRM.build/DerivedSources/CoreDataGenerated/AulaCRM/Conversacion+CoreDataProperties.swift (in target 'AulaCRM' from project 'AulaCRM')

SwiftCompile normal arm64 /Users/arturo/Library/Developer/Xcode/DerivedData/AulaCRM-bupnftqbynphepejtxbugmlyzijp/Build/Intermediates.noindex/AulaCRM.build/Debug-iphonesimulator/AulaCRM.build/DerivedSources/CoreDataGenerated/AulaCRM/Contacto+CoreDataClass.swift (in target 'AulaCRM' from project 'AulaCRM')
    cd /Users/arturo/Desktop/Aula_CRM/AulaCRM
    

SwiftCompile normal arm64 /Users/arturo/Library/Developer/Xcode/DerivedData/AulaCRM-bupnftqbynphepejtxbugmlyzijp/Build/Intermediates.noindex/AulaCRM.build/Debug-iphonesimulator/AulaCRM.build/DerivedSources/CoreDataGenerated/AulaCRM/Contacto+CoreDataProperties.swift (in target 'AulaCRM' from project 'AulaCRM')
    cd /Users/arturo/Desktop/Aula_CRM/AulaCRM
    

SwiftCompile normal arm64 /Users/arturo/Library/Developer/Xcode/DerivedData/AulaCRM-bupnftqbynphepejtxbugmlyzijp/Build/Intermediates.noindex/AulaCRM.build/Debug-iphonesimulator/AulaCRM.build/DerivedSources/CoreDataGenerated/AulaCRM/Conversacion+CoreDataClass.swift (in target 'AulaCRM' from project 'AulaCRM')
    cd /Users/arturo/Desktop/Aula_CRM/AulaCRM
    

SwiftCompile normal arm64 /Users/arturo/Library/Developer/Xcode/DerivedData/AulaCRM-bupnftqbynphepejtxbugmlyzijp/Build/Intermediates.noindex/AulaCRM.build/Debug-iphonesimulator/AulaCRM.build/DerivedSources/CoreDataGenerated/AulaCRM/Conversacion+CoreDataProperties.swift (in target 'AulaCRM' from project 'AulaCRM')
    cd /Users/arturo/Desktop/Aula_CRM/AulaCRM
    

SwiftCompile normal arm64 Compiling\ AlmacenView.swift,\ ContactDetailMiniView.swift,\ DetailTabView.swift,\ FacturasTabView.swift /Users/arturo/Desktop/Aula_CRM/AulaCRM/AulaCRM/Views/AlmacenView.swift /Users/arturo/Desktop/Aula_CRM/AulaCRM/AulaCRM/Views/ContactDetailMiniView.swift /Users/arturo/Desktop/Aula_CRM/AulaCRM/AulaCRM/Views/DetailTabView.swift /Users/arturo/Desktop/Aula_CRM/AulaCRM/AulaCRM/Views/FacturasTabView.swift (in target 'AulaCRM' from project 'AulaCRM')

SwiftCompile normal arm64 /Users/arturo/Desktop/Aula_CRM/AulaCRM/AulaCRM/Views/AlmacenView.swift (in target 'AulaCRM' from project 'AulaCRM')
    cd /Users/arturo/Desktop/Aula_CRM/AulaCRM
    

SwiftCompile normal arm64 /Users/arturo/Desktop/Aula_CRM/AulaCRM/AulaCRM/Views/ContactDetailMiniView.swift (in target 'AulaCRM' from project 'AulaCRM')
    cd /Users/arturo/Desktop/Aula_CRM/AulaCRM
    

SwiftCompile normal arm64 /Users/arturo/Desktop/Aula_CRM/AulaCRM/AulaCRM/Views/DetailTabView.swift (in target 'AulaCRM' from project 'AulaCRM')
    cd /Users/arturo/Desktop/Aula_CRM/AulaCRM
    

SwiftCompile normal arm64 /Users/arturo/Desktop/Aula_CRM/AulaCRM/AulaCRM/Views/FacturasTabView.swift (in target 'AulaCRM' from project 'AulaCRM')
    cd /Users/arturo/Desktop/Aula_CRM/AulaCRM
    

SwiftExplicitDependencyGeneratePcm x86_64 /Users/arturo/Library/Developer/Xcode/DerivedData/ModuleCache.noindex/_Builtin_stdatomic-FXYRB98E74X1DF1TIS6FJY7X.pcm

SwiftExplicitDependencyGeneratePcm x86_64 /Users/arturo/Library/Developer/Xcode/DerivedData/ModuleCache.noindex/_DarwinFoundation3-6XKFRZSVJT3B779H5WG0FLBHZ.pcm

SwiftCompile normal arm64 Compiling\ AulaCRMApp.swift,\ BackupManager.swift,\ Contacto+Extensions.swift,\ ContentView.swift /Users/arturo/Desktop/Aula_CRM/AulaCRM/AulaCRM/AulaCRMApp.swift /Users/arturo/Desktop/Aula_CRM/AulaCRM/AulaCRM/BackupManager.swift /Users/arturo/Desktop/Aula_CRM/AulaCRM/AulaCRM/Contacto+Extensions.swift /Users/arturo/Desktop/Aula_CRM/AulaCRM/AulaCRM/ContentView.swift (in target 'AulaCRM' from project 'AulaCRM')

SwiftCompile normal arm64 /Users/arturo/Desktop/Aula_CRM/AulaCRM/AulaCRM/AulaCRMApp.swift (in target 'AulaCRM' from project 'AulaCRM')
    cd /Users/arturo/Desktop/Aula_CRM/AulaCRM
    

SwiftCompile normal arm64 /Users/arturo/Desktop/Aula_CRM/AulaCRM/AulaCRM/BackupManager.swift (in target 'AulaCRM' from project 'AulaCRM')
    cd /Users/arturo/Desktop/Aula_CRM/AulaCRM
    

SwiftCompile normal arm64 /Users/arturo/Desktop/Aula_CRM/AulaCRM/AulaCRM/Contacto+Extensions.swift (in target 'AulaCRM' from project 'AulaCRM')
    cd /Users/arturo/Desktop/Aula_CRM/AulaCRM
    

SwiftCompile normal arm64 /Users/arturo/Desktop/Aula_CRM/AulaCRM/AulaCRM/ContentView.swift (in target 'AulaCRM' from project 'AulaCRM')
    cd /Users/arturo/Desktop/Aula_CRM/AulaCRM
    
/Users/arturo/Desktop/Aula_CRM/AulaCRM/AulaCRM/ContentView.swift:761:63: warning: main actor-isolated static property 'shared' cannot be accessed from outside of the actor; this is an error in the Swift 6 language mode
                        let bgContext = PersistenceController.shared.container.newBackgroundContext()
                                        ~~~~~~~~~~~~~~~~~~~~~~^~~~~~~~~~~~~~~~~~~~~~~~~~~~~~~~~~~~~~~
                                        await 

SwiftExplicitDependencyGeneratePcm x86_64 /Users/arturo/Library/Developer/Xcode/DerivedData/ModuleCache.noindex/_Builtin_intrinsics-8DDQG21H83C84VRKGKDKFZZ9J.pcm

SwiftDriverJobDiscovery normal arm64 Emitting module for AulaCRM (in target 'AulaCRM' from project 'AulaCRM')

SwiftDriver\ Compilation\ Requirements AulaCRM normal arm64 com.apple.xcode.tools.swift.compiler (in target 'AulaCRM' from project 'AulaCRM')
    cd /Users/arturo/Desktop/Aula_CRM/AulaCRM
    builtin-Swift-Compilation-Requirements -- /Applications/Xcode.app/Contents/Developer/Toolchains/XcodeDefault.xctoolchain/usr/bin/swiftc -module-name AulaCRM -Onone -enforce-exclusivity\=checked @/Users/arturo/Library/Developer/Xcode/DerivedData/AulaCRM-bupnftqbynphepejtxbugmlyzijp/Build/Intermediates.noindex/AulaCRM.build/Debug-iphonesimulator/AulaCRM.build/Objects-normal/arm64/AulaCRM.SwiftFileList -DDEBUG -default-isolation\=MainActor -enable-bare-slash-regex -enable-upcoming-feature DisableOutwardActorInference -enable-upcoming-feature InferSendableFromCaptures -enable-upcoming-feature GlobalActorIsolatedTypesUsability -enable-upcoming-feature MemberImportVisibility -enable-upcoming-feature InferIsolatedConformances -enable-upcoming-feature NonisolatedNonsendingByDefault -enable-experimental-feature DebugDescriptionMacro -sdk /Applications/Xcode.app/Contents/Developer/Platforms/iPhoneSimulator.platform/Developer/SDKs/iPhoneSimulator26.1.sdk -target arm64-apple-ios26.1-simulator -g -module-cache-path /Users/arturo/Library/Developer/Xcode/DerivedData/ModuleCache.noindex -Xfrontend -serialize-debugging-options -enable-testing -index-store-path /Users/arturo/Library/Developer/Xcode/DerivedData/AulaCRM-bupnftqbynphepejtxbugmlyzijp/Index.noindex/DataStore -Xcc -D_LIBCPP_HARDENING_MODE\=_LIBCPP_HARDENING_MODE_DEBUG -swift-version 5 -I /Users/arturo/Library/Developer/Xcode/DerivedData/AulaCRM-bupnftqbynphepejtxbugmlyzijp/Build/Products/Debug-iphonesimulator -F /Users/arturo/Library/Developer/Xcode/DerivedData/AulaCRM-bupnftqbynphepejtxbugmlyzijp/Build/Products/Debug-iphonesimulator -emit-localized-strings -emit-localized-strings-path /Users/arturo/Library/Developer/Xcode/DerivedData/AulaCRM-bupnftqbynphepejtxbugmlyzijp/Build/Intermediates.noindex/AulaCRM.build/Debug-iphonesimulator/AulaCRM.build/Objects-normal/arm64 -c -j10 -enable-batch-mode -incremental -Xcc -ivfsstatcache -Xcc /Users/arturo/Library/Developer/Xcode/DerivedData/SDKStatCaches.noindex/iphonesimulator26.1-23B77-90cf18a4295e390e64c810bc6bd7acbc.sdkstatcache -output-file-map /Users/arturo/Library/Developer/Xcode/DerivedData/AulaCRM-bupnftqbynphepejtxbugmlyzijp/Build/Intermediates.noindex/AulaCRM.build/Debug-iphonesimulator/AulaCRM.build/Objects-normal/arm64/AulaCRM-OutputFileMap.json -use-frontend-parseable-output -save-temps -no-color-diagnostics -explicit-module-build -module-cache-path /Users/arturo/Library/Developer/Xcode/DerivedData/AulaCRM-bupnftqbynphepejtxbugmlyzijp/Build/Intermediates.noindex/SwiftExplicitPrecompiledModules -clang-scanner-module-cache-path /Users/arturo/Library/Developer/Xcode/DerivedData/ModuleCache.noindex -sdk-module-cache-path /Users/arturo/Library/Developer/Xcode/DerivedData/ModuleCache.noindex -serialize-diagnostics -emit-dependencies -emit-module -emit-module-path /Users/arturo/Library/Developer/Xcode/DerivedData/AulaCRM-bupnftqbynphepejtxbugmlyzijp/Build/Intermediates.noindex/AulaCRM.build/Debug-iphonesimulator/AulaCRM.build/Objects-normal/arm64/AulaCRM.swiftmodule -validate-clang-modules-once -clang-build-session-file /Users/arturo/Library/Developer/Xcode/DerivedData/ModuleCache.noindex/Session.modulevalidation -Xcc -I/Users/arturo/Library/Developer/Xcode/DerivedData/AulaCRM-bupnftqbynphepejtxbugmlyzijp/Build/Intermediates.noindex/AulaCRM.build/Debug-iphonesimulator/AulaCRM.build/swift-overrides.hmap -emit-const-values -Xfrontend -const-gather-protocols-file -Xfrontend /Users/arturo/Library/Developer/Xcode/DerivedData/AulaCRM-bupnftqbynphepejtxbugmlyzijp/Build/Intermediates.noindex/AulaCRM.build/Debug-iphonesimulator/AulaCRM.build/Objects-normal/arm64/AulaCRM_const_extract_protocols.json -Xcc -iquote -Xcc /Users/arturo/Library/Developer/Xcode/DerivedData/AulaCRM-bupnftqbynphepejtxbugmlyzijp/Build/Intermediates.noindex/AulaCRM.build/Debug-iphonesimulator/AulaCRM.build/AulaCRM-generated-files.hmap -Xcc -I/Users/arturo/Library/Developer/Xcode/DerivedData/AulaCRM-bupnftqbynphepejtxbugmlyzijp/Build/Intermediates.noindex/AulaCRM.build/Debug-iphonesimulator/AulaCRM.build/AulaCRM-own-target-headers.hmap -Xcc -I/Users/arturo/Library/Developer/Xcode/DerivedData/AulaCRM-bupnftqbynphepejtxbugmlyzijp/Build/Intermediates.noindex/AulaCRM.build/Debug-iphonesimulator/AulaCRM.build/AulaCRM-all-target-headers.hmap -Xcc -iquote -Xcc /Users/arturo/Library/Developer/Xcode/DerivedData/AulaCRM-bupnftqbynphepejtxbugmlyzijp/Build/Intermediates.noindex/AulaCRM.build/Debug-iphonesimulator/AulaCRM.build/AulaCRM-project-headers.hmap -Xcc -I/Users/arturo/Library/Developer/Xcode/DerivedData/AulaCRM-bupnftqbynphepejtxbugmlyzijp/Build/Products/Debug-iphonesimulator/include -Xcc -I/Users/arturo/Library/Developer/Xcode/DerivedData/AulaCRM-bupnftqbynphepejtxbugmlyzijp/Build/Intermediates.noindex/AulaCRM.build/Debug-iphonesimulator/AulaCRM.build/DerivedSources-normal/arm64 -Xcc -I/Users/arturo/Library/Developer/Xcode/DerivedData/AulaCRM-bupnftqbynphepejtxbugmlyzijp/Build/Intermediates.noindex/AulaCRM.build/Debug-iphonesimulator/AulaCRM.build/DerivedSources/arm64 -Xcc -I/Users/arturo/Library/Developer/Xcode/DerivedData/AulaCRM-bupnftqbynphepejtxbugmlyzijp/Build/Intermediates.noindex/AulaCRM.build/Debug-iphonesimulator/AulaCRM.build/DerivedSources -Xcc -DDEBUG\=1 -emit-objc-header -emit-objc-header-path /Users/arturo/Library/Developer/Xcode/DerivedData/AulaCRM-bupnftqbynphepejtxbugmlyzijp/Build/Intermediates.noindex/AulaCRM.build/Debug-iphonesimulator/AulaCRM.build/Objects-normal/arm64/AulaCRM-Swift.h -working-directory /Users/arturo/Desktop/Aula_CRM/AulaCRM -experimental-emit-module-separately -disable-cmo

SwiftExplicitDependencyGeneratePcm x86_64 /Users/arturo/Library/Developer/Xcode/DerivedData/ModuleCache.noindex/_Builtin_inttypes-527IS1RDVKMF4AD0IPHEDSS1K.pcm

Copy /Users/arturo/Library/Developer/Xcode/DerivedData/AulaCRM-bupnftqbynphepejtxbugmlyzijp/Build/Products/Debug-iphonesimulator/AulaCRM.swiftmodule/arm64-apple-ios-simulator.swiftmodule /Users/arturo/Library/Developer/Xcode/DerivedData/AulaCRM-bupnftqbynphepejtxbugmlyzijp/Build/Intermediates.noindex/AulaCRM.build/Debug-iphonesimulator/AulaCRM.build/Objects-normal/arm64/AulaCRM.swiftmodule (in target 'AulaCRM' from project 'AulaCRM')
    cd /Users/arturo/Desktop/Aula_CRM/AulaCRM
    builtin-copy -exclude .DS_Store -exclude CVS -exclude .svn -exclude .git -exclude .hg -resolve-src-symlinks -rename /Users/arturo/Library/Developer/Xcode/DerivedData/AulaCRM-bupnftqbynphepejtxbugmlyzijp/Build/Intermediates.noindex/AulaCRM.build/Debug-iphonesimulator/AulaCRM.build/Objects-normal/arm64/AulaCRM.swiftmodule /Users/arturo/Library/Developer/Xcode/DerivedData/AulaCRM-bupnftqbynphepejtxbugmlyzijp/Build/Products/Debug-iphonesimulator/AulaCRM.swiftmodule/arm64-apple-ios-simulator.swiftmodule

Copy /Users/arturo/Library/Developer/Xcode/DerivedData/AulaCRM-bupnftqbynphepejtxbugmlyzijp/Build/Products/Debug-iphonesimulator/AulaCRM.swiftmodule/arm64-apple-ios-simulator.swiftdoc /Users/arturo/Library/Developer/Xcode/DerivedData/AulaCRM-bupnftqbynphepejtxbugmlyzijp/Build/Intermediates.noindex/AulaCRM.build/Debug-iphonesimulator/AulaCRM.build/Objects-normal/arm64/AulaCRM.swiftdoc (in target 'AulaCRM' from project 'AulaCRM')
    cd /Users/arturo/Desktop/Aula_CRM/AulaCRM
    builtin-copy -exclude .DS_Store -exclude CVS -exclude .svn -exclude .git -exclude .hg -resolve-src-symlinks -rename /Users/arturo/Library/Developer/Xcode/DerivedData/AulaCRM-bupnftqbynphepejtxbugmlyzijp/Build/Intermediates.noindex/AulaCRM.build/Debug-iphonesimulator/AulaCRM.build/Objects-normal/arm64/AulaCRM.swiftdoc /Users/arturo/Library/Developer/Xcode/DerivedData/AulaCRM-bupnftqbynphepejtxbugmlyzijp/Build/Products/Debug-iphonesimulator/AulaCRM.swiftmodule/arm64-apple-ios-simulator.swiftdoc

Copy /Users/arturo/Library/Developer/Xcode/DerivedData/AulaCRM-bupnftqbynphepejtxbugmlyzijp/Build/Products/Debug-iphonesimulator/AulaCRM.swiftmodule/arm64-apple-ios-simulator.abi.json /Users/arturo/Library/Developer/Xcode/DerivedData/AulaCRM-bupnftqbynphepejtxbugmlyzijp/Build/Intermediates.noindex/AulaCRM.build/Debug-iphonesimulator/AulaCRM.build/Objects-normal/arm64/AulaCRM.abi.json (in target 'AulaCRM' from project 'AulaCRM')
    cd /Users/arturo/Desktop/Aula_CRM/AulaCRM
    builtin-copy -exclude .DS_Store -exclude CVS -exclude .svn -exclude .git -exclude .hg -resolve-src-symlinks -rename /Users/arturo/Library/Developer/Xcode/DerivedData/AulaCRM-bupnftqbynphepejtxbugmlyzijp/Build/Intermediates.noindex/AulaCRM.build/Debug-iphonesimulator/AulaCRM.build/Objects-normal/arm64/AulaCRM.abi.json /Users/arturo/Library/Developer/Xcode/DerivedData/AulaCRM-bupnftqbynphepejtxbugmlyzijp/Build/Products/Debug-iphonesimulator/AulaCRM.swiftmodule/arm64-apple-ios-simulator.abi.json

Copy /Users/arturo/Library/Developer/Xcode/DerivedData/AulaCRM-bupnftqbynphepejtxbugmlyzijp/Build/Products/Debug-iphonesimulator/AulaCRM.swiftmodule/Project/arm64-apple-ios-simulator.swiftsourceinfo /Users/arturo/Library/Developer/Xcode/DerivedData/AulaCRM-bupnftqbynphepejtxbugmlyzijp/Build/Intermediates.noindex/AulaCRM.build/Debug-iphonesimulator/AulaCRM.build/Objects-normal/arm64/AulaCRM.swiftsourceinfo (in target 'AulaCRM' from project 'AulaCRM')
    cd /Users/arturo/Desktop/Aula_CRM/AulaCRM
    builtin-copy -exclude .DS_Store -exclude CVS -exclude .svn -exclude .git -exclude .hg -resolve-src-symlinks -rename /Users/arturo/Library/Developer/Xcode/DerivedData/AulaCRM-bupnftqbynphepejtxbugmlyzijp/Build/Intermediates.noindex/AulaCRM.build/Debug-iphonesimulator/AulaCRM.build/Objects-normal/arm64/AulaCRM.swiftsourceinfo /Users/arturo/Library/Developer/Xcode/DerivedData/AulaCRM-bupnftqbynphepejtxbugmlyzijp/Build/Products/Debug-iphonesimulator/AulaCRM.swiftmodule/Project/arm64-apple-ios-simulator.swiftsourceinfo

SwiftExplicitDependencyGeneratePcm x86_64 /Users/arturo/Library/Developer/Xcode/DerivedData/ModuleCache.noindex/simd-AOGSWUIKKG5QOOTITMWCBQYV2.pcm

SwiftExplicitDependencyGeneratePcm x86_64 /Users/arturo/Library/Developer/Xcode/DerivedData/ModuleCache.noindex/Darwin-D2HV6K38P2OH0X9V5QFSMFJOT.pcm

SwiftDriverJobDiscovery normal arm64 Compiling Factura+CoreDataClass.swift, Factura+CoreDataProperties.swift, LineaFactura+CoreDataClass.swift (in target 'AulaCRM' from project 'AulaCRM')

SwiftCompile normal arm64 Compiling\ Persona+CoreDataClass.swift,\ Persona+CoreDataProperties.swift,\ Producto+CoreDataClass.swift,\ Producto+CoreDataProperties.swift /Users/arturo/Library/Developer/Xcode/DerivedData/AulaCRM-bupnftqbynphepejtxbugmlyzijp/Build/Intermediates.noindex/AulaCRM.build/Debug-iphonesimulator/AulaCRM.build/DerivedSources/CoreDataGenerated/AulaCRM/Persona+CoreDataClass.swift /Users/arturo/Library/Developer/Xcode/DerivedData/AulaCRM-bupnftqbynphepejtxbugmlyzijp/Build/Intermediates.noindex/AulaCRM.build/Debug-iphonesimulator/AulaCRM.build/DerivedSources/CoreDataGenerated/AulaCRM/Persona+CoreDataProperties.swift /Users/arturo/Library/Developer/Xcode/DerivedData/AulaCRM-bupnftqbynphepejtxbugmlyzijp/Build/Intermediates.noindex/AulaCRM.build/Debug-iphonesimulator/AulaCRM.build/DerivedSources/CoreDataGenerated/AulaCRM/Producto+CoreDataClass.swift /Users/arturo/Library/Developer/Xcode/DerivedData/AulaCRM-bupnftqbynphepejtxbugmlyzijp/Build/Intermediates.noindex/AulaCRM.build/Debug-iphonesimulator/AulaCRM.build/DerivedSources/CoreDataGenerated/AulaCRM/Producto+CoreDataProperties.swift (in target 'AulaCRM' from project 'AulaCRM')

SwiftCompile normal arm64 /Users/arturo/Library/Developer/Xcode/DerivedData/AulaCRM-bupnftqbynphepejtxbugmlyzijp/Build/Intermediates.noindex/AulaCRM.build/Debug-iphonesimulator/AulaCRM.build/DerivedSources/CoreDataGenerated/AulaCRM/Persona+CoreDataClass.swift (in target 'AulaCRM' from project 'AulaCRM')
    cd /Users/arturo/Desktop/Aula_CRM/AulaCRM
    

SwiftCompile normal arm64 /Users/arturo/Library/Developer/Xcode/DerivedData/AulaCRM-bupnftqbynphepejtxbugmlyzijp/Build/Intermediates.noindex/AulaCRM.build/Debug-iphonesimulator/AulaCRM.build/DerivedSources/CoreDataGenerated/AulaCRM/Persona+CoreDataProperties.swift (in target 'AulaCRM' from project 'AulaCRM')
    cd /Users/arturo/Desktop/Aula_CRM/AulaCRM
    

SwiftCompile normal arm64 /Users/arturo/Library/Developer/Xcode/DerivedData/AulaCRM-bupnftqbynphepejtxbugmlyzijp/Build/Intermediates.noindex/AulaCRM.build/Debug-iphonesimulator/AulaCRM.build/DerivedSources/CoreDataGenerated/AulaCRM/Producto+CoreDataClass.swift (in target 'AulaCRM' from project 'AulaCRM')
    cd /Users/arturo/Desktop/Aula_CRM/AulaCRM
    

SwiftCompile normal arm64 /Users/arturo/Library/Developer/Xcode/DerivedData/AulaCRM-bupnftqbynphepejtxbugmlyzijp/Build/Intermediates.noindex/AulaCRM.build/Debug-iphonesimulator/AulaCRM.build/DerivedSources/CoreDataGenerated/AulaCRM/Producto+CoreDataProperties.swift (in target 'AulaCRM' from project 'AulaCRM')
    cd /Users/arturo/Desktop/Aula_CRM/AulaCRM
    

SwiftCompile normal arm64 Compiling\ LineaFactura+CoreDataProperties.swift,\ AulaCRM+CoreDataModel.swift,\ GeneratedAssetSymbols.swift /Users/arturo/Library/Developer/Xcode/DerivedData/AulaCRM-bupnftqbynphepejtxbugmlyzijp/Build/Intermediates.noindex/AulaCRM.build/Debug-iphonesimulator/AulaCRM.build/DerivedSources/CoreDataGenerated/AulaCRM/LineaFactura+CoreDataProperties.swift /Users/arturo/Library/Developer/Xcode/DerivedData/AulaCRM-bupnftqbynphepejtxbugmlyzijp/Build/Intermediates.noindex/AulaCRM.build/Debug-iphonesimulator/AulaCRM.build/DerivedSources/CoreDataGenerated/AulaCRM/AulaCRM+CoreDataModel.swift /Users/arturo/Library/Developer/Xcode/DerivedData/AulaCRM-bupnftqbynphepejtxbugmlyzijp/Build/Intermediates.noindex/AulaCRM.build/Debug-iphonesimulator/AulaCRM.build/DerivedSources/GeneratedAssetSymbols.swift (in target 'AulaCRM' from project 'AulaCRM')

SwiftCompile normal arm64 /Users/arturo/Library/Developer/Xcode/DerivedData/AulaCRM-bupnftqbynphepejtxbugmlyzijp/Build/Intermediates.noindex/AulaCRM.build/Debug-iphonesimulator/AulaCRM.build/DerivedSources/CoreDataGenerated/AulaCRM/LineaFactura+CoreDataProperties.swift (in target 'AulaCRM' from project 'AulaCRM')
    cd /Users/arturo/Desktop/Aula_CRM/AulaCRM
    

SwiftCompile normal arm64 /Users/arturo/Library/Developer/Xcode/DerivedData/AulaCRM-bupnftqbynphepejtxbugmlyzijp/Build/Intermediates.noindex/AulaCRM.build/Debug-iphonesimulator/AulaCRM.build/DerivedSources/CoreDataGenerated/AulaCRM/AulaCRM+CoreDataModel.swift (in target 'AulaCRM' from project 'AulaCRM')
    cd /Users/arturo/Desktop/Aula_CRM/AulaCRM
    

SwiftCompile normal arm64 /Users/arturo/Library/Developer/Xcode/DerivedData/AulaCRM-bupnftqbynphepejtxbugmlyzijp/Build/Intermediates.noindex/AulaCRM.build/Debug-iphonesimulator/AulaCRM.build/DerivedSources/GeneratedAssetSymbols.swift (in target 'AulaCRM' from project 'AulaCRM')
    cd /Users/arturo/Desktop/Aula_CRM/AulaCRM
    

SwiftDriverJobDiscovery normal arm64 Compiling Contacto+CoreDataClass.swift, Contacto+CoreDataProperties.swift, Conversacion+CoreDataClass.swift, Conversacion+CoreDataProperties.swift (in target 'AulaCRM' from project 'AulaCRM')

SwiftDriverJobDiscovery normal arm64 Compiling MovimientoAlmacen+CoreDataClass.swift, MovimientoAlmacen+CoreDataProperties.swift, Tipo+CoreDataClass.swift, Tipo+CoreDataProperties.swift (in target 'AulaCRM' from project 'AulaCRM')

SwiftExplicitDependencyGeneratePcm x86_64 /Users/arturo/Library/Developer/Xcode/DerivedData/ModuleCache.noindex/Spatial-2K4XDXFBWC0T6TF3XS6CIGSIB.pcm

SwiftDriverJobDiscovery normal arm64 Compiling Persona+CoreDataClass.swift, Persona+CoreDataProperties.swift, Producto+CoreDataClass.swift, Producto+CoreDataProperties.swift (in target 'AulaCRM' from project 'AulaCRM')

SwiftExplicitDependencyGeneratePcm x86_64 /Users/arturo/Library/Developer/Xcode/DerivedData/ModuleCache.noindex/MachO-DR4ICUIYG96X4173A836DP7QR.pcm

SwiftExplicitDependencyGeneratePcm x86_64 /Users/arturo/Library/Developer/Xcode/DerivedData/ModuleCache.noindex/ObjectiveC-5D99P4N8ZZMP0XX49I0FDQYMF.pcm

SwiftExplicitDependencyGeneratePcm x86_64 /Users/arturo/Library/Developer/Xcode/DerivedData/ModuleCache.noindex/os_object-57LICBGGYZI3FJF9JAVOVWV30.pcm

SwiftExplicitDependencyGeneratePcm x86_64 /Users/arturo/Library/Developer/Xcode/DerivedData/ModuleCache.noindex/os_workgroup-1CA3PFDVLP5I8JHAKU9LA3RWV.pcm

SwiftExplicitDependencyGeneratePcm x86_64 /Users/arturo/Library/Developer/Xcode/DerivedData/ModuleCache.noindex/Dispatch-51O4WIBQLMSA8NMGI5HEB8TFG.pcm

SwiftExplicitDependencyGeneratePcm x86_64 /Users/arturo/Library/Developer/Xcode/DerivedData/ModuleCache.noindex/CoreFoundation-DCDJ5GX34V1TDAG3V1R9TVVF4.pcm

SwiftExplicitDependencyGeneratePcm x86_64 /Users/arturo/Library/Developer/Xcode/DerivedData/ModuleCache.noindex/XPC-1CQRKFISEWPUKJVSOYZFXWGFZ.pcm

SwiftExplicitDependencyGeneratePcm x86_64 /Users/arturo/Library/Developer/Xcode/DerivedData/ModuleCache.noindex/os-6U5J3NTL2CBXCO1T57TY8BXF7.pcm

SwiftExplicitDependencyGeneratePcm x86_64 /Users/arturo/Library/Developer/Xcode/DerivedData/ModuleCache.noindex/Security-ETM2PFOZT3760IKHA7UJB6ODU.pcm

SwiftExplicitDependencyGeneratePcm x86_64 /Users/arturo/Library/Developer/Xcode/DerivedData/ModuleCache.noindex/CoreGraphics-C899WPFI146HFW276E9BPMDK9.pcm

SwiftExplicitDependencyGeneratePcm x86_64 /Users/arturo/Library/Developer/Xcode/DerivedData/ModuleCache.noindex/CFNetwork-70NGYXFY89VXUJ51R80HCFOVW.pcm

SwiftExplicitDependencyGeneratePcm x86_64 /Users/arturo/Library/Developer/Xcode/DerivedData/ModuleCache.noindex/Foundation-C0145F9LONS1SS17NQU35UYG9.pcm

SwiftExplicitDependencyGeneratePcm x86_64 /Users/arturo/Library/Developer/Xcode/DerivedData/ModuleCache.noindex/CoreText-651H5UDQ7LPUIQ451NPUWKRWO.pcm

SwiftExplicitDependencyGeneratePcm x86_64 /Users/arturo/Library/Developer/Xcode/DerivedData/ModuleCache.noindex/ImageIO-AU0KRFGBIHDNU59A6128IVA1Z.pcm

SwiftDriverJobDiscovery normal arm64 Compiling SelectableText.swift, test_pdf.swift, Compra+CoreDataClass.swift, Compra+CoreDataProperties.swift (in target 'AulaCRM' from project 'AulaCRM')

SwiftDriverJobDiscovery normal arm64 Compiling CSVImporter.swift, FacturaPDFGenerator.swift, Persistence.swift, Producto+Extensions.swift (in target 'AulaCRM' from project 'AulaCRM')

SwiftExplicitDependencyGeneratePcm x86_64 /Users/arturo/Library/Developer/Xcode/DerivedData/ModuleCache.noindex/_LocationEssentials-57BBON0OASSVV1RXVI6YZOKMS.pcm

SwiftExplicitDependencyGeneratePcm x86_64 /Users/arturo/Library/Developer/Xcode/DerivedData/ModuleCache.noindex/UserNotifications-273PUGTQHYVY5YKKR0PV42HVF.pcm

SwiftExplicitDependencyGeneratePcm x86_64 /Users/arturo/Library/Developer/Xcode/DerivedData/ModuleCache.noindex/CoreData-F2HPUJYNHX09VRDUQOS0OE4O0.pcm

SwiftExplicitDependencyGeneratePcm x86_64 /Users/arturo/Library/Developer/Xcode/DerivedData/ModuleCache.noindex/FileProvider-EYPNXGMIBORK1016ZWKBRWZTW.pcm

SwiftExplicitDependencyGeneratePcm x86_64 /Users/arturo/Library/Developer/Xcode/DerivedData/ModuleCache.noindex/OpenGLES-E54ONG5YZ8UZ1ZTKRF4MVFKN.pcm

SwiftExplicitDependencyGeneratePcm x86_64 /Users/arturo/Library/Developer/Xcode/DerivedData/ModuleCache.noindex/Accessibility-A058B3UEUR0AMI3PZBE2YIKXZ.pcm

SwiftExplicitDependencyGeneratePcm x86_64 /Users/arturo/Library/Developer/Xcode/DerivedData/ModuleCache.noindex/UIUtilities-CZEJ1W1NHRQMIFH3CO00G4JXV.pcm

SwiftExplicitDependencyGeneratePcm x86_64 /Users/arturo/Library/Developer/Xcode/DerivedData/ModuleCache.noindex/IOSurface-1MZD6SN3MN4Z1O68IUIW4LP03.pcm

SwiftExplicitDependencyGeneratePcm x86_64 /Users/arturo/Library/Developer/Xcode/DerivedData/ModuleCache.noindex/CoreLocation-4O6S176E9KIE1GFSR3M1YZJ9V.pcm

SwiftExplicitDependencyGeneratePcm x86_64 /Users/arturo/Library/Developer/Xcode/DerivedData/ModuleCache.noindex/DataDetection-CXKYQLAESZPP0P86ET4EA0CYV.pcm

SwiftExplicitDependencyGeneratePcm x86_64 /Users/arturo/Library/Developer/Xcode/DerivedData/ModuleCache.noindex/UniformTypeIdentifiers-6P9D2F7E89O0MTWWJLXUW4LW5.pcm

SwiftDriverJobDiscovery normal arm64 Compiling LineaFactura+CoreDataProperties.swift, AulaCRM+CoreDataModel.swift, GeneratedAssetSymbols.swift (in target 'AulaCRM' from project 'AulaCRM')

SwiftExplicitDependencyGeneratePcm x86_64 /Users/arturo/Library/Developer/Xcode/DerivedData/ModuleCache.noindex/OSLog-CPEVFHV7JPG299W6BOSU2PFQZ.pcm

SwiftExplicitDependencyGeneratePcm x86_64 /Users/arturo/Library/Developer/Xcode/DerivedData/ModuleCache.noindex/CoreTransferable-52K6G6DGZDNO1OL2OY2POG82V.pcm

SwiftExplicitDependencyGeneratePcm x86_64 /Users/arturo/Library/Developer/Xcode/DerivedData/ModuleCache.noindex/Metal-1KCN116JQNRLRKG03NOHWKNQ9.pcm

SwiftExplicitDependencyGeneratePcm x86_64 /Users/arturo/Library/Developer/Xcode/DerivedData/ModuleCache.noindex/Symbols-94BCHU9YSKX9DKLKF52R0FGFD.pcm

SwiftExplicitDependencyGeneratePcm x86_64 /Users/arturo/Library/Developer/Xcode/DerivedData/ModuleCache.noindex/CoreVideo-A2W49LFSDWMZOOCKM0O5A4PSU.pcm

SwiftExplicitDependencyGeneratePcm x86_64 /Users/arturo/Library/Developer/Xcode/DerivedData/ModuleCache.noindex/CoreImage-JFZGTID6SCXQHJDVXGSJCUA5.pcm

SwiftExplicitDependencyGeneratePcm x86_64 /Users/arturo/Library/Developer/Xcode/DerivedData/ModuleCache.noindex/QuartzCore-596752VHGNIY67QVVEGXXFHW8.pcm

SwiftExplicitDependencyGeneratePcm x86_64 /Users/arturo/Library/Developer/Xcode/DerivedData/ModuleCache.noindex/SwiftUICore-3MJ8UUTTODPSN4TFX2EE0V3D.pcm

SwiftExplicitDependencyGeneratePcm x86_64 /Users/arturo/Library/Developer/Xcode/DerivedData/ModuleCache.noindex/UIKit-1E9O0A4YHZHMA0S6MULBRB4KO.pcm

SwiftDriverJobDiscovery normal arm64 Compiling AulaCRMApp.swift, BackupManager.swift, Contacto+Extensions.swift, ContentView.swift (in target 'AulaCRM' from project 'AulaCRM')

SwiftDriverJobDiscovery normal arm64 Compiling AlmacenView.swift, ContactDetailMiniView.swift, DetailTabView.swift, FacturasTabView.swift (in target 'AulaCRM' from project 'AulaCRM')

SwiftExplicitDependencyGeneratePcm x86_64 /Users/arturo/Library/Developer/Xcode/DerivedData/ModuleCache.noindex/SwiftUI-9JKYJMEM2QXM3E1RQXIXIVDXN.pcm

SwiftExplicitDependencyGeneratePcm x86_64 /Users/arturo/Library/Developer/Xcode/DerivedData/ModuleCache.noindex/PDFKit-6RDVQMUAY8D2DWE5V0BGS8QLJ.pcm

SwiftExplicitDependencyGeneratePcm x86_64 /Users/arturo/Library/Developer/Xcode/DerivedData/ModuleCache.noindex/MapKit-EX9F5IUYL5R547RJFYWHB3V05.pcm

SwiftEmitModule normal x86_64 Emitting\ module\ for\ AulaCRM (in target 'AulaCRM' from project 'AulaCRM')

EmitSwiftModule normal x86_64 (in target 'AulaCRM' from project 'AulaCRM')
    cd /Users/arturo/Desktop/Aula_CRM/AulaCRM
    

SwiftCompile normal x86_64 Compiling\ LineaFactura+CoreDataProperties.swift,\ AulaCRM+CoreDataModel.swift,\ GeneratedAssetSymbols.swift /Users/arturo/Library/Developer/Xcode/DerivedData/AulaCRM-bupnftqbynphepejtxbugmlyzijp/Build/Intermediates.noindex/AulaCRM.build/Debug-iphonesimulator/AulaCRM.build/DerivedSources/CoreDataGenerated/AulaCRM/LineaFactura+CoreDataProperties.swift /Users/arturo/Library/Developer/Xcode/DerivedData/AulaCRM-bupnftqbynphepejtxbugmlyzijp/Build/Intermediates.noindex/AulaCRM.build/Debug-iphonesimulator/AulaCRM.build/DerivedSources/CoreDataGenerated/AulaCRM/AulaCRM+CoreDataModel.swift /Users/arturo/Library/Developer/Xcode/DerivedData/AulaCRM-bupnftqbynphepejtxbugmlyzijp/Build/Intermediates.noindex/AulaCRM.build/Debug-iphonesimulator/AulaCRM.build/DerivedSources/GeneratedAssetSymbols.swift (in target 'AulaCRM' from project 'AulaCRM')

SwiftCompile normal x86_64 /Users/arturo/Library/Developer/Xcode/DerivedData/AulaCRM-bupnftqbynphepejtxbugmlyzijp/Build/Intermediates.noindex/AulaCRM.build/Debug-iphonesimulator/AulaCRM.build/DerivedSources/CoreDataGenerated/AulaCRM/LineaFactura+CoreDataProperties.swift (in target 'AulaCRM' from project 'AulaCRM')
    cd /Users/arturo/Desktop/Aula_CRM/AulaCRM
    

SwiftCompile normal x86_64 /Users/arturo/Library/Developer/Xcode/DerivedData/AulaCRM-bupnftqbynphepejtxbugmlyzijp/Build/Intermediates.noindex/AulaCRM.build/Debug-iphonesimulator/AulaCRM.build/DerivedSources/CoreDataGenerated/AulaCRM/AulaCRM+CoreDataModel.swift (in target 'AulaCRM' from project 'AulaCRM')
    cd /Users/arturo/Desktop/Aula_CRM/AulaCRM
    

SwiftCompile normal x86_64 /Users/arturo/Library/Developer/Xcode/DerivedData/AulaCRM-bupnftqbynphepejtxbugmlyzijp/Build/Intermediates.noindex/AulaCRM.build/Debug-iphonesimulator/AulaCRM.build/DerivedSources/GeneratedAssetSymbols.swift (in target 'AulaCRM' from project 'AulaCRM')
    cd /Users/arturo/Desktop/Aula_CRM/AulaCRM
    

SwiftCompile normal x86_64 Compiling\ Persona+CoreDataClass.swift,\ Persona+CoreDataProperties.swift,\ Producto+CoreDataClass.swift,\ Producto+CoreDataProperties.swift /Users/arturo/Library/Developer/Xcode/DerivedData/AulaCRM-bupnftqbynphepejtxbugmlyzijp/Build/Intermediates.noindex/AulaCRM.build/Debug-iphonesimulator/AulaCRM.build/DerivedSources/CoreDataGenerated/AulaCRM/Persona+CoreDataClass.swift /Users/arturo/Library/Developer/Xcode/DerivedData/AulaCRM-bupnftqbynphepejtxbugmlyzijp/Build/Intermediates.noindex/AulaCRM.build/Debug-iphonesimulator/AulaCRM.build/DerivedSources/CoreDataGenerated/AulaCRM/Persona+CoreDataProperties.swift /Users/arturo/Library/Developer/Xcode/DerivedData/AulaCRM-bupnftqbynphepejtxbugmlyzijp/Build/Intermediates.noindex/AulaCRM.build/Debug-iphonesimulator/AulaCRM.build/DerivedSources/CoreDataGenerated/AulaCRM/Producto+CoreDataClass.swift /Users/arturo/Library/Developer/Xcode/DerivedData/AulaCRM-bupnftqbynphepejtxbugmlyzijp/Build/Intermediates.noindex/AulaCRM.build/Debug-iphonesimulator/AulaCRM.build/DerivedSources/CoreDataGenerated/AulaCRM/Producto+CoreDataProperties.swift (in target 'AulaCRM' from project 'AulaCRM')

SwiftCompile normal x86_64 /Users/arturo/Library/Developer/Xcode/DerivedData/AulaCRM-bupnftqbynphepejtxbugmlyzijp/Build/Intermediates.noindex/AulaCRM.build/Debug-iphonesimulator/AulaCRM.build/DerivedSources/CoreDataGenerated/AulaCRM/Persona+CoreDataClass.swift (in target 'AulaCRM' from project 'AulaCRM')
    cd /Users/arturo/Desktop/Aula_CRM/AulaCRM
    

SwiftCompile normal x86_64 /Users/arturo/Library/Developer/Xcode/DerivedData/AulaCRM-bupnftqbynphepejtxbugmlyzijp/Build/Intermediates.noindex/AulaCRM.build/Debug-iphonesimulator/AulaCRM.build/DerivedSources/CoreDataGenerated/AulaCRM/Persona+CoreDataProperties.swift (in target 'AulaCRM' from project 'AulaCRM')
    cd /Users/arturo/Desktop/Aula_CRM/AulaCRM
    

SwiftCompile normal x86_64 /Users/arturo/Library/Developer/Xcode/DerivedData/AulaCRM-bupnftqbynphepejtxbugmlyzijp/Build/Intermediates.noindex/AulaCRM.build/Debug-iphonesimulator/AulaCRM.build/DerivedSources/CoreDataGenerated/AulaCRM/Producto+CoreDataClass.swift (in target 'AulaCRM' from project 'AulaCRM')
    cd /Users/arturo/Desktop/Aula_CRM/AulaCRM
    

SwiftCompile normal x86_64 /Users/arturo/Library/Developer/Xcode/DerivedData/AulaCRM-bupnftqbynphepejtxbugmlyzijp/Build/Intermediates.noindex/AulaCRM.build/Debug-iphonesimulator/AulaCRM.build/DerivedSources/CoreDataGenerated/AulaCRM/Producto+CoreDataProperties.swift (in target 'AulaCRM' from project 'AulaCRM')
    cd /Users/arturo/Desktop/Aula_CRM/AulaCRM
    

SwiftCompile normal x86_64 Compiling\ FilterView.swift,\ MapTabView.swift,\ NuevaFacturaView.swift,\ ShareSheet.swift /Users/arturo/Desktop/Aula_CRM/AulaCRM/AulaCRM/Views/FilterView.swift /Users/arturo/Desktop/Aula_CRM/AulaCRM/AulaCRM/Views/MapTabView.swift /Users/arturo/Desktop/Aula_CRM/AulaCRM/AulaCRM/Views/NuevaFacturaView.swift /Users/arturo/Desktop/Aula_CRM/AulaCRM/AulaCRM/Views/ShareSheet.swift (in target 'AulaCRM' from project 'AulaCRM')
SwiftCompile normal x86_64 /Users/arturo/Desktop/Aula_CRM/AulaCRM/AulaCRM/Views/FilterView.swift (in target 'AulaCRM' from project 'AulaCRM')
    cd /Users/arturo/Desktop/Aula_CRM/AulaCRM
    

SwiftCompile normal x86_64 /Users/arturo/Desktop/Aula_CRM/AulaCRM/AulaCRM/Views/MapTabView.swift (in target 'AulaCRM' from project 'AulaCRM')
    cd /Users/arturo/Desktop/Aula_CRM/AulaCRM
    

SwiftCompile normal x86_64 /Users/arturo/Desktop/Aula_CRM/AulaCRM/AulaCRM/Views/NuevaFacturaView.swift (in target 'AulaCRM' from project 'AulaCRM')
    cd /Users/arturo/Desktop/Aula_CRM/AulaCRM
    

SwiftCompile normal x86_64 /Users/arturo/Desktop/Aula_CRM/AulaCRM/AulaCRM/Views/ShareSheet.swift (in target 'AulaCRM' from project 'AulaCRM')
    cd /Users/arturo/Desktop/Aula_CRM/AulaCRM
    

SwiftCompile normal x86_64 Compiling\ MovimientoAlmacen+CoreDataClass.swift,\ MovimientoAlmacen+CoreDataProperties.swift,\ Tipo+CoreDataClass.swift,\ Tipo+CoreDataProperties.swift /Users/arturo/Library/Developer/Xcode/DerivedData/AulaCRM-bupnftqbynphepejtxbugmlyzijp/Build/Intermediates.noindex/AulaCRM.build/Debug-iphonesimulator/AulaCRM.build/DerivedSources/CoreDataGenerated/AulaCRM/MovimientoAlmacen+CoreDataClass.swift /Users/arturo/Library/Developer/Xcode/DerivedData/AulaCRM-bupnftqbynphepejtxbugmlyzijp/Build/Intermediates.noindex/AulaCRM.build/Debug-iphonesimulator/AulaCRM.build/DerivedSources/CoreDataGenerated/AulaCRM/MovimientoAlmacen+CoreDataProperties.swift /Users/arturo/Library/Developer/Xcode/DerivedData/AulaCRM-bupnftqbynphepejtxbugmlyzijp/Build/Intermediates.noindex/AulaCRM.build/Debug-iphonesimulator/AulaCRM.build/DerivedSources/CoreDataGenerated/AulaCRM/Tipo+CoreDataClass.swift /Users/arturo/Library/Developer/Xcode/DerivedData/AulaCRM-bupnftqbynphepejtxbugmlyzijp/Build/Intermediates.noindex/AulaCRM.build/Debug-iphonesimulator/AulaCRM.build/DerivedSources/CoreDataGenerated/AulaCRM/Tipo+CoreDataProperties.swift (in target 'AulaCRM' from project 'AulaCRM')

SwiftCompile normal x86_64 /Users/arturo/Library/Developer/Xcode/DerivedData/AulaCRM-bupnftqbynphepejtxbugmlyzijp/Build/Intermediates.noindex/AulaCRM.build/Debug-iphonesimulator/AulaCRM.build/DerivedSources/CoreDataGenerated/AulaCRM/MovimientoAlmacen+CoreDataClass.swift (in target 'AulaCRM' from project 'AulaCRM')
    cd /Users/arturo/Desktop/Aula_CRM/AulaCRM
    

SwiftCompile normal x86_64 /Users/arturo/Library/Developer/Xcode/DerivedData/AulaCRM-bupnftqbynphepejtxbugmlyzijp/Build/Intermediates.noindex/AulaCRM.build/Debug-iphonesimulator/AulaCRM.build/DerivedSources/CoreDataGenerated/AulaCRM/MovimientoAlmacen+CoreDataProperties.swift (in target 'AulaCRM' from project 'AulaCRM')
    cd /Users/arturo/Desktop/Aula_CRM/AulaCRM
    

SwiftCompile normal x86_64 /Users/arturo/Library/Developer/Xcode/DerivedData/AulaCRM-bupnftqbynphepejtxbugmlyzijp/Build/Intermediates.noindex/AulaCRM.build/Debug-iphonesimulator/AulaCRM.build/DerivedSources/CoreDataGenerated/AulaCRM/Tipo+CoreDataClass.swift (in target 'AulaCRM' from project 'AulaCRM')
    cd /Users/arturo/Desktop/Aula_CRM/AulaCRM
    

SwiftCompile normal x86_64 /Users/arturo/Library/Developer/Xcode/DerivedData/AulaCRM-bupnftqbynphepejtxbugmlyzijp/Build/Intermediates.noindex/AulaCRM.build/Debug-iphonesimulator/AulaCRM.build/DerivedSources/CoreDataGenerated/AulaCRM/Tipo+CoreDataProperties.swift (in target 'AulaCRM' from project 'AulaCRM')
    cd /Users/arturo/Desktop/Aula_CRM/AulaCRM
    

SwiftCompile normal x86_64 Compiling\ SelectableText.swift,\ test_pdf.swift,\ Compra+CoreDataClass.swift,\ Compra+CoreDataProperties.swift /Users/arturo/Desktop/Aula_CRM/AulaCRM/AulaCRM/SelectableText.swift /Users/arturo/Desktop/Aula_CRM/AulaCRM/AulaCRM/test_pdf.swift /Users/arturo/Library/Developer/Xcode/DerivedData/AulaCRM-bupnftqbynphepejtxbugmlyzijp/Build/Intermediates.noindex/AulaCRM.build/Debug-iphonesimulator/AulaCRM.build/DerivedSources/CoreDataGenerated/AulaCRM/Compra+CoreDataClass.swift /Users/arturo/Library/Developer/Xcode/DerivedData/AulaCRM-bupnftqbynphepejtxbugmlyzijp/Build/Intermediates.noindex/AulaCRM.build/Debug-iphonesimulator/AulaCRM.build/DerivedSources/CoreDataGenerated/AulaCRM/Compra+CoreDataProperties.swift (in target 'AulaCRM' from project 'AulaCRM')

SwiftCompile normal x86_64 /Users/arturo/Desktop/Aula_CRM/AulaCRM/AulaCRM/SelectableText.swift (in target 'AulaCRM' from project 'AulaCRM')
    cd /Users/arturo/Desktop/Aula_CRM/AulaCRM
    

SwiftCompile normal x86_64 /Users/arturo/Desktop/Aula_CRM/AulaCRM/AulaCRM/test_pdf.swift (in target 'AulaCRM' from project 'AulaCRM')
    cd /Users/arturo/Desktop/Aula_CRM/AulaCRM
    

SwiftCompile normal x86_64 /Users/arturo/Library/Developer/Xcode/DerivedData/AulaCRM-bupnftqbynphepejtxbugmlyzijp/Build/Intermediates.noindex/AulaCRM.build/Debug-iphonesimulator/AulaCRM.build/DerivedSources/CoreDataGenerated/AulaCRM/Compra+CoreDataClass.swift (in target 'AulaCRM' from project 'AulaCRM')
    cd /Users/arturo/Desktop/Aula_CRM/AulaCRM
    

SwiftCompile normal x86_64 /Users/arturo/Library/Developer/Xcode/DerivedData/AulaCRM-bupnftqbynphepejtxbugmlyzijp/Build/Intermediates.noindex/AulaCRM.build/Debug-iphonesimulator/AulaCRM.build/DerivedSources/CoreDataGenerated/AulaCRM/Compra+CoreDataProperties.swift (in target 'AulaCRM' from project 'AulaCRM')
    cd /Users/arturo/Desktop/Aula_CRM/AulaCRM
    

SwiftCompile normal x86_64 Compiling\ CSVImporter.swift,\ FacturaPDFGenerator.swift,\ Persistence.swift,\ Producto+Extensions.swift /Users/arturo/Desktop/Aula_CRM/AulaCRM/AulaCRM/CSVImporter.swift /Users/arturo/Desktop/Aula_CRM/AulaCRM/AulaCRM/FacturaPDFGenerator.swift /Users/arturo/Desktop/Aula_CRM/AulaCRM/AulaCRM/Persistence.swift /Users/arturo/Desktop/Aula_CRM/AulaCRM/AulaCRM/Producto+Extensions.swift (in target 'AulaCRM' from project 'AulaCRM')

SwiftCompile normal x86_64 /Users/arturo/Desktop/Aula_CRM/AulaCRM/AulaCRM/CSVImporter.swift (in target 'AulaCRM' from project 'AulaCRM')
    cd /Users/arturo/Desktop/Aula_CRM/AulaCRM
    
/Users/arturo/Desktop/Aula_CRM/AulaCRM/AulaCRM/CSVImporter.swift:337:24: warning: value 'existente' was defined but never used; consider replacing with boolean test
                if let existente = vistosISBN[isbn] {
                   ~~~~^~~~~~~~~~~~
                                                    != nil

SwiftCompile normal x86_64 /Users/arturo/Desktop/Aula_CRM/AulaCRM/AulaCRM/FacturaPDFGenerator.swift (in target 'AulaCRM' from project 'AulaCRM')
    cd /Users/arturo/Desktop/Aula_CRM/AulaCRM
    

SwiftCompile normal x86_64 /Users/arturo/Desktop/Aula_CRM/AulaCRM/AulaCRM/Persistence.swift (in target 'AulaCRM' from project 'AulaCRM')
    cd /Users/arturo/Desktop/Aula_CRM/AulaCRM
    

SwiftCompile normal x86_64 /Users/arturo/Desktop/Aula_CRM/AulaCRM/AulaCRM/Producto+Extensions.swift (in target 'AulaCRM' from project 'AulaCRM')
    cd /Users/arturo/Desktop/Aula_CRM/AulaCRM
    

SwiftCompile normal x86_64 Compiling\ Factura+CoreDataClass.swift,\ Factura+CoreDataProperties.swift,\ LineaFactura+CoreDataClass.swift /Users/arturo/Library/Developer/Xcode/DerivedData/AulaCRM-bupnftqbynphepejtxbugmlyzijp/Build/Intermediates.noindex/AulaCRM.build/Debug-iphonesimulator/AulaCRM.build/DerivedSources/CoreDataGenerated/AulaCRM/Factura+CoreDataClass.swift /Users/arturo/Library/Developer/Xcode/DerivedData/AulaCRM-bupnftqbynphepejtxbugmlyzijp/Build/Intermediates.noindex/AulaCRM.build/Debug-iphonesimulator/AulaCRM.build/DerivedSources/CoreDataGenerated/AulaCRM/Factura+CoreDataProperties.swift /Users/arturo/Library/Developer/Xcode/DerivedData/AulaCRM-bupnftqbynphepejtxbugmlyzijp/Build/Intermediates.noindex/AulaCRM.build/Debug-iphonesimulator/AulaCRM.build/DerivedSources/CoreDataGenerated/AulaCRM/LineaFactura+CoreDataClass.swift (in target 'AulaCRM' from project 'AulaCRM')

SwiftCompile normal x86_64 /Users/arturo/Library/Developer/Xcode/DerivedData/AulaCRM-bupnftqbynphepejtxbugmlyzijp/Build/Intermediates.noindex/AulaCRM.build/Debug-iphonesimulator/AulaCRM.build/DerivedSources/CoreDataGenerated/AulaCRM/Factura+CoreDataClass.swift (in target 'AulaCRM' from project 'AulaCRM')
    cd /Users/arturo/Desktop/Aula_CRM/AulaCRM
    

SwiftCompile normal x86_64 /Users/arturo/Library/Developer/Xcode/DerivedData/AulaCRM-bupnftqbynphepejtxbugmlyzijp/Build/Intermediates.noindex/AulaCRM.build/Debug-iphonesimulator/AulaCRM.build/DerivedSources/CoreDataGenerated/AulaCRM/Factura+CoreDataProperties.swift (in target 'AulaCRM' from project 'AulaCRM')
    cd /Users/arturo/Desktop/Aula_CRM/AulaCRM
    

SwiftCompile normal x86_64 /Users/arturo/Library/Developer/Xcode/DerivedData/AulaCRM-bupnftqbynphepejtxbugmlyzijp/Build/Intermediates.noindex/AulaCRM.build/Debug-iphonesimulator/AulaCRM.build/DerivedSources/CoreDataGenerated/AulaCRM/LineaFactura+CoreDataClass.swift (in target 'AulaCRM' from project 'AulaCRM')
    cd /Users/arturo/Desktop/Aula_CRM/AulaCRM
    

SwiftCompile normal x86_64 Compiling\ AlmacenView.swift,\ ContactDetailMiniView.swift,\ DetailTabView.swift,\ FacturasTabView.swift /Users/arturo/Desktop/Aula_CRM/AulaCRM/AulaCRM/Views/AlmacenView.swift /Users/arturo/Desktop/Aula_CRM/AulaCRM/AulaCRM/Views/ContactDetailMiniView.swift /Users/arturo/Desktop/Aula_CRM/AulaCRM/AulaCRM/Views/DetailTabView.swift /Users/arturo/Desktop/Aula_CRM/AulaCRM/AulaCRM/Views/FacturasTabView.swift (in target 'AulaCRM' from project 'AulaCRM')

SwiftCompile normal x86_64 /Users/arturo/Desktop/Aula_CRM/AulaCRM/AulaCRM/Views/AlmacenView.swift (in target 'AulaCRM' from project 'AulaCRM')
    cd /Users/arturo/Desktop/Aula_CRM/AulaCRM
    

SwiftCompile normal x86_64 /Users/arturo/Desktop/Aula_CRM/AulaCRM/AulaCRM/Views/ContactDetailMiniView.swift (in target 'AulaCRM' from project 'AulaCRM')
    cd /Users/arturo/Desktop/Aula_CRM/AulaCRM
    

SwiftCompile normal x86_64 /Users/arturo/Desktop/Aula_CRM/AulaCRM/AulaCRM/Views/DetailTabView.swift (in target 'AulaCRM' from project 'AulaCRM')
    cd /Users/arturo/Desktop/Aula_CRM/AulaCRM
    

SwiftCompile normal x86_64 /Users/arturo/Desktop/Aula_CRM/AulaCRM/AulaCRM/Views/FacturasTabView.swift (in target 'AulaCRM' from project 'AulaCRM')
    cd /Users/arturo/Desktop/Aula_CRM/AulaCRM
    

SwiftDriverJobDiscovery normal x86_64 Emitting module for AulaCRM (in target 'AulaCRM' from project 'AulaCRM')

SwiftDriver\ Compilation\ Requirements AulaCRM normal x86_64 com.apple.xcode.tools.swift.compiler (in target 'AulaCRM' from project 'AulaCRM')
    cd /Users/arturo/Desktop/Aula_CRM/AulaCRM
    builtin-Swift-Compilation-Requirements -- /Applications/Xcode.app/Contents/Developer/Toolchains/XcodeDefault.xctoolchain/usr/bin/swiftc -module-name AulaCRM -Onone -enforce-exclusivity\=checked @/Users/arturo/Library/Developer/Xcode/DerivedData/AulaCRM-bupnftqbynphepejtxbugmlyzijp/Build/Intermediates.noindex/AulaCRM.build/Debug-iphonesimulator/AulaCRM.build/Objects-normal/x86_64/AulaCRM.SwiftFileList -DDEBUG -default-isolation\=MainActor -enable-bare-slash-regex -enable-upcoming-feature DisableOutwardActorInference -enable-upcoming-feature InferSendableFromCaptures -enable-upcoming-feature GlobalActorIsolatedTypesUsability -enable-upcoming-feature MemberImportVisibility -enable-upcoming-feature InferIsolatedConformances -enable-upcoming-feature NonisolatedNonsendingByDefault -enable-experimental-feature DebugDescriptionMacro -sdk /Applications/Xcode.app/Contents/Developer/Platforms/iPhoneSimulator.platform/Developer/SDKs/iPhoneSimulator26.1.sdk -target x86_64-apple-ios26.1-simulator -g -module-cache-path /Users/arturo/Library/Developer/Xcode/DerivedData/ModuleCache.noindex -Xfrontend -serialize-debugging-options -enable-testing -index-store-path /Users/arturo/Library/Developer/Xcode/DerivedData/AulaCRM-bupnftqbynphepejtxbugmlyzijp/Index.noindex/DataStore -Xcc -D_LIBCPP_HARDENING_MODE\=_LIBCPP_HARDENING_MODE_DEBUG -swift-version 5 -I /Users/arturo/Library/Developer/Xcode/DerivedData/AulaCRM-bupnftqbynphepejtxbugmlyzijp/Build/Products/Debug-iphonesimulator -F /Users/arturo/Library/Developer/Xcode/DerivedData/AulaCRM-bupnftqbynphepejtxbugmlyzijp/Build/Products/Debug-iphonesimulator -emit-localized-strings -emit-localized-strings-path /Users/arturo/Library/Developer/Xcode/DerivedData/AulaCRM-bupnftqbynphepejtxbugmlyzijp/Build/Intermediates.noindex/AulaCRM.build/Debug-iphonesimulator/AulaCRM.build/Objects-normal/x86_64 -c -j10 -enable-batch-mode -incremental -Xcc -ivfsstatcache -Xcc /Users/arturo/Library/Developer/Xcode/DerivedData/SDKStatCaches.noindex/iphonesimulator26.1-23B77-90cf18a4295e390e64c810bc6bd7acbc.sdkstatcache -output-file-map /Users/arturo/Library/Developer/Xcode/DerivedData/AulaCRM-bupnftqbynphepejtxbugmlyzijp/Build/Intermediates.noindex/AulaCRM.build/Debug-iphonesimulator/AulaCRM.build/Objects-normal/x86_64/AulaCRM-OutputFileMap.json -use-frontend-parseable-output -save-temps -no-color-diagnostics -explicit-module-build -module-cache-path /Users/arturo/Library/Developer/Xcode/DerivedData/AulaCRM-bupnftqbynphepejtxbugmlyzijp/Build/Intermediates.noindex/SwiftExplicitPrecompiledModules -clang-scanner-module-cache-path /Users/arturo/Library/Developer/Xcode/DerivedData/ModuleCache.noindex -sdk-module-cache-path /Users/arturo/Library/Developer/Xcode/DerivedData/ModuleCache.noindex -serialize-diagnostics -emit-dependencies -emit-module -emit-module-path /Users/arturo/Library/Developer/Xcode/DerivedData/AulaCRM-bupnftqbynphepejtxbugmlyzijp/Build/Intermediates.noindex/AulaCRM.build/Debug-iphonesimulator/AulaCRM.build/Objects-normal/x86_64/AulaCRM.swiftmodule -validate-clang-modules-once -clang-build-session-file /Users/arturo/Library/Developer/Xcode/DerivedData/ModuleCache.noindex/Session.modulevalidation -Xcc -I/Users/arturo/Library/Developer/Xcode/DerivedData/AulaCRM-bupnftqbynphepejtxbugmlyzijp/Build/Intermediates.noindex/AulaCRM.build/Debug-iphonesimulator/AulaCRM.build/swift-overrides.hmap -emit-const-values -Xfrontend -const-gather-protocols-file -Xfrontend /Users/arturo/Library/Developer/Xcode/DerivedData/AulaCRM-bupnftqbynphepejtxbugmlyzijp/Build/Intermediates.noindex/AulaCRM.build/Debug-iphonesimulator/AulaCRM.build/Objects-normal/x86_64/AulaCRM_const_extract_protocols.json -Xcc -iquote -Xcc /Users/arturo/Library/Developer/Xcode/DerivedData/AulaCRM-bupnftqbynphepejtxbugmlyzijp/Build/Intermediates.noindex/AulaCRM.build/Debug-iphonesimulator/AulaCRM.build/AulaCRM-generated-files.hmap -Xcc -I/Users/arturo/Library/Developer/Xcode/DerivedData/AulaCRM-bupnftqbynphepejtxbugmlyzijp/Build/Intermediates.noindex/AulaCRM.build/Debug-iphonesimulator/AulaCRM.build/AulaCRM-own-target-headers.hmap -Xcc -I/Users/arturo/Library/Developer/Xcode/DerivedData/AulaCRM-bupnftqbynphepejtxbugmlyzijp/Build/Intermediates.noindex/AulaCRM.build/Debug-iphonesimulator/AulaCRM.build/AulaCRM-all-target-headers.hmap -Xcc -iquote -Xcc /Users/arturo/Library/Developer/Xcode/DerivedData/AulaCRM-bupnftqbynphepejtxbugmlyzijp/Build/Intermediates.noindex/AulaCRM.build/Debug-iphonesimulator/AulaCRM.build/AulaCRM-project-headers.hmap -Xcc -I/Users/arturo/Library/Developer/Xcode/DerivedData/AulaCRM-bupnftqbynphepejtxbugmlyzijp/Build/Products/Debug-iphonesimulator/include -Xcc -I/Users/arturo/Library/Developer/Xcode/DerivedData/AulaCRM-bupnftqbynphepejtxbugmlyzijp/Build/Intermediates.noindex/AulaCRM.build/Debug-iphonesimulator/AulaCRM.build/DerivedSources-normal/x86_64 -Xcc -I/Users/arturo/Library/Developer/Xcode/DerivedData/AulaCRM-bupnftqbynphepejtxbugmlyzijp/Build/Intermediates.noindex/AulaCRM.build/Debug-iphonesimulator/AulaCRM.build/DerivedSources/x86_64 -Xcc -I/Users/arturo/Library/Developer/Xcode/DerivedData/AulaCRM-bupnftqbynphepejtxbugmlyzijp/Build/Intermediates.noindex/AulaCRM.build/Debug-iphonesimulator/AulaCRM.build/DerivedSources -Xcc -DDEBUG\=1 -emit-objc-header -emit-objc-header-path /Users/arturo/Library/Developer/Xcode/DerivedData/AulaCRM-bupnftqbynphepejtxbugmlyzijp/Build/Intermediates.noindex/AulaCRM.build/Debug-iphonesimulator/AulaCRM.build/Objects-normal/x86_64/AulaCRM-Swift.h -working-directory /Users/arturo/Desktop/Aula_CRM/AulaCRM -experimental-emit-module-separately -disable-cmo

SwiftDriverJobDiscovery normal x86_64 Compiling MovimientoAlmacen+CoreDataClass.swift, MovimientoAlmacen+CoreDataProperties.swift, Tipo+CoreDataClass.swift, Tipo+CoreDataProperties.swift (in target 'AulaCRM' from project 'AulaCRM')

SwiftCompile normal x86_64 Compiling\ AulaCRMApp.swift,\ BackupManager.swift,\ Contacto+Extensions.swift,\ ContentView.swift /Users/arturo/Desktop/Aula_CRM/AulaCRM/AulaCRM/AulaCRMApp.swift /Users/arturo/Desktop/Aula_CRM/AulaCRM/AulaCRM/BackupManager.swift /Users/arturo/Desktop/Aula_CRM/AulaCRM/AulaCRM/Contacto+Extensions.swift /Users/arturo/Desktop/Aula_CRM/AulaCRM/AulaCRM/ContentView.swift (in target 'AulaCRM' from project 'AulaCRM')

SwiftCompile normal x86_64 /Users/arturo/Desktop/Aula_CRM/AulaCRM/AulaCRM/AulaCRMApp.swift (in target 'AulaCRM' from project 'AulaCRM')
    cd /Users/arturo/Desktop/Aula_CRM/AulaCRM
    

SwiftCompile normal x86_64 /Users/arturo/Desktop/Aula_CRM/AulaCRM/AulaCRM/BackupManager.swift (in target 'AulaCRM' from project 'AulaCRM')
    cd /Users/arturo/Desktop/Aula_CRM/AulaCRM
    

SwiftCompile normal x86_64 /Users/arturo/Desktop/Aula_CRM/AulaCRM/AulaCRM/Contacto+Extensions.swift (in target 'AulaCRM' from project 'AulaCRM')
    cd /Users/arturo/Desktop/Aula_CRM/AulaCRM
    

SwiftCompile normal x86_64 /Users/arturo/Desktop/Aula_CRM/AulaCRM/AulaCRM/ContentView.swift (in target 'AulaCRM' from project 'AulaCRM')
    cd /Users/arturo/Desktop/Aula_CRM/AulaCRM
    
/Users/arturo/Desktop/Aula_CRM/AulaCRM/AulaCRM/ContentView.swift:761:63: warning: main actor-isolated static property 'shared' cannot be accessed from outside of the actor; this is an error in the Swift 6 language mode
                        let bgContext = PersistenceController.shared.container.newBackgroundContext()
                                        ~~~~~~~~~~~~~~~~~~~~~~^~~~~~~~~~~~~~~~~~~~~~~~~~~~~~~~~~~~~~~
                                        await 

SwiftMergeGeneratedHeaders /Users/arturo/Library/Developer/Xcode/DerivedData/AulaCRM-bupnftqbynphepejtxbugmlyzijp/Build/Intermediates.noindex/AulaCRM.build/Debug-iphonesimulator/AulaCRM.build/DerivedSources/AulaCRM-Swift.h /Users/arturo/Library/Developer/Xcode/DerivedData/AulaCRM-bupnftqbynphepejtxbugmlyzijp/Build/Intermediates.noindex/AulaCRM.build/Debug-iphonesimulator/AulaCRM.build/Objects-normal/arm64/AulaCRM-Swift.h /Users/arturo/Library/Developer/Xcode/DerivedData/AulaCRM-bupnftqbynphepejtxbugmlyzijp/Build/Intermediates.noindex/AulaCRM.build/Debug-iphonesimulator/AulaCRM.build/Objects-normal/x86_64/AulaCRM-Swift.h (in target 'AulaCRM' from project 'AulaCRM')
    cd /Users/arturo/Desktop/Aula_CRM/AulaCRM
    builtin-swiftHeaderTool -arch arm64 /Users/arturo/Library/Developer/Xcode/DerivedData/AulaCRM-bupnftqbynphepejtxbugmlyzijp/Build/Intermediates.noindex/AulaCRM.build/Debug-iphonesimulator/AulaCRM.build/Objects-normal/arm64/AulaCRM-Swift.h -arch x86_64 /Users/arturo/Library/Developer/Xcode/DerivedData/AulaCRM-bupnftqbynphepejtxbugmlyzijp/Build/Intermediates.noindex/AulaCRM.build/Debug-iphonesimulator/AulaCRM.build/Objects-normal/x86_64/AulaCRM-Swift.h -o /Users/arturo/Library/Developer/Xcode/DerivedData/AulaCRM-bupnftqbynphepejtxbugmlyzijp/Build/Intermediates.noindex/AulaCRM.build/Debug-iphonesimulator/AulaCRM.build/DerivedSources/AulaCRM-Swift.h

SwiftDriverJobDiscovery normal x86_64 Compiling Persona+CoreDataClass.swift, Persona+CoreDataProperties.swift, Producto+CoreDataClass.swift, Producto+CoreDataProperties.swift (in target 'AulaCRM' from project 'AulaCRM')

Copy /Users/arturo/Library/Developer/Xcode/DerivedData/AulaCRM-bupnftqbynphepejtxbugmlyzijp/Build/Products/Debug-iphonesimulator/AulaCRM.swiftmodule/x86_64-apple-ios-simulator.swiftmodule /Users/arturo/Library/Developer/Xcode/DerivedData/AulaCRM-bupnftqbynphepejtxbugmlyzijp/Build/Intermediates.noindex/AulaCRM.build/Debug-iphonesimulator/AulaCRM.build/Objects-normal/x86_64/AulaCRM.swiftmodule (in target 'AulaCRM' from project 'AulaCRM')
    cd /Users/arturo/Desktop/Aula_CRM/AulaCRM
    builtin-copy -exclude .DS_Store -exclude CVS -exclude .svn -exclude .git -exclude .hg -resolve-src-symlinks -rename /Users/arturo/Library/Developer/Xcode/DerivedData/AulaCRM-bupnftqbynphepejtxbugmlyzijp/Build/Intermediates.noindex/AulaCRM.build/Debug-iphonesimulator/AulaCRM.build/Objects-normal/x86_64/AulaCRM.swiftmodule /Users/arturo/Library/Developer/Xcode/DerivedData/AulaCRM-bupnftqbynphepejtxbugmlyzijp/Build/Products/Debug-iphonesimulator/AulaCRM.swiftmodule/x86_64-apple-ios-simulator.swiftmodule

SwiftDriverJobDiscovery normal x86_64 Compiling Factura+CoreDataClass.swift, Factura+CoreDataProperties.swift, LineaFactura+CoreDataClass.swift (in target 'AulaCRM' from project 'AulaCRM')

Copy /Users/arturo/Library/Developer/Xcode/DerivedData/AulaCRM-bupnftqbynphepejtxbugmlyzijp/Build/Products/Debug-iphonesimulator/AulaCRM.swiftmodule/x86_64-apple-ios-simulator.swiftdoc /Users/arturo/Library/Developer/Xcode/DerivedData/AulaCRM-bupnftqbynphepejtxbugmlyzijp/Build/Intermediates.noindex/AulaCRM.build/Debug-iphonesimulator/AulaCRM.build/Objects-normal/x86_64/AulaCRM.swiftdoc (in target 'AulaCRM' from project 'AulaCRM')
    cd /Users/arturo/Desktop/Aula_CRM/AulaCRM
    builtin-copy -exclude .DS_Store -exclude CVS -exclude .svn -exclude .git -exclude .hg -resolve-src-symlinks -rename /Users/arturo/Library/Developer/Xcode/DerivedData/AulaCRM-bupnftqbynphepejtxbugmlyzijp/Build/Intermediates.noindex/AulaCRM.build/Debug-iphonesimulator/AulaCRM.build/Objects-normal/x86_64/AulaCRM.swiftdoc /Users/arturo/Library/Developer/Xcode/DerivedData/AulaCRM-bupnftqbynphepejtxbugmlyzijp/Build/Products/Debug-iphonesimulator/AulaCRM.swiftmodule/x86_64-apple-ios-simulator.swiftdoc

Copy /Users/arturo/Library/Developer/Xcode/DerivedData/AulaCRM-bupnftqbynphepejtxbugmlyzijp/Build/Products/Debug-iphonesimulator/AulaCRM.swiftmodule/x86_64-apple-ios-simulator.abi.json /Users/arturo/Library/Developer/Xcode/DerivedData/AulaCRM-bupnftqbynphepejtxbugmlyzijp/Build/Intermediates.noindex/AulaCRM.build/Debug-iphonesimulator/AulaCRM.build/Objects-normal/x86_64/AulaCRM.abi.json (in target 'AulaCRM' from project 'AulaCRM')
    cd /Users/arturo/Desktop/Aula_CRM/AulaCRM
    builtin-copy -exclude .DS_Store -exclude CVS -exclude .svn -exclude .git -exclude .hg -resolve-src-symlinks -rename /Users/arturo/Library/Developer/Xcode/DerivedData/AulaCRM-bupnftqbynphepejtxbugmlyzijp/Build/Intermediates.noindex/AulaCRM.build/Debug-iphonesimulator/AulaCRM.build/Objects-normal/x86_64/AulaCRM.abi.json /Users/arturo/Library/Developer/Xcode/DerivedData/AulaCRM-bupnftqbynphepejtxbugmlyzijp/Build/Products/Debug-iphonesimulator/AulaCRM.swiftmodule/x86_64-apple-ios-simulator.abi.json

Copy /Users/arturo/Library/Developer/Xcode/DerivedData/AulaCRM-bupnftqbynphepejtxbugmlyzijp/Build/Products/Debug-iphonesimulator/AulaCRM.swiftmodule/Project/x86_64-apple-ios-simulator.swiftsourceinfo /Users/arturo/Library/Developer/Xcode/DerivedData/AulaCRM-bupnftqbynphepejtxbugmlyzijp/Build/Intermediates.noindex/AulaCRM.build/Debug-iphonesimulator/AulaCRM.build/Objects-normal/x86_64/AulaCRM.swiftsourceinfo (in target 'AulaCRM' from project 'AulaCRM')
    cd /Users/arturo/Desktop/Aula_CRM/AulaCRM
    builtin-copy -exclude .DS_Store -exclude CVS -exclude .svn -exclude .git -exclude .hg -resolve-src-symlinks -rename /Users/arturo/Library/Developer/Xcode/DerivedData/AulaCRM-bupnftqbynphepejtxbugmlyzijp/Build/Intermediates.noindex/AulaCRM.build/Debug-iphonesimulator/AulaCRM.build/Objects-normal/x86_64/AulaCRM.swiftsourceinfo /Users/arturo/Library/Developer/Xcode/DerivedData/AulaCRM-bupnftqbynphepejtxbugmlyzijp/Build/Products/Debug-iphonesimulator/AulaCRM.swiftmodule/Project/x86_64-apple-ios-simulator.swiftsourceinfo

SwiftCompile normal x86_64 Compiling\ Contacto+CoreDataClass.swift,\ Contacto+CoreDataProperties.swift,\ Conversacion+CoreDataClass.swift,\ Conversacion+CoreDataProperties.swift /Users/arturo/Library/Developer/Xcode/DerivedData/AulaCRM-bupnftqbynphepejtxbugmlyzijp/Build/Intermediates.noindex/AulaCRM.build/Debug-iphonesimulator/AulaCRM.build/DerivedSources/CoreDataGenerated/AulaCRM/Contacto+CoreDataClass.swift /Users/arturo/Library/Developer/Xcode/DerivedData/AulaCRM-bupnftqbynphepejtxbugmlyzijp/Build/Intermediates.noindex/AulaCRM.build/Debug-iphonesimulator/AulaCRM.build/DerivedSources/CoreDataGenerated/AulaCRM/Contacto+CoreDataProperties.swift /Users/arturo/Library/Developer/Xcode/DerivedData/AulaCRM-bupnftqbynphepejtxbugmlyzijp/Build/Intermediates.noindex/AulaCRM.build/Debug-iphonesimulator/AulaCRM.build/DerivedSources/CoreDataGenerated/AulaCRM/Conversacion+CoreDataClass.swift /Users/arturo/Library/Developer/Xcode/DerivedData/AulaCRM-bupnftqbynphepejtxbugmlyzijp/Build/Intermediates.noindex/AulaCRM.build/Debug-iphonesimulator/AulaCRM.build/DerivedSources/CoreDataGenerated/AulaCRM/Conversacion+CoreDataProperties.swift (in target 'AulaCRM' from project 'AulaCRM')

SwiftCompile normal x86_64 /Users/arturo/Library/Developer/Xcode/DerivedData/AulaCRM-bupnftqbynphepejtxbugmlyzijp/Build/Intermediates.noindex/AulaCRM.build/Debug-iphonesimulator/AulaCRM.build/DerivedSources/CoreDataGenerated/AulaCRM/Contacto+CoreDataClass.swift (in target 'AulaCRM' from project 'AulaCRM')
    cd /Users/arturo/Desktop/Aula_CRM/AulaCRM
    

SwiftCompile normal x86_64 /Users/arturo/Library/Developer/Xcode/DerivedData/AulaCRM-bupnftqbynphepejtxbugmlyzijp/Build/Intermediates.noindex/AulaCRM.build/Debug-iphonesimulator/AulaCRM.build/DerivedSources/CoreDataGenerated/AulaCRM/Contacto+CoreDataProperties.swift (in target 'AulaCRM' from project 'AulaCRM')
    cd /Users/arturo/Desktop/Aula_CRM/AulaCRM
    

SwiftCompile normal x86_64 /Users/arturo/Library/Developer/Xcode/DerivedData/AulaCRM-bupnftqbynphepejtxbugmlyzijp/Build/Intermediates.noindex/AulaCRM.build/Debug-iphonesimulator/AulaCRM.build/DerivedSources/CoreDataGenerated/AulaCRM/Conversacion+CoreDataClass.swift (in target 'AulaCRM' from project 'AulaCRM')
    cd /Users/arturo/Desktop/Aula_CRM/AulaCRM
    

SwiftCompile normal x86_64 /Users/arturo/Library/Developer/Xcode/DerivedData/AulaCRM-bupnftqbynphepejtxbugmlyzijp/Build/Intermediates.noindex/AulaCRM.build/Debug-iphonesimulator/AulaCRM.build/DerivedSources/CoreDataGenerated/AulaCRM/Conversacion+CoreDataProperties.swift (in target 'AulaCRM' from project 'AulaCRM')
    cd /Users/arturo/Desktop/Aula_CRM/AulaCRM
    

SwiftDriverJobDiscovery normal x86_64 Compiling Contacto+CoreDataClass.swift, Contacto+CoreDataProperties.swift, Conversacion+CoreDataClass.swift, Conversacion+CoreDataProperties.swift (in target 'AulaCRM' from project 'AulaCRM')

SwiftDriverJobDiscovery normal x86_64 Compiling SelectableText.swift, test_pdf.swift, Compra+CoreDataClass.swift, Compra+CoreDataProperties.swift (in target 'AulaCRM' from project 'AulaCRM')

SwiftDriverJobDiscovery normal x86_64 Compiling CSVImporter.swift, FacturaPDFGenerator.swift, Persistence.swift, Producto+Extensions.swift (in target 'AulaCRM' from project 'AulaCRM')

SwiftDriverJobDiscovery normal x86_64 Compiling LineaFactura+CoreDataProperties.swift, AulaCRM+CoreDataModel.swift, GeneratedAssetSymbols.swift (in target 'AulaCRM' from project 'AulaCRM')

LinkAssetCatalog /Users/arturo/Desktop/Aula_CRM/AulaCRM/AulaCRM/Assets.xcassets (in target 'AulaCRM' from project 'AulaCRM')
    cd /Users/arturo/Desktop/Aula_CRM/AulaCRM
    builtin-linkAssetCatalog --thinned /Users/arturo/Library/Developer/Xcode/DerivedData/AulaCRM-bupnftqbynphepejtxbugmlyzijp/Build/Intermediates.noindex/AulaCRM.build/Debug-iphonesimulator/AulaCRM.build/assetcatalog_output/thinned --thinned-dependencies /Users/arturo/Library/Developer/Xcode/DerivedData/AulaCRM-bupnftqbynphepejtxbugmlyzijp/Build/Intermediates.noindex/AulaCRM.build/Debug-iphonesimulator/AulaCRM.build/assetcatalog_dependencies_thinned --thinned-info-plist-content /Users/arturo/Library/Developer/Xcode/DerivedData/AulaCRM-bupnftqbynphepejtxbugmlyzijp/Build/Intermediates.noindex/AulaCRM.build/Debug-iphonesimulator/AulaCRM.build/assetcatalog_generated_info.plist_thinned --unthinned /Users/arturo/Library/Developer/Xcode/DerivedData/AulaCRM-bupnftqbynphepejtxbugmlyzijp/Build/Intermediates.noindex/AulaCRM.build/Debug-iphonesimulator/AulaCRM.build/assetcatalog_output/unthinned --unthinned-dependencies /Users/arturo/Library/Developer/Xcode/DerivedData/AulaCRM-bupnftqbynphepejtxbugmlyzijp/Build/Intermediates.noindex/AulaCRM.build/Debug-iphonesimulator/AulaCRM.build/assetcatalog_dependencies_unthinned --unthinned-info-plist-content /Users/arturo/Library/Developer/Xcode/DerivedData/AulaCRM-bupnftqbynphepejtxbugmlyzijp/Build/Intermediates.noindex/AulaCRM.build/Debug-iphonesimulator/AulaCRM.build/assetcatalog_generated_info.plist_unthinned --output /Users/arturo/Library/Developer/Xcode/DerivedData/AulaCRM-bupnftqbynphepejtxbugmlyzijp/Build/Products/Debug-iphonesimulator/AulaCRM.app --plist-output /Users/arturo/Library/Developer/Xcode/DerivedData/AulaCRM-bupnftqbynphepejtxbugmlyzijp/Build/Intermediates.noindex/AulaCRM.build/Debug-iphonesimulator/AulaCRM.build/assetcatalog_generated_info.plist
note: Emplaced /Users/arturo/Library/Developer/Xcode/DerivedData/AulaCRM-bupnftqbynphepejtxbugmlyzijp/Build/Products/Debug-iphonesimulator/AulaCRM.app/AppIcon60x60@2x.png (in target 'AulaCRM' from project 'AulaCRM')
note: Emplaced /Users/arturo/Library/Developer/Xcode/DerivedData/AulaCRM-bupnftqbynphepejtxbugmlyzijp/Build/Products/Debug-iphonesimulator/AulaCRM.app/AppIcon76x76@2x~ipad.png (in target 'AulaCRM' from project 'AulaCRM')
note: Emplaced /Users/arturo/Library/Developer/Xcode/DerivedData/AulaCRM-bupnftqbynphepejtxbugmlyzijp/Build/Products/Debug-iphonesimulator/AulaCRM.app/Assets.car (in target 'AulaCRM' from project 'AulaCRM')

ProcessInfoPlistFile /Users/arturo/Library/Developer/Xcode/DerivedData/AulaCRM-bupnftqbynphepejtxbugmlyzijp/Build/Products/Debug-iphonesimulator/AulaCRM.app/Info.plist /Users/arturo/Desktop/Aula_CRM/AulaCRM/AulaCRM/Info.plist (in target 'AulaCRM' from project 'AulaCRM')
    cd /Users/arturo/Desktop/Aula_CRM/AulaCRM
    builtin-infoPlistUtility /Users/arturo/Desktop/Aula_CRM/AulaCRM/AulaCRM/Info.plist -producttype com.apple.product-type.application -genpkginfo /Users/arturo/Library/Developer/Xcode/DerivedData/AulaCRM-bupnftqbynphepejtxbugmlyzijp/Build/Products/Debug-iphonesimulator/AulaCRM.app/PkgInfo -expandbuildsettings -format binary -platform iphonesimulator -additionalcontentfile /Users/arturo/Library/Developer/Xcode/DerivedData/AulaCRM-bupnftqbynphepejtxbugmlyzijp/Build/Intermediates.noindex/AulaCRM.build/Debug-iphonesimulator/AulaCRM.build/LaunchScreen-SBPartialInfo.plist -additionalcontentfile /Users/arturo/Library/Developer/Xcode/DerivedData/AulaCRM-bupnftqbynphepejtxbugmlyzijp/Build/Intermediates.noindex/AulaCRM.build/Debug-iphonesimulator/AulaCRM.build/assetcatalog_generated_info.plist -o /Users/arturo/Library/Developer/Xcode/DerivedData/AulaCRM-bupnftqbynphepejtxbugmlyzijp/Build/Products/Debug-iphonesimulator/AulaCRM.app/Info.plist

SwiftDriverJobDiscovery normal x86_64 Compiling AlmacenView.swift, ContactDetailMiniView.swift, DetailTabView.swift, FacturasTabView.swift (in target 'AulaCRM' from project 'AulaCRM')

SwiftDriverJobDiscovery normal x86_64 Compiling AulaCRMApp.swift, BackupManager.swift, Contacto+Extensions.swift, ContentView.swift (in target 'AulaCRM' from project 'AulaCRM')

SwiftDriverJobDiscovery normal arm64 Compiling FilterView.swift, MapTabView.swift, NuevaFacturaView.swift, ShareSheet.swift (in target 'AulaCRM' from project 'AulaCRM')

SwiftDriver\ Compilation AulaCRM normal arm64 com.apple.xcode.tools.swift.compiler (in target 'AulaCRM' from project 'AulaCRM')
    cd /Users/arturo/Desktop/Aula_CRM/AulaCRM
    builtin-Swift-Compilation -- /Applications/Xcode.app/Contents/Developer/Toolchains/XcodeDefault.xctoolchain/usr/bin/swiftc -module-name AulaCRM -Onone -enforce-exclusivity\=checked @/Users/arturo/Library/Developer/Xcode/DerivedData/AulaCRM-bupnftqbynphepejtxbugmlyzijp/Build/Intermediates.noindex/AulaCRM.build/Debug-iphonesimulator/AulaCRM.build/Objects-normal/arm64/AulaCRM.SwiftFileList -DDEBUG -default-isolation\=MainActor -enable-bare-slash-regex -enable-upcoming-feature DisableOutwardActorInference -enable-upcoming-feature InferSendableFromCaptures -enable-upcoming-feature GlobalActorIsolatedTypesUsability -enable-upcoming-feature MemberImportVisibility -enable-upcoming-feature InferIsolatedConformances -enable-upcoming-feature NonisolatedNonsendingByDefault -enable-experimental-feature DebugDescriptionMacro -sdk /Applications/Xcode.app/Contents/Developer/Platforms/iPhoneSimulator.platform/Developer/SDKs/iPhoneSimulator26.1.sdk -target arm64-apple-ios26.1-simulator -g -module-cache-path /Users/arturo/Library/Developer/Xcode/DerivedData/ModuleCache.noindex -Xfrontend -serialize-debugging-options -enable-testing -index-store-path /Users/arturo/Library/Developer/Xcode/DerivedData/AulaCRM-bupnftqbynphepejtxbugmlyzijp/Index.noindex/DataStore -Xcc -D_LIBCPP_HARDENING_MODE\=_LIBCPP_HARDENING_MODE_DEBUG -swift-version 5 -I /Users/arturo/Library/Developer/Xcode/DerivedData/AulaCRM-bupnftqbynphepejtxbugmlyzijp/Build/Products/Debug-iphonesimulator -F /Users/arturo/Library/Developer/Xcode/DerivedData/AulaCRM-bupnftqbynphepejtxbugmlyzijp/Build/Products/Debug-iphonesimulator -emit-localized-strings -emit-localized-strings-path /Users/arturo/Library/Developer/Xcode/DerivedData/AulaCRM-bupnftqbynphepejtxbugmlyzijp/Build/Intermediates.noindex/AulaCRM.build/Debug-iphonesimulator/AulaCRM.build/Objects-normal/arm64 -c -j10 -enable-batch-mode -incremental -Xcc -ivfsstatcache -Xcc /Users/arturo/Library/Developer/Xcode/DerivedData/SDKStatCaches.noindex/iphonesimulator26.1-23B77-90cf18a4295e390e64c810bc6bd7acbc.sdkstatcache -output-file-map /Users/arturo/Library/Developer/Xcode/DerivedData/AulaCRM-bupnftqbynphepejtxbugmlyzijp/Build/Intermediates.noindex/AulaCRM.build/Debug-iphonesimulator/AulaCRM.build/Objects-normal/arm64/AulaCRM-OutputFileMap.json -use-frontend-parseable-output -save-temps -no-color-diagnostics -explicit-module-build -module-cache-path /Users/arturo/Library/Developer/Xcode/DerivedData/AulaCRM-bupnftqbynphepejtxbugmlyzijp/Build/Intermediates.noindex/SwiftExplicitPrecompiledModules -clang-scanner-module-cache-path /Users/arturo/Library/Developer/Xcode/DerivedData/ModuleCache.noindex -sdk-module-cache-path /Users/arturo/Library/Developer/Xcode/DerivedData/ModuleCache.noindex -serialize-diagnostics -emit-dependencies -emit-module -emit-module-path /Users/arturo/Library/Developer/Xcode/DerivedData/AulaCRM-bupnftqbynphepejtxbugmlyzijp/Build/Intermediates.noindex/AulaCRM.build/Debug-iphonesimulator/AulaCRM.build/Objects-normal/arm64/AulaCRM.swiftmodule -validate-clang-modules-once -clang-build-session-file /Users/arturo/Library/Developer/Xcode/DerivedData/ModuleCache.noindex/Session.modulevalidation -Xcc -I/Users/arturo/Library/Developer/Xcode/DerivedData/AulaCRM-bupnftqbynphepejtxbugmlyzijp/Build/Intermediates.noindex/AulaCRM.build/Debug-iphonesimulator/AulaCRM.build/swift-overrides.hmap -emit-const-values -Xfrontend -const-gather-protocols-file -Xfrontend /Users/arturo/Library/Developer/Xcode/DerivedData/AulaCRM-bupnftqbynphepejtxbugmlyzijp/Build/Intermediates.noindex/AulaCRM.build/Debug-iphonesimulator/AulaCRM.build/Objects-normal/arm64/AulaCRM_const_extract_protocols.json -Xcc -iquote -Xcc /Users/arturo/Library/Developer/Xcode/DerivedData/AulaCRM-bupnftqbynphepejtxbugmlyzijp/Build/Intermediates.noindex/AulaCRM.build/Debug-iphonesimulator/AulaCRM.build/AulaCRM-generated-files.hmap -Xcc -I/Users/arturo/Library/Developer/Xcode/DerivedData/AulaCRM-bupnftqbynphepejtxbugmlyzijp/Build/Intermediates.noindex/AulaCRM.build/Debug-iphonesimulator/AulaCRM.build/AulaCRM-own-target-headers.hmap -Xcc -I/Users/arturo/Library/Developer/Xcode/DerivedData/AulaCRM-bupnftqbynphepejtxbugmlyzijp/Build/Intermediates.noindex/AulaCRM.build/Debug-iphonesimulator/AulaCRM.build/AulaCRM-all-target-headers.hmap -Xcc -iquote -Xcc /Users/arturo/Library/Developer/Xcode/DerivedData/AulaCRM-bupnftqbynphepejtxbugmlyzijp/Build/Intermediates.noindex/AulaCRM.build/Debug-iphonesimulator/AulaCRM.build/AulaCRM-project-headers.hmap -Xcc -I/Users/arturo/Library/Developer/Xcode/DerivedData/AulaCRM-bupnftqbynphepejtxbugmlyzijp/Build/Products/Debug-iphonesimulator/include -Xcc -I/Users/arturo/Library/Developer/Xcode/DerivedData/AulaCRM-bupnftqbynphepejtxbugmlyzijp/Build/Intermediates.noindex/AulaCRM.build/Debug-iphonesimulator/AulaCRM.build/DerivedSources-normal/arm64 -Xcc -I/Users/arturo/Library/Developer/Xcode/DerivedData/AulaCRM-bupnftqbynphepejtxbugmlyzijp/Build/Intermediates.noindex/AulaCRM.build/Debug-iphonesimulator/AulaCRM.build/DerivedSources/arm64 -Xcc -I/Users/arturo/Library/Developer/Xcode/DerivedData/AulaCRM-bupnftqbynphepejtxbugmlyzijp/Build/Intermediates.noindex/AulaCRM.build/Debug-iphonesimulator/AulaCRM.build/DerivedSources -Xcc -DDEBUG\=1 -emit-objc-header -emit-objc-header-path /Users/arturo/Library/Developer/Xcode/DerivedData/AulaCRM-bupnftqbynphepejtxbugmlyzijp/Build/Intermediates.noindex/AulaCRM.build/Debug-iphonesimulator/AulaCRM.build/Objects-normal/arm64/AulaCRM-Swift.h -working-directory /Users/arturo/Desktop/Aula_CRM/AulaCRM -experimental-emit-module-separately -disable-cmo

Ld /Users/arturo/Library/Developer/Xcode/DerivedData/AulaCRM-bupnftqbynphepejtxbugmlyzijp/Build/Intermediates.noindex/AulaCRM.build/Debug-iphonesimulator/AulaCRM.build/Objects-normal/arm64/Binary/AulaCRM.debug.dylib normal arm64 (in target 'AulaCRM' from project 'AulaCRM')
    cd /Users/arturo/Desktop/Aula_CRM/AulaCRM
    /Applications/Xcode.app/Contents/Developer/Toolchains/XcodeDefault.xctoolchain/usr/bin/clang -Xlinker -reproducible -target arm64-apple-ios26.1-simulator -dynamiclib -isysroot /Applications/Xcode.app/Contents/Developer/Platforms/iPhoneSimulator.platform/Developer/SDKs/iPhoneSimulator26.1.sdk -O0 -L/Users/arturo/Library/Developer/Xcode/DerivedData/AulaCRM-bupnftqbynphepejtxbugmlyzijp/Build/Intermediates.noindex/EagerLinkingTBDs/Debug-iphonesimulator -L/Users/arturo/Library/Developer/Xcode/DerivedData/AulaCRM-bupnftqbynphepejtxbugmlyzijp/Build/Products/Debug-iphonesimulator -L/Users/arturo/Desktop/Aula_CRM/AulaCRM/AulaCRM/.venv/lib/python3.11/site-packages/google/_upb -L/Users/arturo/Desktop/Aula_CRM/AulaCRM/AulaCRM/.venv/lib/python3.11/site-packages/pydantic_core -L/Users/arturo/Desktop/Aula_CRM/AulaCRM/AulaCRM/.venv/lib/python3.11/site-packages/cryptography/hazmat/bindings -L/Users/arturo/Desktop/Aula_CRM/AulaCRM/AulaRAG/.venv/lib/python3.11/site-packages/cryptography/hazmat/bindings -L/Users/arturo/Desktop/Aula_CRM/AulaCRM/AulaRAG/.venv/lib/python3.11/site-packages/google/_upb -L/Users/arturo/Desktop/Aula_CRM/AulaCRM/AulaRAG/.venv/lib/python3.11/site-packages/pydantic_core -F/Users/arturo/Library/Developer/Xcode/DerivedData/AulaCRM-bupnftqbynphepejtxbugmlyzijp/Build/Intermediates.noindex/EagerLinkingTBDs/Debug-iphonesimulator -F/Users/arturo/Library/Developer/Xcode/DerivedData/AulaCRM-bupnftqbynphepejtxbugmlyzijp/Build/Products/Debug-iphonesimulator -filelist /Users/arturo/Library/Developer/Xcode/DerivedData/AulaCRM-bupnftqbynphepejtxbugmlyzijp/Build/Intermediates.noindex/AulaCRM.build/Debug-iphonesimulator/AulaCRM.build/Objects-normal/arm64/AulaCRM.LinkFileList -install_name @rpath/AulaCRM.debug.dylib -Xlinker -rpath -Xlinker @executable_path/../Frameworks -dead_strip -Xlinker -object_path_lto -Xlinker /Users/arturo/Library/Developer/Xcode/DerivedData/AulaCRM-bupnftqbynphepejtxbugmlyzijp/Build/Intermediates.noindex/AulaCRM.build/Debug-iphonesimulator/AulaCRM.build/Objects-normal/arm64/AulaCRM_lto.o -rdynamic -Xlinker -no_deduplicate -Xlinker -objc_abi_version -Xlinker 2 -Xlinker -dependency_info -Xlinker /Users/arturo/Library/Developer/Xcode/DerivedData/AulaCRM-bupnftqbynphepejtxbugmlyzijp/Build/Intermediates.noindex/AulaCRM.build/Debug-iphonesimulator/AulaCRM.build/Objects-normal/arm64/AulaCRM_dependency_info.dat -fobjc-link-runtime -L/Applications/Xcode.app/Contents/Developer/Toolchains/XcodeDefault.xctoolchain/usr/lib/swift/iphonesimulator -L/usr/lib/swift -Xlinker -add_ast_path -Xlinker /Users/arturo/Library/Developer/Xcode/DerivedData/AulaCRM-bupnftqbynphepejtxbugmlyzijp/Build/Intermediates.noindex/AulaCRM.build/Debug-iphonesimulator/AulaCRM.build/Objects-normal/arm64/AulaCRM.swiftmodule @/Users/arturo/Library/Developer/Xcode/DerivedData/AulaCRM-bupnftqbynphepejtxbugmlyzijp/Build/Intermediates.noindex/AulaCRM.build/Debug-iphonesimulator/AulaCRM.build/Objects-normal/arm64/AulaCRM-linker-args.resp -Xlinker -alias -Xlinker _main -Xlinker ___debug_main_executable_dylib_entry_point -Xlinker -no_adhoc_codesign -o /Users/arturo/Library/Developer/Xcode/DerivedData/AulaCRM-bupnftqbynphepejtxbugmlyzijp/Build/Intermediates.noindex/AulaCRM.build/Debug-iphonesimulator/AulaCRM.build/Objects-normal/arm64/Binary/AulaCRM.debug.dylib
ld: warning: search path '/Users/arturo/Desktop/Aula_CRM/AulaCRM/AulaCRM/.venv/lib/python3.11/site-packages/google/_upb' not found
ld: warning: search path '/Users/arturo/Desktop/Aula_CRM/AulaCRM/AulaCRM/.venv/lib/python3.11/site-packages/pydantic_core' not found
ld: warning: search path '/Users/arturo/Desktop/Aula_CRM/AulaCRM/AulaCRM/.venv/lib/python3.11/site-packages/cryptography/hazmat/bindings' not found
ld: warning: search path '/Users/arturo/Desktop/Aula_CRM/AulaCRM/AulaRAG/.venv/lib/python3.11/site-packages/cryptography/hazmat/bindings' not found
ld: warning: search path '/Users/arturo/Desktop/Aula_CRM/AulaCRM/AulaRAG/.venv/lib/python3.11/site-packages/google/_upb' not found
ld: warning: search path '/Users/arturo/Desktop/Aula_CRM/AulaCRM/AulaRAG/.venv/lib/python3.11/site-packages/pydantic_core' not found

ConstructStubExecutorLinkFileList /Users/arturo/Library/Developer/Xcode/DerivedData/AulaCRM-bupnftqbynphepejtxbugmlyzijp/Build/Intermediates.noindex/AulaCRM.build/Debug-iphonesimulator/AulaCRM.build/AulaCRM-ExecutorLinkFileList-normal-arm64.txt (in target 'AulaCRM' from project 'AulaCRM')
    cd /Users/arturo/Desktop/Aula_CRM/AulaCRM
    construct-stub-executor-link-file-list /Users/arturo/Library/Developer/Xcode/DerivedData/AulaCRM-bupnftqbynphepejtxbugmlyzijp/Build/Intermediates.noindex/AulaCRM.build/Debug-iphonesimulator/AulaCRM.build/Objects-normal/arm64/Binary/AulaCRM.debug.dylib /Applications/Xcode.app/Contents/Developer/Platforms/iPhoneSimulator.platform/Developer/usr/lib/libPreviewsJITStubExecutor_no_swift_entry_point.a /Applications/Xcode.app/Contents/Developer/Platforms/iPhoneSimulator.platform/Developer/usr/lib/libPreviewsJITStubExecutor.a --output /Users/arturo/Library/Developer/Xcode/DerivedData/AulaCRM-bupnftqbynphepejtxbugmlyzijp/Build/Intermediates.noindex/AulaCRM.build/Debug-iphonesimulator/AulaCRM.build/AulaCRM-ExecutorLinkFileList-normal-arm64.txt
note: Using stub executor library with Swift entry point. (in target 'AulaCRM' from project 'AulaCRM')

Ld /Users/arturo/Library/Developer/Xcode/DerivedData/AulaCRM-bupnftqbynphepejtxbugmlyzijp/Build/Intermediates.noindex/AulaCRM.build/Debug-iphonesimulator/AulaCRM.build/Objects-normal/arm64/Binary/AulaCRM normal arm64 (in target 'AulaCRM' from project 'AulaCRM')
    cd /Users/arturo/Desktop/Aula_CRM/AulaCRM
    /Applications/Xcode.app/Contents/Developer/Toolchains/XcodeDefault.xctoolchain/usr/bin/clang -Xlinker -reproducible -target arm64-apple-ios26.1-simulator -isysroot /Applications/Xcode.app/Contents/Developer/Platforms/iPhoneSimulator.platform/Developer/SDKs/iPhoneSimulator26.1.sdk -O0 -L/Users/arturo/Library/Developer/Xcode/DerivedData/AulaCRM-bupnftqbynphepejtxbugmlyzijp/Build/Products/Debug-iphonesimulator -L/Users/arturo/Desktop/Aula_CRM/AulaCRM/AulaCRM/.venv/lib/python3.11/site-packages/google/_upb -L/Users/arturo/Desktop/Aula_CRM/AulaCRM/AulaCRM/.venv/lib/python3.11/site-packages/pydantic_core -L/Users/arturo/Desktop/Aula_CRM/AulaCRM/AulaCRM/.venv/lib/python3.11/site-packages/cryptography/hazmat/bindings -L/Users/arturo/Desktop/Aula_CRM/AulaCRM/AulaRAG/.venv/lib/python3.11/site-packages/cryptography/hazmat/bindings -L/Users/arturo/Desktop/Aula_CRM/AulaCRM/AulaRAG/.venv/lib/python3.11/site-packages/google/_upb -L/Users/arturo/Desktop/Aula_CRM/AulaCRM/AulaRAG/.venv/lib/python3.11/site-packages/pydantic_core -F/Users/arturo/Library/Developer/Xcode/DerivedData/AulaCRM-bupnftqbynphepejtxbugmlyzijp/Build/Products/Debug-iphonesimulator -Xlinker -rpath -Xlinker @executable_path -Xlinker -rpath -Xlinker @executable_path/../Frameworks -rdynamic -Xlinker -no_deduplicate -Xlinker -objc_abi_version -Xlinker 2 -e ___debug_blank_executor_main -Xlinker -sectcreate -Xlinker __TEXT -Xlinker __debug_dylib -Xlinker /Users/arturo/Library/Developer/Xcode/DerivedData/AulaCRM-bupnftqbynphepejtxbugmlyzijp/Build/Intermediates.noindex/AulaCRM.build/Debug-iphonesimulator/AulaCRM.build/AulaCRM-DebugDylibPath-normal-arm64.txt -Xlinker -sectcreate -Xlinker __TEXT -Xlinker __debug_instlnm -Xlinker /Users/arturo/Library/Developer/Xcode/DerivedData/AulaCRM-bupnftqbynphepejtxbugmlyzijp/Build/Intermediates.noindex/AulaCRM.build/Debug-iphonesimulator/AulaCRM.build/AulaCRM-DebugDylibInstallName-normal-arm64.txt -Xlinker -filelist -Xlinker /Users/arturo/Library/Developer/Xcode/DerivedData/AulaCRM-bupnftqbynphepejtxbugmlyzijp/Build/Intermediates.noindex/AulaCRM.build/Debug-iphonesimulator/AulaCRM.build/AulaCRM-ExecutorLinkFileList-normal-arm64.txt -Xlinker -sectcreate -Xlinker __TEXT -Xlinker __entitlements -Xlinker /Users/arturo/Library/Developer/Xcode/DerivedData/AulaCRM-bupnftqbynphepejtxbugmlyzijp/Build/Intermediates.noindex/AulaCRM.build/Debug-iphonesimulator/AulaCRM.build/AulaCRM.app-Simulated.xcent -Xlinker -sectcreate -Xlinker __TEXT -Xlinker __ents_der -Xlinker /Users/arturo/Library/Developer/Xcode/DerivedData/AulaCRM-bupnftqbynphepejtxbugmlyzijp/Build/Intermediates.noindex/AulaCRM.build/Debug-iphonesimulator/AulaCRM.build/AulaCRM.app-Simulated.xcent.der /Users/arturo/Library/Developer/Xcode/DerivedData/AulaCRM-bupnftqbynphepejtxbugmlyzijp/Build/Intermediates.noindex/AulaCRM.build/Debug-iphonesimulator/AulaCRM.build/Objects-normal/arm64/Binary/AulaCRM.debug.dylib -Xlinker -no_adhoc_codesign -o /Users/arturo/Library/Developer/Xcode/DerivedData/AulaCRM-bupnftqbynphepejtxbugmlyzijp/Build/Intermediates.noindex/AulaCRM.build/Debug-iphonesimulator/AulaCRM.build/Objects-normal/arm64/Binary/AulaCRM
ld: warning: search path '/Users/arturo/Desktop/Aula_CRM/AulaCRM/AulaCRM/.venv/lib/python3.11/site-packages/google/_upb' not found
ld: warning: search path '/Users/arturo/Desktop/Aula_CRM/AulaCRM/AulaCRM/.venv/lib/python3.11/site-packages/pydantic_core' not found
ld: warning: search path '/Users/arturo/Desktop/Aula_CRM/AulaCRM/AulaCRM/.venv/lib/python3.11/site-packages/cryptography/hazmat/bindings' not found
ld: warning: search path '/Users/arturo/Desktop/Aula_CRM/AulaCRM/AulaRAG/.venv/lib/python3.11/site-packages/cryptography/hazmat/bindings' not found
ld: warning: search path '/Users/arturo/Desktop/Aula_CRM/AulaCRM/AulaRAG/.venv/lib/python3.11/site-packages/google/_upb' not found
ld: warning: search path '/Users/arturo/Desktop/Aula_CRM/AulaCRM/AulaRAG/.venv/lib/python3.11/site-packages/pydantic_core' not found

SwiftDriverJobDiscovery normal x86_64 Compiling FilterView.swift, MapTabView.swift, NuevaFacturaView.swift, ShareSheet.swift (in target 'AulaCRM' from project 'AulaCRM')

SwiftDriver\ Compilation AulaCRM normal x86_64 com.apple.xcode.tools.swift.compiler (in target 'AulaCRM' from project 'AulaCRM')
    cd /Users/arturo/Desktop/Aula_CRM/AulaCRM
    builtin-Swift-Compilation -- /Applications/Xcode.app/Contents/Developer/Toolchains/XcodeDefault.xctoolchain/usr/bin/swiftc -module-name AulaCRM -Onone -enforce-exclusivity\=checked @/Users/arturo/Library/Developer/Xcode/DerivedData/AulaCRM-bupnftqbynphepejtxbugmlyzijp/Build/Intermediates.noindex/AulaCRM.build/Debug-iphonesimulator/AulaCRM.build/Objects-normal/x86_64/AulaCRM.SwiftFileList -DDEBUG -default-isolation\=MainActor -enable-bare-slash-regex -enable-upcoming-feature DisableOutwardActorInference -enable-upcoming-feature InferSendableFromCaptures -enable-upcoming-feature GlobalActorIsolatedTypesUsability -enable-upcoming-feature MemberImportVisibility -enable-upcoming-feature InferIsolatedConformances -enable-upcoming-feature NonisolatedNonsendingByDefault -enable-experimental-feature DebugDescriptionMacro -sdk /Applications/Xcode.app/Contents/Developer/Platforms/iPhoneSimulator.platform/Developer/SDKs/iPhoneSimulator26.1.sdk -target x86_64-apple-ios26.1-simulator -g -module-cache-path /Users/arturo/Library/Developer/Xcode/DerivedData/ModuleCache.noindex -Xfrontend -serialize-debugging-options -enable-testing -index-store-path /Users/arturo/Library/Developer/Xcode/DerivedData/AulaCRM-bupnftqbynphepejtxbugmlyzijp/Index.noindex/DataStore -Xcc -D_LIBCPP_HARDENING_MODE\=_LIBCPP_HARDENING_MODE_DEBUG -swift-version 5 -I /Users/arturo/Library/Developer/Xcode/DerivedData/AulaCRM-bupnftqbynphepejtxbugmlyzijp/Build/Products/Debug-iphonesimulator -F /Users/arturo/Library/Developer/Xcode/DerivedData/AulaCRM-bupnftqbynphepejtxbugmlyzijp/Build/Products/Debug-iphonesimulator -emit-localized-strings -emit-localized-strings-path /Users/arturo/Library/Developer/Xcode/DerivedData/AulaCRM-bupnftqbynphepejtxbugmlyzijp/Build/Intermediates.noindex/AulaCRM.build/Debug-iphonesimulator/AulaCRM.build/Objects-normal/x86_64 -c -j10 -enable-batch-mode -incremental -Xcc -ivfsstatcache -Xcc /Users/arturo/Library/Developer/Xcode/DerivedData/SDKStatCaches.noindex/iphonesimulator26.1-23B77-90cf18a4295e390e64c810bc6bd7acbc.sdkstatcache -output-file-map /Users/arturo/Library/Developer/Xcode/DerivedData/AulaCRM-bupnftqbynphepejtxbugmlyzijp/Build/Intermediates.noindex/AulaCRM.build/Debug-iphonesimulator/AulaCRM.build/Objects-normal/x86_64/AulaCRM-OutputFileMap.json -use-frontend-parseable-output -save-temps -no-color-diagnostics -explicit-module-build -module-cache-path /Users/arturo/Library/Developer/Xcode/DerivedData/AulaCRM-bupnftqbynphepejtxbugmlyzijp/Build/Intermediates.noindex/SwiftExplicitPrecompiledModules -clang-scanner-module-cache-path /Users/arturo/Library/Developer/Xcode/DerivedData/ModuleCache.noindex -sdk-module-cache-path /Users/arturo/Library/Developer/Xcode/DerivedData/ModuleCache.noindex -serialize-diagnostics -emit-dependencies -emit-module -emit-module-path /Users/arturo/Library/Developer/Xcode/DerivedData/AulaCRM-bupnftqbynphepejtxbugmlyzijp/Build/Intermediates.noindex/AulaCRM.build/Debug-iphonesimulator/AulaCRM.build/Objects-normal/x86_64/AulaCRM.swiftmodule -validate-clang-modules-once -clang-build-session-file /Users/arturo/Library/Developer/Xcode/DerivedData/ModuleCache.noindex/Session.modulevalidation -Xcc -I/Users/arturo/Library/Developer/Xcode/DerivedData/AulaCRM-bupnftqbynphepejtxbugmlyzijp/Build/Intermediates.noindex/AulaCRM.build/Debug-iphonesimulator/AulaCRM.build/swift-overrides.hmap -emit-const-values -Xfrontend -const-gather-protocols-file -Xfrontend /Users/arturo/Library/Developer/Xcode/DerivedData/AulaCRM-bupnftqbynphepejtxbugmlyzijp/Build/Intermediates.noindex/AulaCRM.build/Debug-iphonesimulator/AulaCRM.build/Objects-normal/x86_64/AulaCRM_const_extract_protocols.json -Xcc -iquote -Xcc /Users/arturo/Library/Developer/Xcode/DerivedData/AulaCRM-bupnftqbynphepejtxbugmlyzijp/Build/Intermediates.noindex/AulaCRM.build/Debug-iphonesimulator/AulaCRM.build/AulaCRM-generated-files.hmap -Xcc -I/Users/arturo/Library/Developer/Xcode/DerivedData/AulaCRM-bupnftqbynphepejtxbugmlyzijp/Build/Intermediates.noindex/AulaCRM.build/Debug-iphonesimulator/AulaCRM.build/AulaCRM-own-target-headers.hmap -Xcc -I/Users/arturo/Library/Developer/Xcode/DerivedData/AulaCRM-bupnftqbynphepejtxbugmlyzijp/Build/Intermediates.noindex/AulaCRM.build/Debug-iphonesimulator/AulaCRM.build/AulaCRM-all-target-headers.hmap -Xcc -iquote -Xcc /Users/arturo/Library/Developer/Xcode/DerivedData/AulaCRM-bupnftqbynphepejtxbugmlyzijp/Build/Intermediates.noindex/AulaCRM.build/Debug-iphonesimulator/AulaCRM.build/AulaCRM-project-headers.hmap -Xcc -I/Users/arturo/Library/Developer/Xcode/DerivedData/AulaCRM-bupnftqbynphepejtxbugmlyzijp/Build/Products/Debug-iphonesimulator/include -Xcc -I/Users/arturo/Library/Developer/Xcode/DerivedData/AulaCRM-bupnftqbynphepejtxbugmlyzijp/Build/Intermediates.noindex/AulaCRM.build/Debug-iphonesimulator/AulaCRM.build/DerivedSources-normal/x86_64 -Xcc -I/Users/arturo/Library/Developer/Xcode/DerivedData/AulaCRM-bupnftqbynphepejtxbugmlyzijp/Build/Intermediates.noindex/AulaCRM.build/Debug-iphonesimulator/AulaCRM.build/DerivedSources/x86_64 -Xcc -I/Users/arturo/Library/Developer/Xcode/DerivedData/AulaCRM-bupnftqbynphepejtxbugmlyzijp/Build/Intermediates.noindex/AulaCRM.build/Debug-iphonesimulator/AulaCRM.build/DerivedSources -Xcc -DDEBUG\=1 -emit-objc-header -emit-objc-header-path /Users/arturo/Library/Developer/Xcode/DerivedData/AulaCRM-bupnftqbynphepejtxbugmlyzijp/Build/Intermediates.noindex/AulaCRM.build/Debug-iphonesimulator/AulaCRM.build/Objects-normal/x86_64/AulaCRM-Swift.h -working-directory /Users/arturo/Desktop/Aula_CRM/AulaCRM -experimental-emit-module-separately -disable-cmo

Ld /Users/arturo/Library/Developer/Xcode/DerivedData/AulaCRM-bupnftqbynphepejtxbugmlyzijp/Build/Intermediates.noindex/AulaCRM.build/Debug-iphonesimulator/AulaCRM.build/Objects-normal/x86_64/Binary/AulaCRM.debug.dylib normal x86_64 (in target 'AulaCRM' from project 'AulaCRM')
    cd /Users/arturo/Desktop/Aula_CRM/AulaCRM
    /Applications/Xcode.app/Contents/Developer/Toolchains/XcodeDefault.xctoolchain/usr/bin/clang -Xlinker -reproducible -target x86_64-apple-ios26.1-simulator -dynamiclib -isysroot /Applications/Xcode.app/Contents/Developer/Platforms/iPhoneSimulator.platform/Developer/SDKs/iPhoneSimulator26.1.sdk -O0 -L/Users/arturo/Library/Developer/Xcode/DerivedData/AulaCRM-bupnftqbynphepejtxbugmlyzijp/Build/Intermediates.noindex/EagerLinkingTBDs/Debug-iphonesimulator -L/Users/arturo/Library/Developer/Xcode/DerivedData/AulaCRM-bupnftqbynphepejtxbugmlyzijp/Build/Products/Debug-iphonesimulator -L/Users/arturo/Desktop/Aula_CRM/AulaCRM/AulaCRM/.venv/lib/python3.11/site-packages/google/_upb -L/Users/arturo/Desktop/Aula_CRM/AulaCRM/AulaCRM/.venv/lib/python3.11/site-packages/pydantic_core -L/Users/arturo/Desktop/Aula_CRM/AulaCRM/AulaCRM/.venv/lib/python3.11/site-packages/cryptography/hazmat/bindings -L/Users/arturo/Desktop/Aula_CRM/AulaCRM/AulaRAG/.venv/lib/python3.11/site-packages/cryptography/hazmat/bindings -L/Users/arturo/Desktop/Aula_CRM/AulaCRM/AulaRAG/.venv/lib/python3.11/site-packages/google/_upb -L/Users/arturo/Desktop/Aula_CRM/AulaCRM/AulaRAG/.venv/lib/python3.11/site-packages/pydantic_core -F/Users/arturo/Library/Developer/Xcode/DerivedData/AulaCRM-bupnftqbynphepejtxbugmlyzijp/Build/Intermediates.noindex/EagerLinkingTBDs/Debug-iphonesimulator -F/Users/arturo/Library/Developer/Xcode/DerivedData/AulaCRM-bupnftqbynphepejtxbugmlyzijp/Build/Products/Debug-iphonesimulator -filelist /Users/arturo/Library/Developer/Xcode/DerivedData/AulaCRM-bupnftqbynphepejtxbugmlyzijp/Build/Intermediates.noindex/AulaCRM.build/Debug-iphonesimulator/AulaCRM.build/Objects-normal/x86_64/AulaCRM.LinkFileList -install_name @rpath/AulaCRM.debug.dylib -Xlinker -rpath -Xlinker @executable_path/../Frameworks -dead_strip -Xlinker -object_path_lto -Xlinker /Users/arturo/Library/Developer/Xcode/DerivedData/AulaCRM-bupnftqbynphepejtxbugmlyzijp/Build/Intermediates.noindex/AulaCRM.build/Debug-iphonesimulator/AulaCRM.build/Objects-normal/x86_64/AulaCRM_lto.o -rdynamic -Xlinker -no_deduplicate -Xlinker -objc_abi_version -Xlinker 2 -Xlinker -dependency_info -Xlinker /Users/arturo/Library/Developer/Xcode/DerivedData/AulaCRM-bupnftqbynphepejtxbugmlyzijp/Build/Intermediates.noindex/AulaCRM.build/Debug-iphonesimulator/AulaCRM.build/Objects-normal/x86_64/AulaCRM_dependency_info.dat -fobjc-link-runtime -L/Applications/Xcode.app/Contents/Developer/Toolchains/XcodeDefault.xctoolchain/usr/lib/swift/iphonesimulator -L/usr/lib/swift -Xlinker -add_ast_path -Xlinker /Users/arturo/Library/Developer/Xcode/DerivedData/AulaCRM-bupnftqbynphepejtxbugmlyzijp/Build/Intermediates.noindex/AulaCRM.build/Debug-iphonesimulator/AulaCRM.build/Objects-normal/x86_64/AulaCRM.swiftmodule @/Users/arturo/Library/Developer/Xcode/DerivedData/AulaCRM-bupnftqbynphepejtxbugmlyzijp/Build/Intermediates.noindex/AulaCRM.build/Debug-iphonesimulator/AulaCRM.build/Objects-normal/x86_64/AulaCRM-linker-args.resp -Xlinker -alias -Xlinker _main -Xlinker ___debug_main_executable_dylib_entry_point -Xlinker -no_adhoc_codesign -o /Users/arturo/Library/Developer/Xcode/DerivedData/AulaCRM-bupnftqbynphepejtxbugmlyzijp/Build/Intermediates.noindex/AulaCRM.build/Debug-iphonesimulator/AulaCRM.build/Objects-normal/x86_64/Binary/AulaCRM.debug.dylib
ld: warning: search path '/Users/arturo/Desktop/Aula_CRM/AulaCRM/AulaCRM/.venv/lib/python3.11/site-packages/google/_upb' not found
ld: warning: search path '/Users/arturo/Desktop/Aula_CRM/AulaCRM/AulaCRM/.venv/lib/python3.11/site-packages/pydantic_core' not found
ld: warning: search path '/Users/arturo/Desktop/Aula_CRM/AulaCRM/AulaCRM/.venv/lib/python3.11/site-packages/cryptography/hazmat/bindings' not found
ld: warning: search path '/Users/arturo/Desktop/Aula_CRM/AulaCRM/AulaRAG/.venv/lib/python3.11/site-packages/cryptography/hazmat/bindings' not found
ld: warning: search path '/Users/arturo/Desktop/Aula_CRM/AulaCRM/AulaRAG/.venv/lib/python3.11/site-packages/google/_upb' not found
ld: warning: search path '/Users/arturo/Desktop/Aula_CRM/AulaCRM/AulaRAG/.venv/lib/python3.11/site-packages/pydantic_core' not found

ConstructStubExecutorLinkFileList /Users/arturo/Library/Developer/Xcode/DerivedData/AulaCRM-bupnftqbynphepejtxbugmlyzijp/Build/Intermediates.noindex/AulaCRM.build/Debug-iphonesimulator/AulaCRM.build/AulaCRM-ExecutorLinkFileList-normal-x86_64.txt (in target 'AulaCRM' from project 'AulaCRM')
    cd /Users/arturo/Desktop/Aula_CRM/AulaCRM
    construct-stub-executor-link-file-list /Users/arturo/Library/Developer/Xcode/DerivedData/AulaCRM-bupnftqbynphepejtxbugmlyzijp/Build/Intermediates.noindex/AulaCRM.build/Debug-iphonesimulator/AulaCRM.build/Objects-normal/x86_64/Binary/AulaCRM.debug.dylib /Applications/Xcode.app/Contents/Developer/Platforms/iPhoneSimulator.platform/Developer/usr/lib/libPreviewsJITStubExecutor_no_swift_entry_point.a /Applications/Xcode.app/Contents/Developer/Platforms/iPhoneSimulator.platform/Developer/usr/lib/libPreviewsJITStubExecutor.a --output /Users/arturo/Library/Developer/Xcode/DerivedData/AulaCRM-bupnftqbynphepejtxbugmlyzijp/Build/Intermediates.noindex/AulaCRM.build/Debug-iphonesimulator/AulaCRM.build/AulaCRM-ExecutorLinkFileList-normal-x86_64.txt
note: Using stub executor library with Swift entry point. (in target 'AulaCRM' from project 'AulaCRM')

CreateUniversalBinary /Users/arturo/Library/Developer/Xcode/DerivedData/AulaCRM-bupnftqbynphepejtxbugmlyzijp/Build/Products/Debug-iphonesimulator/AulaCRM.app/AulaCRM.debug.dylib normal arm64\ x86_64 (in target 'AulaCRM' from project 'AulaCRM')
    cd /Users/arturo/Desktop/Aula_CRM/AulaCRM
    /Applications/Xcode.app/Contents/Developer/Toolchains/XcodeDefault.xctoolchain/usr/bin/lipo -create /Users/arturo/Library/Developer/Xcode/DerivedData/AulaCRM-bupnftqbynphepejtxbugmlyzijp/Build/Intermediates.noindex/AulaCRM.build/Debug-iphonesimulator/AulaCRM.build/Objects-normal/arm64/Binary/AulaCRM.debug.dylib /Users/arturo/Library/Developer/Xcode/DerivedData/AulaCRM-bupnftqbynphepejtxbugmlyzijp/Build/Intermediates.noindex/AulaCRM.build/Debug-iphonesimulator/AulaCRM.build/Objects-normal/x86_64/Binary/AulaCRM.debug.dylib -output /Users/arturo/Library/Developer/Xcode/DerivedData/AulaCRM-bupnftqbynphepejtxbugmlyzijp/Build/Products/Debug-iphonesimulator/AulaCRM.app/AulaCRM.debug.dylib

Ld /Users/arturo/Library/Developer/Xcode/DerivedData/AulaCRM-bupnftqbynphepejtxbugmlyzijp/Build/Intermediates.noindex/AulaCRM.build/Debug-iphonesimulator/AulaCRM.build/Objects-normal/x86_64/Binary/AulaCRM normal x86_64 (in target 'AulaCRM' from project 'AulaCRM')
    cd /Users/arturo/Desktop/Aula_CRM/AulaCRM
    /Applications/Xcode.app/Contents/Developer/Toolchains/XcodeDefault.xctoolchain/usr/bin/clang -Xlinker -reproducible -target x86_64-apple-ios26.1-simulator -isysroot /Applications/Xcode.app/Contents/Developer/Platforms/iPhoneSimulator.platform/Developer/SDKs/iPhoneSimulator26.1.sdk -O0 -L/Users/arturo/Library/Developer/Xcode/DerivedData/AulaCRM-bupnftqbynphepejtxbugmlyzijp/Build/Products/Debug-iphonesimulator -L/Users/arturo/Desktop/Aula_CRM/AulaCRM/AulaCRM/.venv/lib/python3.11/site-packages/google/_upb -L/Users/arturo/Desktop/Aula_CRM/AulaCRM/AulaCRM/.venv/lib/python3.11/site-packages/pydantic_core -L/Users/arturo/Desktop/Aula_CRM/AulaCRM/AulaCRM/.venv/lib/python3.11/site-packages/cryptography/hazmat/bindings -L/Users/arturo/Desktop/Aula_CRM/AulaCRM/AulaRAG/.venv/lib/python3.11/site-packages/cryptography/hazmat/bindings -L/Users/arturo/Desktop/Aula_CRM/AulaCRM/AulaRAG/.venv/lib/python3.11/site-packages/google/_upb -L/Users/arturo/Desktop/Aula_CRM/AulaCRM/AulaRAG/.venv/lib/python3.11/site-packages/pydantic_core -F/Users/arturo/Library/Developer/Xcode/DerivedData/AulaCRM-bupnftqbynphepejtxbugmlyzijp/Build/Products/Debug-iphonesimulator -Xlinker -rpath -Xlinker @executable_path -Xlinker -rpath -Xlinker @executable_path/../Frameworks -rdynamic -Xlinker -no_deduplicate -Xlinker -objc_abi_version -Xlinker 2 -e ___debug_blank_executor_main -Xlinker -sectcreate -Xlinker __TEXT -Xlinker __debug_dylib -Xlinker /Users/arturo/Library/Developer/Xcode/DerivedData/AulaCRM-bupnftqbynphepejtxbugmlyzijp/Build/Intermediates.noindex/AulaCRM.build/Debug-iphonesimulator/AulaCRM.build/AulaCRM-DebugDylibPath-normal-x86_64.txt -Xlinker -sectcreate -Xlinker __TEXT -Xlinker __debug_instlnm -Xlinker /Users/arturo/Library/Developer/Xcode/DerivedData/AulaCRM-bupnftqbynphepejtxbugmlyzijp/Build/Intermediates.noindex/AulaCRM.build/Debug-iphonesimulator/AulaCRM.build/AulaCRM-DebugDylibInstallName-normal-x86_64.txt -Xlinker -filelist -Xlinker /Users/arturo/Library/Developer/Xcode/DerivedData/AulaCRM-bupnftqbynphepejtxbugmlyzijp/Build/Intermediates.noindex/AulaCRM.build/Debug-iphonesimulator/AulaCRM.build/AulaCRM-ExecutorLinkFileList-normal-x86_64.txt -Xlinker -sectcreate -Xlinker __TEXT -Xlinker __entitlements -Xlinker /Users/arturo/Library/Developer/Xcode/DerivedData/AulaCRM-bupnftqbynphepejtxbugmlyzijp/Build/Intermediates.noindex/AulaCRM.build/Debug-iphonesimulator/AulaCRM.build/AulaCRM.app-Simulated.xcent -Xlinker -sectcreate -Xlinker __TEXT -Xlinker __ents_der -Xlinker /Users/arturo/Library/Developer/Xcode/DerivedData/AulaCRM-bupnftqbynphepejtxbugmlyzijp/Build/Intermediates.noindex/AulaCRM.build/Debug-iphonesimulator/AulaCRM.build/AulaCRM.app-Simulated.xcent.der /Users/arturo/Library/Developer/Xcode/DerivedData/AulaCRM-bupnftqbynphepejtxbugmlyzijp/Build/Intermediates.noindex/AulaCRM.build/Debug-iphonesimulator/AulaCRM.build/Objects-normal/x86_64/Binary/AulaCRM.debug.dylib -Xlinker -no_adhoc_codesign -o /Users/arturo/Library/Developer/Xcode/DerivedData/AulaCRM-bupnftqbynphepejtxbugmlyzijp/Build/Intermediates.noindex/AulaCRM.build/Debug-iphonesimulator/AulaCRM.build/Objects-normal/x86_64/Binary/AulaCRM
ld: warning: search path '/Users/arturo/Desktop/Aula_CRM/AulaCRM/AulaCRM/.venv/lib/python3.11/site-packages/google/_upb' not found
ld: warning: search path '/Users/arturo/Desktop/Aula_CRM/AulaCRM/AulaCRM/.venv/lib/python3.11/site-packages/pydantic_core' not found
ld: warning: search path '/Users/arturo/Desktop/Aula_CRM/AulaCRM/AulaCRM/.venv/lib/python3.11/site-packages/cryptography/hazmat/bindings' not found
ld: warning: search path '/Users/arturo/Desktop/Aula_CRM/AulaCRM/AulaRAG/.venv/lib/python3.11/site-packages/cryptography/hazmat/bindings' not found
ld: warning: search path '/Users/arturo/Desktop/Aula_CRM/AulaCRM/AulaRAG/.venv/lib/python3.11/site-packages/google/_upb' not found
ld: warning: search path '/Users/arturo/Desktop/Aula_CRM/AulaCRM/AulaRAG/.venv/lib/python3.11/site-packages/pydantic_core' not found

CreateUniversalBinary /Users/arturo/Library/Developer/Xcode/DerivedData/AulaCRM-bupnftqbynphepejtxbugmlyzijp/Build/Products/Debug-iphonesimulator/AulaCRM.app/AulaCRM normal arm64\ x86_64 (in target 'AulaCRM' from project 'AulaCRM')
    cd /Users/arturo/Desktop/Aula_CRM/AulaCRM
    /Applications/Xcode.app/Contents/Developer/Toolchains/XcodeDefault.xctoolchain/usr/bin/lipo -create /Users/arturo/Library/Developer/Xcode/DerivedData/AulaCRM-bupnftqbynphepejtxbugmlyzijp/Build/Intermediates.noindex/AulaCRM.build/Debug-iphonesimulator/AulaCRM.build/Objects-normal/arm64/Binary/AulaCRM /Users/arturo/Library/Developer/Xcode/DerivedData/AulaCRM-bupnftqbynphepejtxbugmlyzijp/Build/Intermediates.noindex/AulaCRM.build/Debug-iphonesimulator/AulaCRM.build/Objects-normal/x86_64/Binary/AulaCRM -output /Users/arturo/Library/Developer/Xcode/DerivedData/AulaCRM-bupnftqbynphepejtxbugmlyzijp/Build/Products/Debug-iphonesimulator/AulaCRM.app/AulaCRM

CopySwiftLibs /Users/arturo/Library/Developer/Xcode/DerivedData/AulaCRM-bupnftqbynphepejtxbugmlyzijp/Build/Products/Debug-iphonesimulator/AulaCRM.app (in target 'AulaCRM' from project 'AulaCRM')
    cd /Users/arturo/Desktop/Aula_CRM/AulaCRM
    builtin-swiftStdLibTool --copy --verbose --sign - --scan-executable /Users/arturo/Library/Developer/Xcode/DerivedData/AulaCRM-bupnftqbynphepejtxbugmlyzijp/Build/Products/Debug-iphonesimulator/AulaCRM.app/AulaCRM.debug.dylib --scan-folder /Users/arturo/Library/Developer/Xcode/DerivedData/AulaCRM-bupnftqbynphepejtxbugmlyzijp/Build/Products/Debug-iphonesimulator/AulaCRM.app/Frameworks --scan-folder /Users/arturo/Library/Developer/Xcode/DerivedData/AulaCRM-bupnftqbynphepejtxbugmlyzijp/Build/Products/Debug-iphonesimulator/AulaCRM.app/PlugIns --scan-folder /Users/arturo/Library/Developer/Xcode/DerivedData/AulaCRM-bupnftqbynphepejtxbugmlyzijp/Build/Products/Debug-iphonesimulator/AulaCRM.app/SystemExtensions --scan-folder /Users/arturo/Library/Developer/Xcode/DerivedData/AulaCRM-bupnftqbynphepejtxbugmlyzijp/Build/Products/Debug-iphonesimulator/AulaCRM.app/Extensions --platform iphonesimulator --toolchain /Applications/Xcode.app/Contents/Developer/Toolchains/XcodeDefault.xctoolchain --destination /Users/arturo/Library/Developer/Xcode/DerivedData/AulaCRM-bupnftqbynphepejtxbugmlyzijp/Build/Products/Debug-iphonesimulator/AulaCRM.app/Frameworks --strip-bitcode --strip-bitcode-tool /Applications/Xcode.app/Contents/Developer/Toolchains/XcodeDefault.xctoolchain/usr/bin/bitcode_strip --emit-dependency-info /Users/arturo/Library/Developer/Xcode/DerivedData/AulaCRM-bupnftqbynphepejtxbugmlyzijp/Build/Intermediates.noindex/AulaCRM.build/Debug-iphonesimulator/AulaCRM.build/SwiftStdLibToolInputDependencies.dep --filter-for-swift-os

ExtractAppIntentsMetadata (in target 'AulaCRM' from project 'AulaCRM')
    cd /Users/arturo/Desktop/Aula_CRM/AulaCRM
    /Applications/Xcode.app/Contents/Developer/Toolchains/XcodeDefault.xctoolchain/usr/bin/appintentsmetadataprocessor --toolchain-dir /Applications/Xcode.app/Contents/Developer/Toolchains/XcodeDefault.xctoolchain --module-name AulaCRM --sdk-root /Applications/Xcode.app/Contents/Developer/Platforms/iPhoneSimulator.platform/Developer/SDKs/iPhoneSimulator26.1.sdk --xcode-version 17B100 --platform-family iOS --deployment-target 26.1 --bundle-identifier itbook.AulaCRM.pro --output /Users/arturo/Library/Developer/Xcode/DerivedData/AulaCRM-bupnftqbynphepejtxbugmlyzijp/Build/Products/Debug-iphonesimulator/AulaCRM.app --target-triple arm64-apple-ios26.1-simulator --target-triple x86_64-apple-ios26.1-simulator --binary-file /Users/arturo/Library/Developer/Xcode/DerivedData/AulaCRM-bupnftqbynphepejtxbugmlyzijp/Build/Products/Debug-iphonesimulator/AulaCRM.app/AulaCRM --dependency-file /Users/arturo/Library/Developer/Xcode/DerivedData/AulaCRM-bupnftqbynphepejtxbugmlyzijp/Build/Intermediates.noindex/AulaCRM.build/Debug-iphonesimulator/AulaCRM.build/Objects-normal/arm64/AulaCRM_dependency_info.dat --dependency-file /Users/arturo/Library/Developer/Xcode/DerivedData/AulaCRM-bupnftqbynphepejtxbugmlyzijp/Build/Intermediates.noindex/AulaCRM.build/Debug-iphonesimulator/AulaCRM.build/Objects-normal/x86_64/AulaCRM_dependency_info.dat --stringsdata-file /Users/arturo/Library/Developer/Xcode/DerivedData/AulaCRM-bupnftqbynphepejtxbugmlyzijp/Build/Intermediates.noindex/AulaCRM.build/Debug-iphonesimulator/AulaCRM.build/Objects-normal/arm64/ExtractedAppShortcutsMetadata.stringsdata --stringsdata-file /Users/arturo/Library/Developer/Xcode/DerivedData/AulaCRM-bupnftqbynphepejtxbugmlyzijp/Build/Intermediates.noindex/AulaCRM.build/Debug-iphonesimulator/AulaCRM.build/Objects-normal/x86_64/ExtractedAppShortcutsMetadata.stringsdata --source-file-list /Users/arturo/Library/Developer/Xcode/DerivedData/AulaCRM-bupnftqbynphepejtxbugmlyzijp/Build/Intermediates.noindex/AulaCRM.build/Debug-iphonesimulator/AulaCRM.build/Objects-normal/arm64/AulaCRM.SwiftFileList --source-file-list /Users/arturo/Library/Developer/Xcode/DerivedData/AulaCRM-bupnftqbynphepejtxbugmlyzijp/Build/Intermediates.noindex/AulaCRM.build/Debug-iphonesimulator/AulaCRM.build/Objects-normal/x86_64/AulaCRM.SwiftFileList --metadata-file-list /Users/arturo/Library/Developer/Xcode/DerivedData/AulaCRM-bupnftqbynphepejtxbugmlyzijp/Build/Intermediates.noindex/AulaCRM.build/Debug-iphonesimulator/AulaCRM.build/AulaCRM.DependencyMetadataFileList --static-metadata-file-list /Users/arturo/Library/Developer/Xcode/DerivedData/AulaCRM-bupnftqbynphepejtxbugmlyzijp/Build/Intermediates.noindex/AulaCRM.build/Debug-iphonesimulator/AulaCRM.build/AulaCRM.DependencyStaticMetadataFileList --swift-const-vals-list /Users/arturo/Library/Developer/Xcode/DerivedData/AulaCRM-bupnftqbynphepejtxbugmlyzijp/Build/Intermediates.noindex/AulaCRM.build/Debug-iphonesimulator/AulaCRM.build/Objects-normal/arm64/AulaCRM.SwiftConstValuesFileList --swift-const-vals-list /Users/arturo/Library/Developer/Xcode/DerivedData/AulaCRM-bupnftqbynphepejtxbugmlyzijp/Build/Intermediates.noindex/AulaCRM.build/Debug-iphonesimulator/AulaCRM.build/Objects-normal/x86_64/AulaCRM.SwiftConstValuesFileList --compile-time-extraction --deployment-aware-processing --validate-assistant-intents --no-app-shortcuts-localization
2026-05-05 20:54:27.492 appintentsmetadataprocessor[42780:24110107] Starting appintentsmetadataprocessor export
2026-05-05 20:54:27.494 appintentsmetadataprocessor[42780:24110107] warning: Metadata extraction skipped. No AppIntents.framework dependency found.

AppIntentsSSUTraining (in target 'AulaCRM' from project 'AulaCRM')
    cd /Users/arturo/Desktop/Aula_CRM/AulaCRM
    /Applications/Xcode.app/Contents/Developer/Toolchains/XcodeDefault.xctoolchain/usr/bin/appintentsnltrainingprocessor --infoplist-path /Users/arturo/Library/Developer/Xcode/DerivedData/AulaCRM-bupnftqbynphepejtxbugmlyzijp/Build/Products/Debug-iphonesimulator/AulaCRM.app/Info.plist --temp-dir-path /Users/arturo/Library/Developer/Xcode/DerivedData/AulaCRM-bupnftqbynphepejtxbugmlyzijp/Build/Intermediates.noindex/AulaCRM.build/Debug-iphonesimulator/AulaCRM.build/ssu --bundle-id itbook.AulaCRM.pro --product-path /Users/arturo/Library/Developer/Xcode/DerivedData/AulaCRM-bupnftqbynphepejtxbugmlyzijp/Build/Products/Debug-iphonesimulator/AulaCRM.app --extracted-metadata-path /Users/arturo/Library/Developer/Xcode/DerivedData/AulaCRM-bupnftqbynphepejtxbugmlyzijp/Build/Products/Debug-iphonesimulator/AulaCRM.app/Metadata.appintents --metadata-file-list /Users/arturo/Library/Developer/Xcode/DerivedData/AulaCRM-bupnftqbynphepejtxbugmlyzijp/Build/Intermediates.noindex/AulaCRM.build/Debug-iphonesimulator/AulaCRM.build/AulaCRM.DependencyMetadataFileList --archive-ssu-assets
2026-05-05 20:54:27.515 appintentsnltrainingprocessor[42781:24110108] Parsing options for appintentsnltrainingprocessor
2026-05-05 20:54:27.516 appintentsnltrainingprocessor[42781:24110108] No AppShortcuts found - Skipping.

CodeSign /Users/arturo/Library/Developer/Xcode/DerivedData/AulaCRM-bupnftqbynphepejtxbugmlyzijp/Build/Products/Debug-iphonesimulator/AulaCRM.app/AulaCRM.debug.dylib (in target 'AulaCRM' from project 'AulaCRM')
    cd /Users/arturo/Desktop/Aula_CRM/AulaCRM
    
    Signing Identity:     "Sign to Run Locally"
    
    /usr/bin/codesign --force --sign - --timestamp\=none --generate-entitlement-der /Users/arturo/Library/Developer/Xcode/DerivedData/AulaCRM-bupnftqbynphepejtxbugmlyzijp/Build/Products/Debug-iphonesimulator/AulaCRM.app/AulaCRM.debug.dylib

CodeSign /Users/arturo/Library/Developer/Xcode/DerivedData/AulaCRM-bupnftqbynphepejtxbugmlyzijp/Build/Products/Debug-iphonesimulator/AulaCRM.app/__preview.dylib (in target 'AulaCRM' from project 'AulaCRM')
    cd /Users/arturo/Desktop/Aula_CRM/AulaCRM
    
    Signing Identity:     "Sign to Run Locally"
    
    /usr/bin/codesign --force --sign - --timestamp\=none --generate-entitlement-der /Users/arturo/Library/Developer/Xcode/DerivedData/AulaCRM-bupnftqbynphepejtxbugmlyzijp/Build/Products/Debug-iphonesimulator/AulaCRM.app/__preview.dylib

CodeSign /Users/arturo/Library/Developer/Xcode/DerivedData/AulaCRM-bupnftqbynphepejtxbugmlyzijp/Build/Products/Debug-iphonesimulator/AulaCRM.app (in target 'AulaCRM' from project 'AulaCRM')
    cd /Users/arturo/Desktop/Aula_CRM/AulaCRM
    
    Signing Identity:     "Sign to Run Locally"
    
    /usr/bin/codesign --force --sign - --entitlements /Users/arturo/Library/Developer/Xcode/DerivedData/AulaCRM-bupnftqbynphepejtxbugmlyzijp/Build/Intermediates.noindex/AulaCRM.build/Debug-iphonesimulator/AulaCRM.build/AulaCRM.app.xcent --timestamp\=none --generate-entitlement-der /Users/arturo/Library/Developer/Xcode/DerivedData/AulaCRM-bupnftqbynphepejtxbugmlyzijp/Build/Products/Debug-iphonesimulator/AulaCRM.app

RegisterExecutionPolicyException /Users/arturo/Library/Developer/Xcode/DerivedData/AulaCRM-bupnftqbynphepejtxbugmlyzijp/Build/Products/Debug-iphonesimulator/AulaCRM.app (in target 'AulaCRM' from project 'AulaCRM')
    cd /Users/arturo/Desktop/Aula_CRM/AulaCRM
    builtin-RegisterExecutionPolicyException /Users/arturo/Library/Developer/Xcode/DerivedData/AulaCRM-bupnftqbynphepejtxbugmlyzijp/Build/Products/Debug-iphonesimulator/AulaCRM.app

Validate /Users/arturo/Library/Developer/Xcode/DerivedData/AulaCRM-bupnftqbynphepejtxbugmlyzijp/Build/Products/Debug-iphonesimulator/AulaCRM.app (in target 'AulaCRM' from project 'AulaCRM')
    cd /Users/arturo/Desktop/Aula_CRM/AulaCRM
    builtin-validationUtility /Users/arturo/Library/Developer/Xcode/DerivedData/AulaCRM-bupnftqbynphepejtxbugmlyzijp/Build/Products/Debug-iphonesimulator/AulaCRM.app -shallow-bundle -infoplist-subpath Info.plist

Touch /Users/arturo/Library/Developer/Xcode/DerivedData/AulaCRM-bupnftqbynphepejtxbugmlyzijp/Build/Products/Debug-iphonesimulator/AulaCRM.app (in target 'AulaCRM' from project 'AulaCRM')
    cd /Users/arturo/Desktop/Aula_CRM/AulaCRM
    /usr/bin/touch -c /Users/arturo/Library/Developer/Xcode/DerivedData/AulaCRM-bupnftqbynphepejtxbugmlyzijp/Build/Products/Debug-iphonesimulator/AulaCRM.app

** BUILD SUCCEEDED **

